Archive member included because of file (symbol)

C:\projects\house\Sensor\Arduino_Core\libAtMega328_core.a(WInterrupts.c.o)
                              thermostat.o (attachInterrupt)
C:\projects\house\Sensor\Arduino_Core\libAtMega328_core.a(wiring.c.o)
                              common/XBee.o (millis)
C:\projects\house\Sensor\Arduino_Core\libAtMega328_core.a(wiring_analog.c.o)
                              thermostat.o (analogReference)
C:\projects\house\Sensor\Arduino_Core\libAtMega328_core.a(wiring_digital.c.o)
                              Lcd.o (pinMode)
C:\projects\house\Sensor\Arduino_Core\libAtMega328_core.a(HardwareSerial.cpp.o)
                              common/XBee.o (Serial)
C:\projects\house\Sensor\Arduino_Core\libAtMega328_core.a(main.cpp.o)
                              c:/program files (x86)/atmel/atmel toolchain/avr8 gcc/native/3.4.1056/avr8-gnu-toolchain/bin/../lib/gcc/avr/4.8.1/../../../../avr/lib/avr5/crtm328p.o (main)
C:\projects\house\Sensor\Arduino_Core\libAtMega328_core.a(new.cpp.o)
                              Arduino_Core/Wire.o (__cxa_pure_virtual)
C:\projects\house\Sensor\Arduino_Core\libAtMega328_core.a(Print.cpp.o)
                              Arduino_Core/Wire.o (_ZN5Print5writeEPKhj)
C:\projects\house\Sensor\Arduino_Core\libAtMega328_core.a(WString.cpp.o)
                              C:\projects\house\Sensor\Arduino_Core\libAtMega328_core.a(Print.cpp.o) (_ZNK6StringixEj)
c:/program files (x86)/atmel/atmel toolchain/avr8 gcc/native/3.4.1056/avr8-gnu-toolchain/bin/../lib/gcc/avr/4.8.1/../../../../avr/lib/avr5\libm.a(addsf3.o)
                              common/SHT2x.o (__subsf3)
c:/program files (x86)/atmel/atmel toolchain/avr8 gcc/native/3.4.1056/avr8-gnu-toolchain/bin/../lib/gcc/avr/4.8.1/../../../../avr/lib/avr5\libm.a(addsf3x.o)
                              c:/program files (x86)/atmel/atmel toolchain/avr8 gcc/native/3.4.1056/avr8-gnu-toolchain/bin/../lib/gcc/avr/4.8.1/../../../../avr/lib/avr5\libm.a(addsf3.o) (__addsf3x)
c:/program files (x86)/atmel/atmel toolchain/avr8 gcc/native/3.4.1056/avr8-gnu-toolchain/bin/../lib/gcc/avr/4.8.1/../../../../avr/lib/avr5\libm.a(cmpsf2.o)
                              thermostat.o (__ltsf2)
c:/program files (x86)/atmel/atmel toolchain/avr8 gcc/native/3.4.1056/avr8-gnu-toolchain/bin/../lib/gcc/avr/4.8.1/../../../../avr/lib/avr5\libm.a(divsf3.o)
                              thermostat.o (__divsf3)
c:/program files (x86)/atmel/atmel toolchain/avr8 gcc/native/3.4.1056/avr8-gnu-toolchain/bin/../lib/gcc/avr/4.8.1/../../../../avr/lib/avr5\libm.a(divsf3x.o)
                              c:/program files (x86)/atmel/atmel toolchain/avr8 gcc/native/3.4.1056/avr8-gnu-toolchain/bin/../lib/gcc/avr/4.8.1/../../../../avr/lib/avr5\libm.a(divsf3.o) (__divsf3x)
c:/program files (x86)/atmel/atmel toolchain/avr8 gcc/native/3.4.1056/avr8-gnu-toolchain/bin/../lib/gcc/avr/4.8.1/../../../../avr/lib/avr5\libm.a(fixsfsi.o)
                              thermostat.o (__fixsfsi)
c:/program files (x86)/atmel/atmel toolchain/avr8 gcc/native/3.4.1056/avr8-gnu-toolchain/bin/../lib/gcc/avr/4.8.1/../../../../avr/lib/avr5\libm.a(fixunssfsi.o)
                              C:\projects\house\Sensor\Arduino_Core\libAtMega328_core.a(Print.cpp.o) (__fixunssfsi)
c:/program files (x86)/atmel/atmel toolchain/avr8 gcc/native/3.4.1056/avr8-gnu-toolchain/bin/../lib/gcc/avr/4.8.1/../../../../avr/lib/avr5\libm.a(floatsisf.o)
                              common/SHT2x.o (__floatunsisf)
c:/program files (x86)/atmel/atmel toolchain/avr8 gcc/native/3.4.1056/avr8-gnu-toolchain/bin/../lib/gcc/avr/4.8.1/../../../../avr/lib/avr5\libm.a(fp_cmp.o)
                              c:/program files (x86)/atmel/atmel toolchain/avr8 gcc/native/3.4.1056/avr8-gnu-toolchain/bin/../lib/gcc/avr/4.8.1/../../../../avr/lib/avr5\libm.a(cmpsf2.o) (__fp_cmp)
c:/program files (x86)/atmel/atmel toolchain/avr8 gcc/native/3.4.1056/avr8-gnu-toolchain/bin/../lib/gcc/avr/4.8.1/../../../../avr/lib/avr5\libm.a(fp_inf.o)
                              c:/program files (x86)/atmel/atmel toolchain/avr8 gcc/native/3.4.1056/avr8-gnu-toolchain/bin/../lib/gcc/avr/4.8.1/../../../../avr/lib/avr5\libm.a(addsf3x.o) (__fp_inf)
c:/program files (x86)/atmel/atmel toolchain/avr8 gcc/native/3.4.1056/avr8-gnu-toolchain/bin/../lib/gcc/avr/4.8.1/../../../../avr/lib/avr5\libm.a(fp_nan.o)
                              c:/program files (x86)/atmel/atmel toolchain/avr8 gcc/native/3.4.1056/avr8-gnu-toolchain/bin/../lib/gcc/avr/4.8.1/../../../../avr/lib/avr5\libm.a(addsf3x.o) (__fp_nan)
c:/program files (x86)/atmel/atmel toolchain/avr8 gcc/native/3.4.1056/avr8-gnu-toolchain/bin/../lib/gcc/avr/4.8.1/../../../../avr/lib/avr5\libm.a(fp_pscA.o)
                              c:/program files (x86)/atmel/atmel toolchain/avr8 gcc/native/3.4.1056/avr8-gnu-toolchain/bin/../lib/gcc/avr/4.8.1/../../../../avr/lib/avr5\libm.a(addsf3x.o) (__fp_pscA)
[...]
Memory Configuration

Name             Origin             Length             Attributes
text             0x00000000         0x00020000         xr
data             0x00800060         0x0000ffa0         rw !x
eeprom           0x00810000         0x00010000         rw !x
fuse             0x00820000         0x00000400         rw !x
lock             0x00830000         0x00000400         rw !x
signature        0x00840000         0x00000400         rw !x
user_signatures  0x00850000         0x00000400         rw !x
*default*        0x00000000         0xffffffff

Linker script and memory map

Address of section .data set to 0x800100
LOAD c:/program files (x86)/atmel/atmel toolchain/avr8 gcc/native/3.4.1056/avr8-gnu-toolchain/bin/../lib/gcc/avr/4.8.1/../../../../avr/lib/avr5/crtm328p.o
LOAD Arduino_Core/EEPROM.o
LOAD Arduino_Core/twi.o
LOAD Arduino_Core/Wire.o
LOAD common/SensorUtils.o
LOAD common/SHT2x.o
LOAD common/XBee.o
LOAD Lcd.o
LOAD thermostat.o
START GROUP
LOAD C:\projects\house\Sensor\Arduino_Core\libAtMega328_core.a
LOAD c:/program files (x86)/atmel/atmel toolchain/avr8 gcc/native/3.4.1056/avr8-gnu-toolchain/bin/../lib/gcc/avr/4.8.1/../../../../avr/lib/avr5\libm.a
END GROUP
LOAD c:/program files (x86)/atmel/atmel toolchain/avr8 gcc/native/3.4.1056/avr8-gnu-toolchain/bin/../lib/gcc/avr/4.8.1/avr5\libgcc.a
LOAD c:/program files (x86)/atmel/atmel toolchain/avr8 gcc/native/3.4.1056/avr8-gnu-toolchain/bin/../lib/gcc/avr/4.8.1/../../../../avr/lib/avr5\libm.a
START GROUP
LOAD c:/program files (x86)/atmel/atmel toolchain/avr8 gcc/native/3.4.1056/avr8-gnu-toolchain/bin/../lib/gcc/avr/4.8.1/avr5\libgcc.a
LOAD c:/program files (x86)/atmel/atmel toolchain/avr8 gcc/native/3.4.1056/avr8-gnu-toolchain/bin/../lib/gcc/avr/4.8.1/../../../../avr/lib/avr5\libm.a
LOAD c:/program files (x86)/atmel/atmel toolchain/avr8 gcc/native/3.4.1056/avr8-gnu-toolchain/bin/../lib/gcc/avr/4.8.1/../../../../avr/lib/avr5\libc.a
END GROUP

.hash
 *(.hash)

.dynsym
 *(.dynsym)

.dynstr
 *(.dynstr)

.gnu.version
 *(.gnu.version)

.gnu.version_d
 *(.gnu.version_d)

.gnu.version_r
 *(.gnu.version_r)

.rel.init
 *(.rel.init)

.rela.init
 *(.rela.init)

.rel.text
 *(.rel.text)
 *(.rel.text.*)
 *(.rel.gnu.linkonce.t*)

.rela.text
 *(.rela.text)
 *(.rela.text.*)
 *(.rela.gnu.linkonce.t*)

.rel.fini
 *(.rel.fini)

.rela.fini
 *(.rela.fini)

.rel.rodata
 *(.rel.rodata)
 *(.rel.rodata.*)
 *(.rel.gnu.linkonce.r*)

.rela.rodata
 *(.rela.rodata)
 *(.rela.rodata.*)
 *(.rela.gnu.linkonce.r*)

.rel.data
 *(.rel.data)
 *(.rel.data.*)
 *(.rel.gnu.linkonce.d*)

.rela.data
 *(.rela.data)
 *(.rela.data.*)
 *(.rela.gnu.linkonce.d*)

.rel.ctors
 *(.rel.ctors)

.rela.ctors
 *(.rela.ctors)

.rel.dtors
 *(.rel.dtors)

.rela.dtors
 *(.rela.dtors)

.rel.got
 *(.rel.got)

.rela.got
 *(.rela.got)

.rel.bss
 *(.rel.bss)

.rela.bss
 *(.rela.bss)

.rel.plt
 *(.rel.plt)

.rela.plt
 *(.rela.plt)

.text           0x00000000     0x336a
 *(.vectors)
 .vectors       0x00000000       0x68 c:/program files (x86)/atmel/atmel toolchain/avr8 gcc/native/3.4.1056/avr8-gnu-toolchain/bin/../lib/gcc/avr/4.8.1/../../../../avr/lib/avr5/crtm328p.o
                0x00000000                __vector_default
                0x00000000                __vectors
 *(.vectors)
 *(.progmem.gcc*)
                0x00000068                . = ALIGN (0x2)
                0x00000068                __trampolines_start = .
 *(.trampolines)
 .trampolines   0x00000068        0x0 linker stubs
 *(.trampolines*)
                0x00000068                __trampolines_end = .
 *(.progmem*)
 .progmem.data  0x00000068       0x5a C:\projects\house\Sensor\Arduino_Core\libAtMega328_core.a(wiring_digital.c.o)
                0x00000068                port_to_mode_PGM
                0x00000072                port_to_output_PGM
                0x0000007c                port_to_input_PGM
                0x00000086                digital_pin_to_port_PGM
                0x0000009a                digital_pin_to_bit_mask_PGM
                0x000000ae                digital_pin_to_timer_PGM
                0x000000c2                . = ALIGN (0x2)
 *(.jumptables)
 *(.jumptables*)
 *(.lowtext)
 *(.lowtext*)
                0x000000c2                __ctors_start = .
 *(.ctors)
 .ctors         0x000000c2        0x2 Arduino_Core/Wire.o
 .ctors         0x000000c4        0x2 common/XBee.o
 .ctors         0x000000c6        0x2 Lcd.o
 .ctors         0x000000c8        0x2 thermostat.o
 .ctors         0x000000ca        0x2 C:\projects\house\Sensor\Arduino_Core\libAtMega328_core.a(HardwareSerial.cpp.o)
                0x000000cc                __ctors_end = .
                0x000000cc                __dtors_start = .
 *(.dtors)
                0x000000cc                __dtors_end = .
 SORT(*)(.ctors)
 SORT(*)(.dtors)
 *(.init0)
 .init0         0x000000cc        0x0 c:/program files (x86)/atmel/atmel toolchain/avr8 gcc/native/3.4.1056/avr8-gnu-toolchain/bin/../lib/gcc/avr/4.8.1/../../../../avr/lib/avr5/crtm328p.o
                0x000000cc                __init
 *(.init0)
 *(.init1)
 *(.init1)
 *(.init2)
 .init2         0x000000cc        0xc c:/program files (x86)/atmel/atmel toolchain/avr8 gcc/native/3.4.1056/avr8-gnu-toolchain/bin/../lib/gcc/avr/4.8.1/../../../../avr/lib/avr5/crtm328p.o
 *(.init2)
 *(.init3)
 *(.init3)
 *(.init4)
 .init4         0x000000d8       0x16 c:/program files (x86)/atmel/atmel toolchain/avr8 gcc/native/3.4.1056/avr8-gnu-toolchain/bin/../lib/gcc/avr/4.8.1/avr5\libgcc.a(_copy_data.o)
                0x000000d8                __do_copy_data
 .init4         0x000000ee       0x10 c:/program files (x86)/atmel/atmel toolchain/avr8 gcc/native/3.4.1056/avr8-gnu-toolchain/bin/../lib/gcc/avr/4.8.1/avr5\libgcc.a(_clear_bss.o)
                0x000000ee                __do_clear_bss
 *(.init4)
 *(.init5)
 *(.init5)
 *(.init6)
 .init6         0x000000fe       0x16 c:/program files (x86)/atmel/atmel toolchain/avr8 gcc/native/3.4.1056/avr8-gnu-toolchain/bin/../lib/gcc/avr/4.8.1/avr5\libgcc.a(_ctors.o)
                0x000000fe                __do_global_ctors
 *(.init6)
 *(.init7)
 *(.init7)
 *(.init8)
 *(.init8)
 *(.init9)
 .init9         0x00000114        0x8 c:/program files (x86)/atmel/atmel toolchain/avr8 gcc/native/3.4.1056/avr8-gnu-toolchain/bin/../lib/gcc/avr/4.8.1/../../../../avr/lib/avr5/crtm328p.o
 *(.init9)
 *(.text)
 .text          0x0000011c        0x4 c:/program files (x86)/atmel/atmel toolchain/avr8 gcc/native/3.4.1056/avr8-gnu-toolchain/bin/../lib/gcc/avr/4.8.1/../../../../avr/lib/avr5/crtm328p.o
                0x0000011c                __vector_22
                0x0000011c                __vector_12
                0x0000011c                __bad_interrupt
                0x0000011c                __vector_6
                0x0000011c                __vector_3
                0x0000011c                __vector_23
                0x0000011c                __vector_25
                0x0000011c                __vector_11
                0x0000011c                __vector_13
                0x0000011c                __vector_17
                0x0000011c                __vector_7
                0x0000011c                __vector_5
                0x0000011c                __vector_4
                0x0000011c                __vector_9
                0x0000011c                __vector_21
                0x0000011c                __vector_15
                0x0000011c                __vector_8
                0x0000011c                __vector_14
                0x0000011c                __vector_10
                0x0000011c                __vector_20
                0x00000120                . = ALIGN (0x2)
 *(.text.*)
 .text._ZN11EEPROMClass4readEi
                0x00000120        0xe Arduino_Core/EEPROM.o
                0x00000120                _ZN11EEPROMClass4readEi
 .text._ZN11EEPROMClass5writeEih
                0x0000012e       0x18 Arduino_Core/EEPROM.o
                0x0000012e                _ZN11EEPROMClass5writeEih
 .text.twi_init
                0x00000146       0x32 Arduino_Core/twi.o
                0x00000146                twi_init
 .text.twi_readFrom
                0x00000178       0x62 Arduino_Core/twi.o
                0x00000178                twi_readFrom
 .text.twi_writeTo
                0x000001da       0x7e Arduino_Core/twi.o
                0x000001da                twi_writeTo
 .text.twi_transmit
                0x00000258       0x32 Arduino_Core/twi.o
                0x00000258                twi_transmit
 .text.twi_stop
                0x0000028a       0x14 Arduino_Core/twi.o
                0x0000028a                twi_stop
 .text.twi_releaseBus
                0x0000029e        0xc Arduino_Core/twi.o
                0x0000029e                twi_releaseBus
 .text.__vector_24
                0x000002aa      0x24c Arduino_Core/twi.o
                0x000002aa                __vector_24
 .text._ZN7TwoWire9availableEv
                0x000004f6       0x10 Arduino_Core/Wire.o
                0x000004f6                _ZN7TwoWire9availableEv
 .text._ZN7TwoWire4readEv
                0x00000506       0x26 Arduino_Core/Wire.o
                0x00000506                _ZN7TwoWire4readEv
 .text._ZN7TwoWire4peekEv
                0x0000052c       0x1e Arduino_Core/Wire.o
                0x0000052c                _ZN7TwoWire4peekEv
 .text._ZN7TwoWire5flushEv
                0x0000054a        0x2 Arduino_Core/Wire.o
                0x0000054a                _ZN7TwoWire5flushEv
 .text._ZN7TwoWire5writeEPKhj
                0x0000054c       0x5a Arduino_Core/Wire.o
                0x0000054c                _ZN7TwoWire5writeEPKhj
 .text._ZN7TwoWire5writeEh
                0x000005a6       0x5e Arduino_Core/Wire.o
                0x000005a6                _ZN7TwoWire5writeEh
 .text._ZN7TwoWireC2Ev
                0x00000604       0x20 Arduino_Core/Wire.o
                0x00000604                _ZN7TwoWireC1Ev
                0x00000604                _ZN7TwoWireC2Ev
 .text._ZN7TwoWire5beginEv
                0x00000624       0x14 Arduino_Core/Wire.o
                0x00000624                _ZN7TwoWire5beginEv
 .text._ZN7TwoWire11requestFromEhh
                0x00000638       0x1a Arduino_Core/Wire.o
                0x00000638                _ZN7TwoWire11requestFromEhh
 .text._ZN7TwoWire11requestFromEii
                0x00000652        0x4 Arduino_Core/Wire.o
                0x00000652                _ZN7TwoWire11requestFromEii
 .text._ZN7TwoWire17beginTransmissionEh
                0x00000656       0x14 Arduino_Core/Wire.o
                0x00000656                _ZN7TwoWire17beginTransmissionEh
 .text._ZN7TwoWire17beginTransmissionEi
                0x0000066a        0x4 Arduino_Core/Wire.o
                0x0000066a                _ZN7TwoWire17beginTransmissionEi
 .text._ZN7TwoWire15endTransmissionEv
                0x0000066e       0x20 Arduino_Core/Wire.o
                0x0000066e                _ZN7TwoWire15endTransmissionEv
 .text.startup._GLOBAL__sub_I__ZN7TwoWire8rxBufferE
                0x0000068e        0x8 Arduino_Core/Wire.o
 .text._ZN11SensorUtilsC2EP4XBee
                0x00000696       0x9c common/SensorUtils.o
                0x00000696                _ZN11SensorUtilsC2EP4XBee
                0x00000696                _ZN11SensorUtilsC1EP4XBee
 .text._ZN11SensorUtils20sleepXbeeImmediatelyEv
                0x00000732       0x54 common/SensorUtils.o
                0x00000732                _ZN11SensorUtils20sleepXbeeImmediatelyEv
 .text._ZN11SensorUtils11sendRequestEP13XBeeAddress64Phi
                0x00000786       0x52 common/SensorUtils.o
                0x00000786                _ZN11SensorUtils11sendRequestEP13XBeeAddress64Phi
 .text._ZN11SensorUtils22receiveLocalAtResponseEPh
                0x000007d8       0x6a common/SensorUtils.o
                0x000007d8                _ZN11SensorUtils22receiveLocalAtResponseEPh
 .text._ZN11SensorUtils7getRSSIEv
                0x00000842       0x7a common/SensorUtils.o
                0x00000842                _ZN11SensorUtils7getRSSIEv
 .text._ZN10SHT2xClass10readSensorEh
                0x000008bc       0xda common/SHT2x.o
                0x000008bc                _ZN10SHT2xClass10readSensorEh
 .text._ZN10SHT2xClass11GetHumidityEv
                0x00000996       0x2a common/SHT2x.o
                0x00000996                _ZN10SHT2xClass11GetHumidityEv
 .text._ZN10SHT2xClass14GetTemperatureEv
                0x000009c0       0x2a common/SHT2x.o
                0x000009c0                _ZN10SHT2xClass14GetTemperatureEv
 .text._ZN12ZBRxResponse13getDataOffsetEv
                0x000009ea        0x4 common/XBee.o
                0x000009ea                _ZN12ZBRxResponse13getDataOffsetEv
 .text._ZN12ZBRxResponse13getDataLengthEv
                0x000009ee       0x20 common/XBee.o
                0x000009ee                _ZN12ZBRxResponse13getDataLengthEv
 .text._ZN11ZBTxRequest18getFrameDataLengthEv
                0x00000a0e        0x8 common/XBee.o
                0x00000a0e                _ZN11ZBTxRequest18getFrameDataLengthEv
 .text._ZN16AtCommandRequest18getFrameDataLengthEv
                0x00000a16        0x8 common/XBee.o
                0x00000a16                _ZN16AtCommandRequest18getFrameDataLengthEv
 .text._ZN16AtCommandRequest12getFrameDataEh
                0x00000a1e       0x2c common/XBee.o
                0x00000a1e                _ZN16AtCommandRequest12getFrameDataEh
 .text._ZN11ZBTxRequest12getFrameDataEh
                0x00000a4a       0x72 common/XBee.o
                0x00000a4a                _ZN11ZBTxRequest12getFrameDataEh
 .text._ZN12XBeeResponse8getApiIdEv
                0x00000abc        0x6 common/XBee.o
                0x00000abc                _ZN12XBeeResponse8getApiIdEv
 .text._ZN12XBeeResponse11isAvailableEv
                0x00000ac2        0x6 common/XBee.o
                0x00000ac2                _ZN12XBeeResponse11isAvailableEv
 .text._ZN12XBeeResponse7isErrorEv
                0x00000ac8       0x10 common/XBee.o
                0x00000ac8                _ZN12XBeeResponse7isErrorEv
 .text._ZN12XBeeResponse12getErrorCodeEv
                0x00000ad8        0x6 common/XBee.o
                0x00000ad8                _ZN12XBeeResponse12getErrorCodeEv
 .text._ZN12XBeeResponse9setCommonERS_
                0x00000ade       0x3c common/XBee.o
                0x00000ade                _ZN12XBeeResponse9setCommonERS_
 .text._ZN12ZBRxResponseC2Ev
                0x00000b1a       0x42 common/XBee.o
                0x00000b1a                _ZN12ZBRxResponseC1Ev
                0x00000b1a                _ZN12ZBRxResponseC2Ev
 .text._ZN12XBeeResponse15getZBRxResponseERS_
                0x00000b5c       0xbc common/XBee.o
                0x00000b5c                _ZN12XBeeResponse15getZBRxResponseERS_
 .text._ZN14RxDataResponse7getDataEv
                0x00000c18       0x28 common/XBee.o
                0x00000c18                _ZN14RxDataResponse7getDataEv
 .text._ZN19ModemStatusResponseC2Ev
                0x00000c40        0x2 common/XBee.o
                0x00000c40                _ZN19ModemStatusResponseC2Ev
                0x00000c40                _ZN19ModemStatusResponseC1Ev
 .text._ZN19ModemStatusResponse9getStatusEv
                0x00000c42        0xa common/XBee.o
                0x00000c42                _ZN19ModemStatusResponse9getStatusEv
 .text._ZN12XBeeResponse22getModemStatusResponseERS_
                0x00000c4c       0x10 common/XBee.o
                0x00000c4c                _ZN12XBeeResponse22getModemStatusResponseERS_
 .text._ZN17AtCommandResponseC2Ev
                0x00000c5c        0x2 common/XBee.o
                0x00000c5c                _ZN17AtCommandResponseC1Ev
                0x00000c5c                _ZN17AtCommandResponseC2Ev
 .text._ZN17AtCommandResponse14getValueLengthEv
                0x00000c5e        0x8 common/XBee.o
                0x00000c5e                _ZN17AtCommandResponse14getValueLengthEv
 .text._ZN17AtCommandResponse8getValueEv
                0x00000c66       0x16 common/XBee.o
                0x00000c66                _ZN17AtCommandResponse8getValueEv
 .text._ZN17AtCommandResponse4isOkEv
                0x00000c7c       0x10 common/XBee.o
                0x00000c7c                _ZN17AtCommandResponse4isOkEv
 .text._ZN12XBeeResponse20getAtCommandResponseERS_
                0x00000c8c       0x10 common/XBee.o
                0x00000c8c                _ZN12XBeeResponse20getAtCommandResponseERS_
 .text._ZN12XBeeResponse12getFrameDataEv
                0x00000c9c        0x8 common/XBee.o
                0x00000c9c                _ZN12XBeeResponse12getFrameDataEv
 .text._ZN12XBeeResponse5resetEv
                0x00000ca4       0x2e common/XBee.o
                0x00000ca4                _ZN12XBeeResponse5resetEv
 .text._ZN4XBee13resetResponseEv
                0x00000cd2        0xa common/XBee.o
                0x00000cd2                _ZN4XBee13resetResponseEv
 .text._ZN4XBeeC2Ev
                0x00000cdc       0x24 common/XBee.o
                0x00000cdc                _ZN4XBeeC2Ev
                0x00000cdc                _ZN4XBeeC1Ev
 .text._ZN4XBee5beginEl
                0x00000d00        0xe common/XBee.o
                0x00000d00                _ZN4XBee5beginEl
 .text._ZN4XBee9availableEv
                0x00000d0e       0x24 common/XBee.o
                0x00000d0e                _ZN4XBee9availableEv
 .text._ZN4XBee4readEv
                0x00000d32       0x1a common/XBee.o
                0x00000d32                _ZN4XBee4readEv
 .text._ZN4XBee5flushEv
                0x00000d4c       0x18 common/XBee.o
                0x00000d4c                _ZN4XBee5flushEv
 .text._ZN4XBee5writeEh
                0x00000d64       0x18 common/XBee.o
                0x00000d64                _ZN4XBee5writeEh
 .text._ZN4XBee11getResponseEv
                0x00000d7c        0x2 common/XBee.o
                0x00000d7c                _ZN4XBee11getResponseEv
 .text._ZN4XBee10readPacketEv
                0x00000d7e      0x11c common/XBee.o
                0x00000d7e                _ZN4XBee10readPacketEv
 .text._ZN4XBee10readPacketEi
                0x00000e9a       0x58 common/XBee.o
                0x00000e9a                _ZN4XBee10readPacketEi
 .text._ZN11XBeeRequest10setFrameIdEh
                0x00000ef2        0x6 common/XBee.o
                0x00000ef2                _ZN11XBeeRequest10setFrameIdEh
 .text._ZN13XBeeAddress64C2Emm
                0x00000ef8       0x1c common/XBee.o
                0x00000ef8                _ZN13XBeeAddress64C2Emm
                0x00000ef8                _ZN13XBeeAddress64C1Emm
 .text._ZN11ZBTxRequestC2ER13XBeeAddress64Phh
                0x00000f14       0x3e common/XBee.o
                0x00000f14                _ZN11ZBTxRequestC1ER13XBeeAddress64Phh
                0x00000f14                _ZN11ZBTxRequestC2ER13XBeeAddress64Phh
 .text._ZN16AtCommandRequestC2Ev
                0x00000f52       0x1e common/XBee.o
                0x00000f52                _ZN16AtCommandRequestC2Ev
                0x00000f52                _ZN16AtCommandRequestC1Ev
 .text._ZN16AtCommandRequest10setCommandEPh
                0x00000f70        0x8 common/XBee.o
                0x00000f70                _ZN16AtCommandRequest10setCommandEPh
 .text._ZN4XBee8sendByteEhb
                0x00000f78       0x3a common/XBee.o
                0x00000f78                _ZN4XBee8sendByteEhb
 .text._ZN4XBee4sendER11XBeeRequest
                0x00000fb2       0xe0 common/XBee.o
                0x00000fb2                _ZN4XBee4sendER11XBeeRequest
 .text.startup._GLOBAL__sub_I__ZN12XBeeResponseC2Ev
                0x00001092       0x2a common/XBee.o
 .text._ZN8LcdClassC2Ev
                0x000010bc       0x22 Lcd.o
                0x000010bc                _ZN8LcdClassC2Ev
                0x000010bc                _ZN8LcdClassC1Ev
 .text._ZN8LcdClass10displayOffEv
                0x000010de       0x3e Lcd.o
                0x000010de                _ZN8LcdClass10displayOffEv
 .text._ZN8LcdClass11isDisplayOnEv
                0x0000111c        0x6 Lcd.o
                0x0000111c                _ZN8LcdClass11isDisplayOnEv
 .text._ZN8LcdClass8sendWordEjh
                0x00001122       0x6c Lcd.o
                0x00001122                _ZN8LcdClass8sendWordEjh
 .text._ZN8LcdClass12clearDisplayEv
                0x0000118e       0x3c Lcd.o
                0x0000118e                _ZN8LcdClass12clearDisplayEv
 .text._ZN8LcdClass11writeStringEPch
                0x000011ca       0xbc Lcd.o
                0x000011ca                _ZN8LcdClass11writeStringEPch
 .text._ZN8LcdClass9_writeLcdEPKc
                0x00001286       0x9a Lcd.o
                0x00001286                _ZN8LcdClass9_writeLcdEPKc
 .text._ZN8LcdClass8writeLcdEPKc
                0x00001320       0x26 Lcd.o
                0x00001320                _ZN8LcdClass8writeLcdEPKc
 .text._ZN8LcdClass9displayOnEv
                0x00001346      0x132 Lcd.o
                0x00001346                _ZN8LcdClass9displayOnEv
 .text.startup._GLOBAL__sub_I__ZN8LcdClassC2Ev
                0x00001478        0x8 Lcd.o
 .text._Z14wakeIrqHandlerv
                0x00001480        0x8 thermostat.o
                0x00001480                _Z14wakeIrqHandlerv
 .text.setup    0x00001488       0xf2 thermostat.o
                0x00001488                setup
 .text._Z22sendValueMessageToXBeeffj
                0x0000157a      0x1c6 thermostat.o
                0x0000157a                _Z22sendValueMessageToXBeeffj
 .text._Z21sendErrorCountsToXbeev
                0x00001740       0x7c thermostat.o
                0x00001740                _Z21sendErrorCountsToXbeev
 .text._Z27sendTempChangeRequestToXbeei
                0x000017bc       0x4c thermostat.o
                0x000017bc                _Z27sendTempChangeRequestToXbeei
 .text._Z15getBatteryLevelv
                0x00001808       0x30 thermostat.o
                0x00001808                _Z15getBatteryLevelv
 .text._Z4beeph
                0x00001838       0x4c thermostat.o
                0x00001838                _Z4beeph
 .text._Z16buttonIrqHandlerv
                0x00001884       0x78 thermostat.o
                0x00001884                _Z16buttonIrqHandlerv
 .text._Z22getLcdTextFromResponse12ZBRxResponse
                0x000018fc       0x8c thermostat.o
                0x000018fc                _Z22getLcdTextFromResponse12ZBRxResponse
 .text._Z25receiveLcdContentResponsev
                0x00001988      0x252 thermostat.o
                0x00001988                _Z25receiveLcdContentResponsev
 .text.loop     0x00001bda      0x2ba thermostat.o
                0x00001bda                loop
 .text.startup._GLOBAL__sub_I_xbee
                0x00001e94       0x38 thermostat.o
 .text.attachInterrupt
                0x00001ecc       0x46 C:\projects\house\Sensor\Arduino_Core\libAtMega328_core.a(WInterrupts.c.o)
                0x00001ecc                attachInterrupt
 .text.detachInterrupt
                0x00001f12       0x26 C:\projects\house\Sensor\Arduino_Core\libAtMega328_core.a(WInterrupts.c.o)
                0x00001f12                detachInterrupt
 .text.__vector_1
                0x00001f38       0x5a C:\projects\house\Sensor\Arduino_Core\libAtMega328_core.a(WInterrupts.c.o)
                0x00001f38                __vector_1
 .text.__vector_2
                0x00001f92       0x5a C:\projects\house\Sensor\Arduino_Core\libAtMega328_core.a(WInterrupts.c.o)
                0x00001f92                __vector_2
 .text.__vector_16
                0x00001fec       0xa8 C:\projects\house\Sensor\Arduino_Core\libAtMega328_core.a(wiring.c.o)
                0x00001fec                __vector_16
 .text.millis   0x00002094       0x1c C:\projects\house\Sensor\Arduino_Core\libAtMega328_core.a(wiring.c.o)
                0x00002094                millis
 .text.delay    0x000020b0       0xb2 C:\projects\house\Sensor\Arduino_Core\libAtMega328_core.a(wiring.c.o)
                0x000020b0                delay
 .text.delayMicroseconds
                0x00002162       0x14 C:\projects\house\Sensor\Arduino_Core\libAtMega328_core.a(wiring.c.o)
                0x00002162                delayMicroseconds
 .text.init     0x00002176       0x76 C:\projects\house\Sensor\Arduino_Core\libAtMega328_core.a(wiring.c.o)
                0x00002176                init
 .text.analogReference
                0x000021ec        0x6 C:\projects\house\Sensor\Arduino_Core\libAtMega328_core.a(wiring_analog.c.o)
                0x000021ec                analogReference
 .text.analogRead
                0x000021f2       0x44 C:\projects\house\Sensor\Arduino_Core\libAtMega328_core.a(wiring_analog.c.o)
                0x000021f2                analogRead
 .text.pinMode  0x00002236       0x4c C:\projects\house\Sensor\Arduino_Core\libAtMega328_core.a(wiring_digital.c.o)
                0x00002236                pinMode
 .text.digitalWrite
                0x00002282       0xa8 C:\projects\house\Sensor\Arduino_Core\libAtMega328_core.a(wiring_digital.c.o)
                0x00002282                digitalWrite
 .text.digitalRead
                0x0000232a       0xa6 C:\projects\house\Sensor\Arduino_Core\libAtMega328_core.a(wiring_digital.c.o)
                0x0000232a                digitalRead
 .text._Z11serialEventv
                0x000023d0        0x2 C:\projects\house\Sensor\Arduino_Core\libAtMega328_core.a(HardwareSerial.cpp.o)
                0x000023d0                _Z11serialEventv
 .text.__vector_18
                0x000023d2       0x68 C:\projects\house\Sensor\Arduino_Core\libAtMega328_core.a(HardwareSerial.cpp.o)
                0x000023d2                __vector_18
 .text._Z14serialEventRunv
                0x0000243a       0x26 C:\projects\house\Sensor\Arduino_Core\libAtMega328_core.a(HardwareSerial.cpp.o)
                0x0000243a                _Z14serialEventRunv
 .text.__vector_19
                0x00002460       0x92 C:\projects\house\Sensor\Arduino_Core\libAtMega328_core.a(HardwareSerial.cpp.o)
                0x00002460                __vector_19
 .text._ZN14HardwareSerial5beginEm
                0x000024f2       0xfa C:\projects\house\Sensor\Arduino_Core\libAtMega328_core.a(HardwareSerial.cpp.o)
                0x000024f2                _ZN14HardwareSerial5beginEm
 .text._ZN14HardwareSerial9availableEv
                0x000025ec       0x22 C:\projects\house\Sensor\Arduino_Core\libAtMega328_core.a(HardwareSerial.cpp.o)
                0x000025ec                _ZN14HardwareSerial9availableEv
 .text._ZN14HardwareSerial4peekEv
                0x0000260e       0x40 C:\projects\house\Sensor\Arduino_Core\libAtMega328_core.a(HardwareSerial.cpp.o)
                0x0000260e                _ZN14HardwareSerial4peekEv
 .text._ZN14HardwareSerial4readEv
                0x0000264e       0x52 C:\projects\house\Sensor\Arduino_Core\libAtMega328_core.a(HardwareSerial.cpp.o)
                0x0000264e                _ZN14HardwareSerial4readEv
 .text._ZN14HardwareSerial5flushEv
                0x000026a0       0x24 C:\projects\house\Sensor\Arduino_Core\libAtMega328_core.a(HardwareSerial.cpp.o)
                0x000026a0                _ZN14HardwareSerial5flushEv
 .text._ZN14HardwareSerial5writeEh
                0x000026c4       0x78 C:\projects\house\Sensor\Arduino_Core\libAtMega328_core.a(HardwareSerial.cpp.o)
                0x000026c4                _ZN14HardwareSerial5writeEh
 .text._GLOBAL__I_rx_buffer
                0x0000273c       0xa0 C:\projects\house\Sensor\Arduino_Core\libAtMega328_core.a(HardwareSerial.cpp.o)
 .text.main     0x000027dc       0x1e C:\projects\house\Sensor\Arduino_Core\libAtMega328_core.a(main.cpp.o)
                0x000027dc                main
 .text._ZN5Print5writeEPKhj
                0x000027fa       0x54 C:\projects\house\Sensor\Arduino_Core\libAtMega328_core.a(Print.cpp.o)
                0x000027fa                _ZN5Print5writeEPKhj
 .text.avr-libc.fplib
                0x0000284e        0xa c:/program files (x86)/atmel/atmel toolchain/avr8 gcc/native/3.4.1056/avr8-gnu-toolchain/bin/../lib/gcc/avr/4.8.1/../../../../avr/lib/avr5\libm.a(addsf3.o)
                0x0000284e                __subsf3
                0x00002850                __addsf3
 .text.avr-libc.fplib
                0x00002858       0xc0 c:/program files (x86)/atmel/atmel toolchain/avr8 gcc/native/3.4.1056/avr8-gnu-toolchain/bin/../lib/gcc/avr/4.8.1/../../../../avr/lib/avr5\libm.a(addsf3x.o)
                0x00002872                __addsf3x
 .text.avr-libc.fplib
                0x00002918        0x8 c:/program files (x86)/atmel/atmel toolchain/avr8 gcc/native/3.4.1056/avr8-gnu-toolchain/bin/../lib/gcc/avr/4.8.1/../../../../avr/lib/avr5\libm.a(cmpsf2.o)
                0x00002918                __nesf2
                0x00002918                __eqsf2
                0x00002918                __cmpsf2
                0x00002918                __ltsf2
                0x00002918                __lesf2
 .text.avr-libc.fplib
                0x00002920        0x4 c:/program files (x86)/atmel/atmel toolchain/avr8 gcc/native/3.4.1056/avr8-gnu-toolchain/bin/../lib/gcc/avr/4.8.1/../../../../avr/lib/avr5\libm.a(divsf3.o)
                0x00002920                __divsf3
 .text.avr-libc.fplib
                0x00002924       0xcc c:/program files (x86)/atmel/atmel toolchain/avr8 gcc/native/3.4.1056/avr8-gnu-toolchain/bin/../lib/gcc/avr/4.8.1/../../../../avr/lib/avr5\libm.a(divsf3x.o)
                0x0000293a                __divsf3x
                0x0000293e                __divsf3_pse
 .text.avr-libc.fplib
                0x000029f0        0xa c:/program files (x86)/atmel/atmel toolchain/avr8 gcc/native/3.4.1056/avr8-gnu-toolchain/bin/../lib/gcc/avr/4.8.1/../../../../avr/lib/avr5\libm.a(fixsfsi.o)
                0x000029f0                __fixsfsi
 .text.avr-libc.fplib
                0x000029fa       0x58 c:/program files (x86)/atmel/atmel toolchain/avr8 gcc/native/3.4.1056/avr8-gnu-toolchain/bin/../lib/gcc/avr/4.8.1/../../../../avr/lib/avr5\libm.a(fixunssfsi.o)
                0x000029fa                __fixunssfsi
 .text.avr-libc.fplib
                0x00002a52       0x7a c:/program files (x86)/atmel/atmel toolchain/avr8 gcc/native/3.4.1056/avr8-gnu-toolchain/bin/../lib/gcc/avr/4.8.1/../../../../avr/lib/avr5\libm.a(floatsisf.o)
                0x00002a52                __floatunsisf
                0x00002a56                __floatsisf
 .text.avr-libc.fplib
                0x00002acc       0x48 c:/program files (x86)/atmel/atmel toolchain/avr8 gcc/native/3.4.1056/avr8-gnu-toolchain/bin/../lib/gcc/avr/4.8.1/../../../../avr/lib/avr5\libm.a(fp_cmp.o)
                0x00002acc                __fp_cmp
 .text.avr-libc.fplib
                0x00002b14        0xc c:/program files (x86)/atmel/atmel toolchain/avr8 gcc/native/3.4.1056/avr8-gnu-toolchain/bin/../lib/gcc/avr/4.8.1/../../../../avr/lib/avr5\libm.a(fp_inf.o)
                0x00002b14                __fp_inf
 .text.avr-libc.fplib
                0x00002b20        0x6 c:/program files (x86)/atmel/atmel toolchain/avr8 gcc/native/3.4.1056/avr8-gnu-toolchain/bin/../lib/gcc/avr/4.8.1/../../../../avr/lib/avr5\libm.a(fp_nan.o)
                0x00002b20                __fp_nan
 .text.avr-libc.fplib
                0x00002b26        0xe c:/program files (x86)/atmel/atmel toolchain/avr8 gcc/native/3.4.1056/avr8-gnu-toolchain/bin/../lib/gcc/avr/4.8.1/../../../../avr/lib/avr5\libm.a(fp_pscA.o)
                0x00002b26                __fp_pscA
 .text.avr-libc.fplib
                0x00002b34        0xe c:/program files (x86)/atmel/atmel toolchain/avr8 gcc/native/3.4.1056/avr8-gnu-toolchain/bin/../lib/gcc/avr/4.8.1/../../../../avr/lib/avr5\libm.a(fp_pscB.o)
                0x00002b34                __fp_pscB
 .text.avr-libc.fplib
                0x00002b42       0x22 c:/program files (x86)/atmel/atmel toolchain/avr8 gcc/native/3.4.1056/avr8-gnu-toolchain/bin/../lib/gcc/avr/4.8.1/../../../../avr/lib/avr5\libm.a(fp_round.o)
                0x00002b42                __fp_round
 .text.avr-libc.fplib
                0x00002b64       0x44 c:/program files (x86)/atmel/atmel toolchain/avr8 gcc/native/3.4.1056/avr8-gnu-toolchain/bin/../lib/gcc/avr/4.8.1/../../../../avr/lib/avr5\libm.a(fp_split3.o)
                0x00002b64                __fp_split3
                0x00002b74                __fp_splitA
 .text.avr-libc.fplib
                0x00002ba8        0xe c:/program files (x86)/atmel/atmel toolchain/avr8 gcc/native/3.4.1056/avr8-gnu-toolchain/bin/../lib/gcc/avr/4.8.1/../../../../avr/lib/avr5\libm.a(fp_zero.o)
                0x00002ba8                __fp_zero
                0x00002baa                __fp_szero
 .text.avr-libc.fplib
                0x00002bb6        0x8 c:/program files (x86)/atmel/atmel toolchain/avr8 gcc/native/3.4.1056/avr8-gnu-toolchain/bin/../lib/gcc/avr/4.8.1/../../../../avr/lib/avr5\libm.a(gesf2.o)
                0x00002bb6                __gesf2
                0x00002bb6                __gtsf2
 .text.avr-libc.fplib
                0x00002bbe        0x4 c:/program files (x86)/atmel/atmel toolchain/avr8 gcc/native/3.4.1056/avr8-gnu-toolchain/bin/../lib/gcc/avr/4.8.1/../../../../avr/lib/avr5\libm.a(mulsf3.o)
                0x00002bbe                __mulsf3
 .text.avr-libc.fplib
                0x00002bc2       0xc2 c:/program files (x86)/atmel/atmel toolchain/avr8 gcc/native/3.4.1056/avr8-gnu-toolchain/bin/../lib/gcc/avr/4.8.1/../../../../avr/lib/avr5\libm.a(mulsf3x.o)
                0x00002bd6                __mulsf3x
                0x00002bda                __mulsf3_pse
 .text.libgcc.div
                0x00002c84       0x28 c:/program files (x86)/atmel/atmel toolchain/avr8 gcc/native/3.4.1056/avr8-gnu-toolchain/bin/../lib/gcc/avr/4.8.1/avr5\libgcc.a(_divmodhi4.o)
                0x00002c84                _div
                0x00002c84                __divmodhi4
 .text.libgcc.div
                0x00002cac       0x44 c:/program files (x86)/atmel/atmel toolchain/avr8 gcc/native/3.4.1056/avr8-gnu-toolchain/bin/../lib/gcc/avr/4.8.1/avr5\libgcc.a(_udivmodsi4.o)
                0x00002cac                __udivmodsi4
 .text.libgcc.div
                0x00002cf0       0x28 c:/program files (x86)/atmel/atmel toolchain/avr8 gcc/native/3.4.1056/avr8-gnu-toolchain/bin/../lib/gcc/avr/4.8.1/avr5\libgcc.a(_udivmodhi4.o)
                0x00002cf0                __udivmodhi4
 .text.libgcc   0x00002d18        0xc c:/program files (x86)/atmel/atmel toolchain/avr8 gcc/native/3.4.1056/avr8-gnu-toolchain/bin/../lib/gcc/avr/4.8.1/avr5\libgcc.a(_tablejump.o)
                0x00002d18                __tablejump2__
                0x00002d1c                __tablejump__
 .text.avr-libc
                0x00002d24        0xa c:/program files (x86)/atmel/atmel toolchain/avr8 gcc/native/3.4.1056/avr8-gnu-toolchain/bin/../lib/gcc/avr/4.8.1/../../../../avr/lib/avr5\libc.a(strtok.o)
                0x00002d24                strtok
 .text.avr-libc
                0x00002d2e        0xe c:/program files (x86)/atmel/atmel toolchain/avr8 gcc/native/3.4.1056/avr8-gnu-toolchain/bin/../lib/gcc/avr/4.8.1/../../../../avr/lib/avr5\libc.a(strcpy.o)
                0x00002d2e                strcpy
 .text.avr-libc
                0x00002d3c       0x1c c:/program files (x86)/atmel/atmel toolchain/avr8 gcc/native/3.4.1056/avr8-gnu-toolchain/bin/../lib/gcc/avr/4.8.1/../../../../avr/lib/avr5\libc.a(strncmp.o)
                0x00002d3c                strncmp
 .text.avr-libc
                0x00002d58       0x1e c:/program files (x86)/atmel/atmel toolchain/avr8 gcc/native/3.4.1056/avr8-gnu-toolchain/bin/../lib/gcc/avr/4.8.1/../../../../avr/lib/avr5\libc.a(strncpy.o)
                0x00002d58                strncpy
 .text.avr-libc
                0x00002d76       0x4e c:/program files (x86)/atmel/atmel toolchain/avr8 gcc/native/3.4.1056/avr8-gnu-toolchain/bin/../lib/gcc/avr/4.8.1/../../../../avr/lib/avr5\libc.a(strtok_r.o)
                0x00002d76                strtok_r
 .text.avr-libc
                0x00002dc4       0x44 c:/program files (x86)/atmel/atmel toolchain/avr8 gcc/native/3.4.1056/avr8-gnu-toolchain/bin/../lib/gcc/avr/4.8.1/../../../../avr/lib/avr5\libc.a(sprintf.o)
                0x00002dc4                sprintf
 .text.avr-libc
                0x00002e08      0x3a4 c:/program files (x86)/atmel/atmel toolchain/avr8 gcc/native/3.4.1056/avr8-gnu-toolchain/bin/../lib/gcc/avr/4.8.1/../../../../avr/lib/avr5\libc.a(vfprintf_std.o)
                0x00002e08                vfprintf
 .text.avr-libc
                0x000031ac       0x16 c:/program files (x86)/atmel/atmel toolchain/avr8 gcc/native/3.4.1056/avr8-gnu-toolchain/bin/../lib/gcc/avr/4.8.1/../../../../avr/lib/avr5\libc.a(strnlen_P.o)
                0x000031ac                strnlen_P
 .text.avr-libc
                0x000031c2       0x16 c:/program files (x86)/atmel/atmel toolchain/avr8 gcc/native/3.4.1056/avr8-gnu-toolchain/bin/../lib/gcc/avr/4.8.1/../../../../avr/lib/avr5\libc.a(strnlen.o)
                0x000031c2                strnlen
 .text.avr-libc
                0x000031d8       0x64 c:/program files (x86)/atmel/atmel toolchain/avr8 gcc/native/3.4.1056/avr8-gnu-toolchain/bin/../lib/gcc/avr/4.8.1/../../../../avr/lib/avr5\libc.a(fputc.o)
                0x000031d8                fputc
 .text.avr-libc
                0x0000323c       0xbc c:/program files (x86)/atmel/atmel toolchain/avr8 gcc/native/3.4.1056/avr8-gnu-toolchain/bin/../lib/gcc/avr/4.8.1/../../../../avr/lib/avr5\libc.a(ultoa_invert.o)
                0x0000323c                __ultoa_invert
 .text.libgcc.prologue
                0x000032f8       0x38 c:/program files (x86)/atmel/atmel toolchain/avr8 gcc/native/3.4.1056/avr8-gnu-toolchain/bin/../lib/gcc/avr/4.8.1/avr5\libgcc.a(_prologue.o)
                0x000032f8                __prologue_saves__
 .text.libgcc.prologue
                0x00003330       0x36 c:/program files (x86)/atmel/atmel toolchain/avr8 gcc/native/3.4.1056/avr8-gnu-toolchain/bin/../lib/gcc/avr/4.8.1/avr5\libgcc.a(_epilogue.o)
                0x00003330                __epilogue_restores__
                0x00003366                . = ALIGN (0x2)
 *(.fini9)
 .fini9         0x00003366        0x0 c:/program files (x86)/atmel/atmel toolchain/avr8 gcc/native/3.4.1056/avr8-gnu-toolchain/bin/../lib/gcc/avr/4.8.1/avr5\libgcc.a(_exit.o)
                0x00003366                _exit
                0x00003366                exit
 *(.fini9)
 *(.fini8)
 *(.fini8)
 *(.fini7)
 *(.fini7)
 *(.fini6)
 *(.fini6)
 *(.fini5)
 *(.fini5)
 *(.fini4)
 *(.fini4)
 *(.fini3)
 *(.fini3)
 *(.fini2)
 *(.fini2)
 *(.fini1)
 *(.fini1)
 *(.fini0)
 .fini0         0x00003366        0x4 c:/program files (x86)/atmel/atmel toolchain/avr8 gcc/native/3.4.1056/avr8-gnu-toolchain/bin/../lib/gcc/avr/4.8.1/avr5\libgcc.a(_exit.o)
 *(.fini0)
                0x0000336a                _etext = .

.data           0x00800100      0x19a load address 0x0000336a
                0x00800100                PROVIDE (__data_start, .)
 *(.data)
 .data          0x00800100        0x0 c:/program files (x86)/atmel/atmel toolchain/avr8 gcc/native/3.4.1056/avr8-gnu-toolchain/bin/../lib/gcc/avr/4.8.1/../../../../avr/lib/avr5/crtm328p.o
 .data          0x00800100        0x0 Arduino_Core/EEPROM.o
 .data          0x00800100        0x0 Arduino_Core/twi.o
 .data          0x00800100        0x0 Arduino_Core/Wire.o
 .data          0x00800100        0x0 common/SensorUtils.o
 .data          0x00800100        0x0 common/SHT2x.o
 .data          0x00800100        0x0 common/XBee.o
 .data          0x00800100        0x0 Lcd.o
 .data          0x00800100        0x0 thermostat.o
 .data          0x00800100        0x0 C:\projects\house\Sensor\Arduino_Core\libAtMega328_core.a(WInterrupts.c.o)
 .data          0x00800100        0x0 C:\projects\house\Sensor\Arduino_Core\libAtMega328_core.a(wiring.c.o)
 .data          0x00800100        0x0 C:\projects\house\Sensor\Arduino_Core\libAtMega328_core.a(wiring_analog.c.o)
 .data          0x00800100        0x0 C:\projects\house\Sensor\Arduino_Core\libAtMega328_core.a(wiring_digital.c.o)
 .data          0x00800100        0x0 C:\projects\house\Sensor\Arduino_Core\libAtMega328_core.a(HardwareSerial.cpp.o)
 .data          0x00800100        0x0 C:\projects\house\Sensor\Arduino_Core\libAtMega328_core.a(main.cpp.o)
 .data          0x00800100        0x0 C:\projects\house\Sensor\Arduino_Core\libAtMega328_core.a(new.cpp.o)
 .data          0x00800100        0x2 C:\projects\house\Sensor\Arduino_Core\libAtMega328_core.a(Print.cpp.o)
 .data          0x00800102        0x1 C:\projects\house\Sensor\Arduino_Core\libAtMega328_core.a(WString.cpp.o)
 .data          0x00800103        0x0 c:/program files (x86)/atmel/atmel toolchain/avr8 gcc/native/3.4.1056/avr8-gnu-toolchain/bin/../lib/gcc/avr/4.8.1/../../../../avr/lib/avr5\libm.a(addsf3.o)
 .data          0x00800103        0x0 c:/program files (x86)/atmel/atmel toolchain/avr8 gcc/native/3.4.1056/avr8-gnu-toolchain/bin/../lib/gcc/avr/4.8.1/../../../../avr/lib/avr5\libm.a(addsf3x.o)
 .data          0x00800103        0x0 c:/program files (x86)/atmel/atmel toolchain/avr8 gcc/native/3.4.1056/avr8-gnu-toolchain/bin/../lib/gcc/avr/4.8.1/../../../../avr/lib/avr5\libm.a(cmpsf2.o)
 .data          0x00800103        0x0 c:/program files (x86)/atmel/atmel toolchain/avr8 gcc/native/3.4.1056/avr8-gnu-toolchain/bin/../lib/gcc/avr/4.8.1/../../../../avr/lib/avr5\libm.a(divsf3.o)
 .data          0x00800103        0x0 c:/program files (x86)/atmel/atmel toolchain/avr8 gcc/native/3.4.1056/avr8-gnu-toolchain/bin/../lib/gcc/avr/4.8.1/../../../../avr/lib/avr5\libm.a(divsf3x.o)
 .data          0x00800103        0x0 c:/program files (x86)/atmel/atmel toolchain/avr8 gcc/native/3.4.1056/avr8-gnu-toolchain/bin/../lib/gcc/avr/4.8.1/../../../../avr/lib/avr5\libm.a(fixsfsi.o)
 .data          0x00800103        0x0 c:/program files (x86)/atmel/atmel toolchain/avr8 gcc/native/3.4.1056/avr8-gnu-toolchain/bin/../lib/gcc/avr/4.8.1/../../../../avr/lib/avr5\libm.a(fixunssfsi.o)
 .data          0x00800103        0x0 c:/program files (x86)/atmel/atmel toolchain/avr8 gcc/native/3.4.1056/avr8-gnu-toolchain/bin/../lib/gcc/avr/4.8.1/../../../../avr/lib/avr5\libm.a(floatsisf.o)
 .data          0x00800103        0x0 c:/program files (x86)/atmel/atmel toolchain/avr8 gcc/native/3.4.1056/avr8-gnu-toolchain/bin/../lib/gcc/avr/4.8.1/../../../../avr/lib/avr5\libm.a(fp_cmp.o)
 .data          0x00800103        0x0 c:/program files (x86)/atmel/atmel toolchain/avr8 gcc/native/3.4.1056/avr8-gnu-toolchain/bin/../lib/gcc/avr/4.8.1/../../../../avr/lib/avr5\libm.a(fp_inf.o)
 .data          0x00800103        0x0 c:/program files (x86)/atmel/atmel toolchain/avr8 gcc/native/3.4.1056/avr8-gnu-toolchain/bin/../lib/gcc/avr/4.8.1/../../../../avr/lib/avr5\libm.a(fp_nan.o)
 .data          0x00800103        0x0 c:/program files (x86)/atmel/atmel toolchain/avr8 gcc/native/3.4.1056/avr8-gnu-toolchain/bin/../lib/gcc/avr/4.8.1/../../../../avr/lib/avr5\libm.a(fp_pscA.o)
 .data          0x00800103        0x0 c:/program files (x86)/atmel/atmel toolchain/avr8 gcc/native/3.4.1056/avr8-gnu-toolchain/bin/../lib/gcc/avr/4.8.1/../../../../avr/lib/avr5\libm.a(fp_pscB.o)
 .data          0x00800103        0x0 c:/program files (x86)/atmel/atmel toolchain/avr8 gcc/native/3.4.1056/avr8-gnu-toolchain/bin/../lib/gcc/avr/4.8.1/../../../../avr/lib/avr5\libm.a(fp_round.o)
 .data          0x00800103        0x0 c:/program files (x86)/atmel/atmel toolchain/avr8 gcc/native/3.4.1056/avr8-gnu-toolchain/bin/../lib/gcc/avr/4.8.1/../../../../avr/lib/avr5\libm.a(fp_split3.o)
 .data          0x00800103        0x0 c:/program files (x86)/atmel/atmel toolchain/avr8 gcc/native/3.4.1056/avr8-gnu-toolchain/bin/../lib/gcc/avr/4.8.1/../../../../avr/lib/avr5\libm.a(fp_zero.o)
 .data          0x00800103        0x0 c:/program files (x86)/atmel/atmel toolchain/avr8 gcc/native/3.4.1056/avr8-gnu-toolchain/bin/../lib/gcc/avr/4.8.1/../../../../avr/lib/avr5\libm.a(gesf2.o)
 .data          0x00800103        0x0 c:/program files (x86)/atmel/atmel toolchain/avr8 gcc/native/3.4.1056/avr8-gnu-toolchain/bin/../lib/gcc/avr/4.8.1/../../../../avr/lib/avr5\libm.a(mulsf3.o)
 .data          0x00800103        0x0 c:/program files (x86)/atmel/atmel toolchain/avr8 gcc/native/3.4.1056/avr8-gnu-toolchain/bin/../lib/gcc/avr/4.8.1/../../../../avr/lib/avr5\libm.a(mulsf3x.o)
 .data          0x00800103        0x0 c:/program files (x86)/atmel/atmel toolchain/avr8 gcc/native/3.4.1056/avr8-gnu-toolchain/bin/../lib/gcc/avr/4.8.1/avr5\libgcc.a(_mulsi3.o)
 .data          0x00800103        0x0 c:/program files (x86)/atmel/atmel toolchain/avr8 gcc/native/3.4.1056/avr8-gnu-toolchain/bin/../lib/gcc/avr/4.8.1/avr5\libgcc.a(_divmodhi4.o)
 .data          0x00800103        0x0 c:/program files (x86)/atmel/atmel toolchain/avr8 gcc/native/3.4.1056/avr8-gnu-toolchain/bin/../lib/gcc/avr/4.8.1/avr5\libgcc.a(_udivmodsi4.o)
 .data          0x00800103        0x0 c:/program files (x86)/atmel/atmel toolchain/avr8 gcc/native/3.4.1056/avr8-gnu-toolchain/bin/../lib/gcc/avr/4.8.1/avr5\libgcc.a(_exit.o)
 .data          0x00800103        0x0 c:/program files (x86)/atmel/atmel toolchain/avr8 gcc/native/3.4.1056/avr8-gnu-toolchain/bin/../lib/gcc/avr/4.8.1/avr5\libgcc.a(_copy_data.o)
 .data          0x00800103        0x0 c:/program files (x86)/atmel/atmel toolchain/avr8 gcc/native/3.4.1056/avr8-gnu-toolchain/bin/../lib/gcc/avr/4.8.1/avr5\libgcc.a(_clear_bss.o)
 .data          0x00800103        0x0 c:/program files (x86)/atmel/atmel toolchain/avr8 gcc/native/3.4.1056/avr8-gnu-toolchain/bin/../lib/gcc/avr/4.8.1/avr5\libgcc.a(_ctors.o)
 .data          0x00800103        0x0 c:/program files (x86)/atmel/atmel toolchain/avr8 gcc/native/3.4.1056/avr8-gnu-toolchain/bin/../lib/gcc/avr/4.8.1/avr5\libgcc.a(_muluhisi3.o)
 .data          0x00800103        0x0 c:/program files (x86)/atmel/atmel toolchain/avr8 gcc/native/3.4.1056/avr8-gnu-toolchain/bin/../lib/gcc/avr/4.8.1/avr5\libgcc.a(_udivmodhi4.o)
 .data          0x00800103        0x0 c:/program files (x86)/atmel/atmel toolchain/avr8 gcc/native/3.4.1056/avr8-gnu-toolchain/bin/../lib/gcc/avr/4.8.1/avr5\libgcc.a(_tablejump.o)
 .data          0x00800103        0x0 c:/program files (x86)/atmel/atmel toolchain/avr8 gcc/native/3.4.1056/avr8-gnu-toolchain/bin/../lib/gcc/avr/4.8.1/avr5\libgcc.a(_umulhisi3.o)
 .data          0x00800103        0x6 c:/program files (x86)/atmel/atmel toolchain/avr8 gcc/native/3.4.1056/avr8-gnu-toolchain/bin/../lib/gcc/avr/4.8.1/../../../../avr/lib/avr5\libc.a(malloc.o)
                0x00800103                __malloc_heap_end
                0x00800105                __malloc_heap_start
                0x00800107                __malloc_margin
 .data          0x00800109        0x0 c:/program files (x86)/atmel/atmel toolchain/avr8 gcc/native/3.4.1056/avr8-gnu-toolchain/bin/../lib/gcc/avr/4.8.1/../../../../avr/lib/avr5\libc.a(realloc.o)
 .data          0x00800109        0x0 c:/program files (x86)/atmel/atmel toolchain/avr8 gcc/native/3.4.1056/avr8-gnu-toolchain/bin/../lib/gcc/avr/4.8.1/../../../../avr/lib/avr5\libc.a(atol.o)
 .data          0x00800109        0x0 c:/program files (x86)/atmel/atmel toolchain/avr8 gcc/native/3.4.1056/avr8-gnu-toolchain/bin/../lib/gcc/avr/4.8.1/../../../../avr/lib/avr5\libc.a(isspace.o)
 .data          0x00800109        0x0 c:/program files (x86)/atmel/atmel toolchain/avr8 gcc/native/3.4.1056/avr8-gnu-toolchain/bin/../lib/gcc/avr/4.8.1/../../../../avr/lib/avr5\libc.a(tolower.o)
 .data          0x00800109        0x0 c:/program files (x86)/atmel/atmel toolchain/avr8 gcc/native/3.4.1056/avr8-gnu-toolchain/bin/../lib/gcc/avr/4.8.1/../../../../avr/lib/avr5\libc.a(toupper.o)
 .data          0x00800109        0x0 c:/program files (x86)/atmel/atmel toolchain/avr8 gcc/native/3.4.1056/avr8-gnu-toolchain/bin/../lib/gcc/avr/4.8.1/../../../../avr/lib/avr5\libc.a(strtok.o)
 .data          0x00800109        0x0 c:/program files (x86)/atmel/atmel toolchain/avr8 gcc/native/3.4.1056/avr8-gnu-toolchain/bin/../lib/gcc/avr/4.8.1/../../../../avr/lib/avr5\libc.a(memcpy.o)
 .data          0x00800109        0x0 c:/program files (x86)/atmel/atmel toolchain/avr8 gcc/native/3.4.1056/avr8-gnu-toolchain/bin/../lib/gcc/avr/4.8.1/../../../../avr/lib/avr5\libc.a(memmove.o)
 .data          0x00800109        0x0 c:/program files (x86)/atmel/atmel toolchain/avr8 gcc/native/3.4.1056/avr8-gnu-toolchain/bin/../lib/gcc/avr/4.8.1/../../../../avr/lib/avr5\libc.a(strchr.o)
 .data          0x00800109        0x0 c:/program files (x86)/atmel/atmel toolchain/avr8 gcc/native/3.4.1056/avr8-gnu-toolchain/bin/../lib/gcc/avr/4.8.1/../../../../avr/lib/avr5\libc.a(strcmp.o)
 .data          0x00800109        0x0 c:/program files (x86)/atmel/atmel toolchain/avr8 gcc/native/3.4.1056/avr8-gnu-toolchain/bin/../lib/gcc/avr/4.8.1/../../../../avr/lib/avr5\libc.a(strcpy.o)
 .data          0x00800109        0x0 c:/program files (x86)/atmel/atmel toolchain/avr8 gcc/native/3.4.1056/avr8-gnu-toolchain/bin/../lib/gcc/avr/4.8.1/../../../../avr/lib/avr5\libc.a(strncmp.o)
 .data          0x00800109        0x0 c:/program files (x86)/atmel/atmel toolchain/avr8 gcc/native/3.4.1056/avr8-gnu-toolchain/bin/../lib/gcc/avr/4.8.1/../../../../avr/lib/avr5\libc.a(strncpy.o)
 .data          0x00800109        0x0 c:/program files (x86)/atmel/atmel toolchain/avr8 gcc/native/3.4.1056/avr8-gnu-toolchain/bin/../lib/gcc/avr/4.8.1/../../../../avr/lib/avr5\libc.a(strrchr.o)
 .data          0x00800109        0x0 c:/program files (x86)/atmel/atmel toolchain/avr8 gcc/native/3.4.1056/avr8-gnu-toolchain/bin/../lib/gcc/avr/4.8.1/../../../../avr/lib/avr5\libc.a(strstr.o)
 .data          0x00800109        0x0 c:/program files (x86)/atmel/atmel toolchain/avr8 gcc/native/3.4.1056/avr8-gnu-toolchain/bin/../lib/gcc/avr/4.8.1/../../../../avr/lib/avr5\libc.a(strtok_r.o)
 .data          0x00800109        0x0 c:/program files (x86)/atmel/atmel toolchain/avr8 gcc/native/3.4.1056/avr8-gnu-toolchain/bin/../lib/gcc/avr/4.8.1/../../../../avr/lib/avr5\libc.a(itoa.o)
 .data          0x00800109        0x0 c:/program files (x86)/atmel/atmel toolchain/avr8 gcc/native/3.4.1056/avr8-gnu-toolchain/bin/../lib/gcc/avr/4.8.1/../../../../avr/lib/avr5\libc.a(itoa_ncheck.o)
 .data          0x00800109        0x0 c:/program files (x86)/atmel/atmel toolchain/avr8 gcc/native/3.4.1056/avr8-gnu-toolchain/bin/../lib/gcc/avr/4.8.1/../../../../avr/lib/avr5\libc.a(ltoa.o)
 .data          0x00800109        0x0 c:/program files (x86)/atmel/atmel toolchain/avr8 gcc/native/3.4.1056/avr8-gnu-toolchain/bin/../lib/gcc/avr/4.8.1/../../../../avr/lib/avr5\libc.a(ltoa_ncheck.o)
 .data          0x00800109        0x0 c:/program files (x86)/atmel/atmel toolchain/avr8 gcc/native/3.4.1056/avr8-gnu-toolchain/bin/../lib/gcc/avr/4.8.1/../../../../avr/lib/avr5\libc.a(mulsi10.o)
 .data          0x00800109        0x0 c:/program files (x86)/atmel/atmel toolchain/avr8 gcc/native/3.4.1056/avr8-gnu-toolchain/bin/../lib/gcc/avr/4.8.1/../../../../avr/lib/avr5\libc.a(ultoa.o)
 .data          0x00800109        0x0 c:/program files (x86)/atmel/atmel toolchain/avr8 gcc/native/3.4.1056/avr8-gnu-toolchain/bin/../lib/gcc/avr/4.8.1/../../../../avr/lib/avr5\libc.a(ultoa_ncheck.o)
 .data          0x00800109        0x0 c:/program files (x86)/atmel/atmel toolchain/avr8 gcc/native/3.4.1056/avr8-gnu-toolchain/bin/../lib/gcc/avr/4.8.1/../../../../avr/lib/avr5\libc.a(utoa.o)
 .data          0x00800109        0x0 c:/program files (x86)/atmel/atmel toolchain/avr8 gcc/native/3.4.1056/avr8-gnu-toolchain/bin/../lib/gcc/avr/4.8.1/../../../../avr/lib/avr5\libc.a(utoa_ncheck.o)
 .data          0x00800109        0x0 c:/program files (x86)/atmel/atmel toolchain/avr8 gcc/native/3.4.1056/avr8-gnu-toolchain/bin/../lib/gcc/avr/4.8.1/../../../../avr/lib/avr5\libc.a(sprintf.o)
 .data          0x00800109        0x0 c:/program files (x86)/atmel/atmel toolchain/avr8 gcc/native/3.4.1056/avr8-gnu-toolchain/bin/../lib/gcc/avr/4.8.1/../../../../avr/lib/avr5\libc.a(vfprintf_std.o)
 .data          0x00800109        0x0 c:/program files (x86)/atmel/atmel toolchain/avr8 gcc/native/3.4.1056/avr8-gnu-toolchain/bin/../lib/gcc/avr/4.8.1/../../../../avr/lib/avr5\libc.a(cty_isfalse.o)
 .data          0x00800109        0x0 c:/program files (x86)/atmel/atmel toolchain/avr8 gcc/native/3.4.1056/avr8-gnu-toolchain/bin/../lib/gcc/avr/4.8.1/../../../../avr/lib/avr5\libc.a(strnlen_P.o)
 .data          0x00800109        0x0 c:/program files (x86)/atmel/atmel toolchain/avr8 gcc/native/3.4.1056/avr8-gnu-toolchain/bin/../lib/gcc/avr/4.8.1/../../../../avr/lib/avr5\libc.a(strnlen.o)
 .data          0x00800109        0x0 c:/program files (x86)/atmel/atmel toolchain/avr8 gcc/native/3.4.1056/avr8-gnu-toolchain/bin/../lib/gcc/avr/4.8.1/../../../../avr/lib/avr5\libc.a(strrev.o)
 .data          0x00800109        0x0 c:/program files (x86)/atmel/atmel toolchain/avr8 gcc/native/3.4.1056/avr8-gnu-toolchain/bin/../lib/gcc/avr/4.8.1/../../../../avr/lib/avr5\libc.a(fputc.o)
 .data          0x00800109        0x0 c:/program files (x86)/atmel/atmel toolchain/avr8 gcc/native/3.4.1056/avr8-gnu-toolchain/bin/../lib/gcc/avr/4.8.1/../../../../avr/lib/avr5\libc.a(ultoa_invert.o)
 .data          0x00800109        0x0 c:/program files (x86)/atmel/atmel toolchain/avr8 gcc/native/3.4.1056/avr8-gnu-toolchain/bin/../lib/gcc/avr/4.8.1/avr5\libgcc.a(_prologue.o)
 .data          0x00800109        0x0 c:/program files (x86)/atmel/atmel toolchain/avr8 gcc/native/3.4.1056/avr8-gnu-toolchain/bin/../lib/gcc/avr/4.8.1/avr5\libgcc.a(_epilogue.o)
 *(.data*)
 .data.displayCounter
                0x00800109        0x2 thermostat.o
                0x00800109                displayCounter
 .data.analog_reference
                0x0080010b        0x1 C:\projects\house\Sensor\Arduino_Core\libAtMega328_core.a(wiring_analog.c.o)
                0x0080010b                analog_reference
 *(.rodata)
 *(.rodata*)
 .rodata._ZTV7TwoWire
                0x0080010c       0x10 Arduino_Core/Wire.o
                0x0080010c                _ZTV7TwoWire
 .rodata.str1.1
                0x00000000        0x0 common/SHT2x.o
                                  0x3 (size before relaxing)
 .rodata._ZTV12ZBRxResponse
                0x0080011c        0x8 common/XBee.o
                0x0080011c                _ZTV12ZBRxResponse
 .rodata._ZTV11ZBTxRequest
                0x00800124        0x8 common/XBee.o
                0x00800124                _ZTV11ZBTxRequest
 .rodata._ZTV16AtCommandRequest
                0x0080012c        0x8 common/XBee.o
                0x0080012c                _ZTV16AtCommandRequest
 .rodata.str1.1
                0x00800134        0x2 Lcd.o
                                  0x3 (size before relaxing)
 .rodata.str1.1
                0x00800136      0x154 thermostat.o
 .rodata._ZTV14HardwareSerial
                0x0080028a       0x10 C:\projects\house\Sensor\Arduino_Core\libAtMega328_core.a(HardwareSerial.cpp.o)
                0x0080028a                _ZTV14HardwareSerial
 *(.gnu.linkonce.d*)
                0x0080029a                . = ALIGN (0x2)
                0x0080029a                _edata = .
                0x0080029a                PROVIDE (__data_end, .)

.bss            0x0080029a      0x4bb
                0x0080029a                PROVIDE (__bss_start, .)
 *(.bss)
 .bss           0x0080029a        0x2 c:/program files (x86)/atmel/atmel toolchain/avr8 gcc/native/3.4.1056/avr8-gnu-toolchain/bin/../lib/gcc/avr/4.8.1/../../../../avr/lib/avr5\libc.a(strtok.o)
 *(.bss*)
 .bss.EEPROM    0x0080029c        0x1 Arduino_Core/EEPROM.o
                0x0080029c                EEPROM
 .bss.twi_error
                0x0080029d        0x1 Arduino_Core/twi.o
 .bss.twi_rxBufferIndex
                0x0080029e        0x1 Arduino_Core/twi.o
 .bss.twi_rxBuffer
                0x0080029f       0x20 Arduino_Core/twi.o
 .bss.twi_txBufferLength
                0x008002bf        0x1 Arduino_Core/twi.o
 .bss.twi_txBufferIndex
                0x008002c0        0x1 Arduino_Core/twi.o
 .bss.twi_txBuffer
                0x008002c1       0x20 Arduino_Core/twi.o
 .bss.twi_masterBufferLength
                0x008002e1        0x1 Arduino_Core/twi.o
 .bss.twi_masterBufferIndex
                0x008002e2        0x1 Arduino_Core/twi.o
 .bss.twi_masterBuffer
                0x008002e3       0x20 Arduino_Core/twi.o
 .bss.twi_onSlaveReceive
                0x00800303        0x2 Arduino_Core/twi.o
 .bss.twi_onSlaveTransmit
                0x00800305        0x2 Arduino_Core/twi.o
 .bss.twi_slarw
                0x00800307        0x1 Arduino_Core/twi.o
 .bss.twi_state
                0x00800308        0x1 Arduino_Core/twi.o
 .bss.Wire      0x00800309        0xc Arduino_Core/Wire.o
                0x00800309                Wire
 .bss._ZN7TwoWire12transmittingE
                0x00800315        0x1 Arduino_Core/Wire.o
                0x00800315                _ZN7TwoWire12transmittingE
 .bss._ZN7TwoWire14txBufferLengthE
                0x00800316        0x1 Arduino_Core/Wire.o
                0x00800316                _ZN7TwoWire14txBufferLengthE
 .bss._ZN7TwoWire13txBufferIndexE
                0x00800317        0x1 Arduino_Core/Wire.o
                0x00800317                _ZN7TwoWire13txBufferIndexE
 .bss._ZN7TwoWire8txBufferE
                0x00800318       0x20 Arduino_Core/Wire.o
                0x00800318                _ZN7TwoWire8txBufferE
 .bss._ZN7TwoWire9txAddressE
                0x00800338        0x1 Arduino_Core/Wire.o
                0x00800338                _ZN7TwoWire9txAddressE
 .bss._ZN7TwoWire14rxBufferLengthE
                0x00800339        0x1 Arduino_Core/Wire.o
                0x00800339                _ZN7TwoWire14rxBufferLengthE
 .bss._ZN7TwoWire13rxBufferIndexE
                0x0080033a        0x1 Arduino_Core/Wire.o
                0x0080033a                _ZN7TwoWire13rxBufferIndexE
 .bss._ZN7TwoWire8rxBufferE
                0x0080033b       0x20 Arduino_Core/Wire.o
                0x0080033b                _ZN7TwoWire8rxBufferE
 .bss.SHT2x     0x0080035b        0x1 common/SHT2x.o
                0x0080035b                SHT2x
 .bss._ZN22RemoteAtCommandRequest18broadcastAddress64E
                0x0080035c        0x8 common/XBee.o
                0x0080035c                _ZN22RemoteAtCommandRequest18broadcastAddress64E
 .bss.Lcd       0x00800364       0xa1 Lcd.o
                0x00800364                Lcd
 .bss.stillWaitingForResonse
                0x00800405        0x1 thermostat.o
                0x00800405                stillWaitingForResonse
 .bss.rssi      0x00800406        0x1 thermostat.o
                0x00800406                rssi
 .bss.wdtResetFlag
                0x00800407        0x1 thermostat.o
                0x00800407                wdtResetFlag
 .bss.wdtResetCount
                0x00800408        0x1 thermostat.o
                0x00800408                wdtResetCount
 .bss.tempChange
                0x00800409        0x2 thermostat.o
                0x00800409                tempChange
 .bss.buffer    0x0080040b       0x50 thermostat.o
                0x0080040b                buffer
 .bss.downButtonPressed
                0x0080045b        0x1 thermostat.o
                0x0080045b                downButtonPressed
 .bss.upButtonPressed
                0x0080045c        0x1 thermostat.o
                0x0080045c                upButtonPressed
 .bss.backLightButtonPressed
                0x0080045d        0x1 thermostat.o
                0x0080045d                backLightButtonPressed
 .bss.xbeeTimeoutErrors
                0x0080045e        0x1 thermostat.o
                0x0080045e                xbeeTimeoutErrors
 .bss.xbeeCommErrors
                0x0080045f        0x1 thermostat.o
                0x0080045f                xbeeCommErrors
 .bss.sensorCommErrors
                0x00800460        0x1 thermostat.o
                0x00800460                sensorCommErrors
 .bss.zbRxResponse
                0x00800461       0x13 thermostat.o
                0x00800461                zbRxResponse
 .bss.addr64    0x00800474        0x8 thermostat.o
                0x00800474                addr64
 .bss.utils     0x0080047c       0x15 thermostat.o
                0x0080047c                utils
 .bss.xbee      0x00800491      0x210 thermostat.o
                0x00800491                xbee
 .bss.intFunc   0x008006a1        0x4 C:\projects\house\Sensor\Arduino_Core\libAtMega328_core.a(WInterrupts.c.o)
 .bss.timer0_overflow_count
                0x008006a5        0x4 C:\projects\house\Sensor\Arduino_Core\libAtMega328_core.a(wiring.c.o)
                0x008006a5                timer0_overflow_count
 .bss.timer0_millis
                0x008006a9        0x4 C:\projects\house\Sensor\Arduino_Core\libAtMega328_core.a(wiring.c.o)
                0x008006a9                timer0_millis
 .bss.timer0_fract
                0x008006ad        0x1 C:\projects\house\Sensor\Arduino_Core\libAtMega328_core.a(wiring.c.o)
 .bss.rx_buffer
                0x008006ae       0x44 C:\projects\house\Sensor\Arduino_Core\libAtMega328_core.a(HardwareSerial.cpp.o)
                0x008006ae                rx_buffer
 .bss.tx_buffer
                0x008006f2       0x44 C:\projects\house\Sensor\Arduino_Core\libAtMega328_core.a(HardwareSerial.cpp.o)
                0x008006f2                tx_buffer
 .bss.Serial    0x00800736       0x1f C:\projects\house\Sensor\Arduino_Core\libAtMega328_core.a(HardwareSerial.cpp.o)
                0x00800736                Serial
 *(COMMON)
                0x00800755                PROVIDE (__bss_end, .)
                0x0000336a                __data_load_start = LOADADDR (.data)
                0x00003504                __data_load_end = (__data_load_start + SIZEOF (.data))

.noinit         0x00800755        0x0
                0x00800755                PROVIDE (__noinit_start, .)
 *(.noinit*)
                0x00800755                PROVIDE (__noinit_end, .)
                0x00800755                _end = .
                0x00800755                PROVIDE (__heap_start, .)

.eeprom         0x00810000        0x0
 *(.eeprom*)
                0x00810000                __eeprom_end = .

.fuse
 *(.fuse)
 *(.lfuse)
 *(.hfuse)
 *(.efuse)

.lock
 *(.lock*)

.signature
 *(.signature*)

.user_signatures
 *(.user_signatures*)

.stab
 *(.stab)

.stabstr
 *(.stabstr)

.stab.excl
 *(.stab.excl)

.stab.exclstr
 *(.stab.exclstr)

.stab.index
 *(.stab.index)

.stab.indexstr
 *(.stab.indexstr)

.comment        0x00000000       0x5c
 *(.comment)
 .comment       0x00000000       0x30 Arduino_Core/EEPROM.o
                                 0x31 (size before relaxing)
 .comment       0x00000000       0x31 Arduino_Core/twi.o
 .comment       0x00000000       0x31 Arduino_Core/Wire.o
 .comment       0x00000000       0x31 common/SensorUtils.o
 .comment       0x00000000       0x31 common/SHT2x.o
 .comment       0x00000000       0x31 common/XBee.o
 .comment       0x00000000       0x31 Lcd.o
 .comment       0x00000000       0x31 thermostat.o
 .comment       0x00000000       0x31 c:/program files (x86)/atmel/atmel toolchain/avr8 gcc/native/3.4.1056/avr8-gnu-toolchain/bin/../lib/gcc/avr/4.8.1/../../../../avr/lib/avr5\libc.a(malloc.o)
 .comment       0x00000000       0x31 c:/program files (x86)/atmel/atmel toolchain/avr8 gcc/native/3.4.1056/avr8-gnu-toolchain/bin/../lib/gcc/avr/4.8.1/../../../../avr/lib/avr5\libc.a(realloc.o)
 .comment       0x00000000       0x31 c:/program files (x86)/atmel/atmel toolchain/avr8 gcc/native/3.4.1056/avr8-gnu-toolchain/bin/../lib/gcc/avr/4.8.1/../../../../avr/lib/avr5\libc.a(strtok.o)
 .comment       0x00000000       0x31 c:/program files (x86)/atmel/atmel toolchain/avr8 gcc/native/3.4.1056/avr8-gnu-toolchain/bin/../lib/gcc/avr/4.8.1/../../../../avr/lib/avr5\libc.a(sprintf.o)
 .comment       0x00000030       0x2c c:/program files (x86)/atmel/atmel toolchain/avr8 gcc/native/3.4.1056/avr8-gnu-toolchain/bin/../lib/gcc/avr/4.8.1/../../../../avr/lib/avr5\libc.a(vfprintf_std.o)
                                 0x2d (size before relaxing)
 .comment       0x00000000       0x31 c:/program files (x86)/atmel/atmel toolchain/avr8 gcc/native/3.4.1056/avr8-gnu-toolchain/bin/../lib/gcc/avr/4.8.1/../../../../avr/lib/avr5\libc.a(fputc.o)

.note.gnu.build-id
 *(.note.gnu.build-id)

.debug
 *(.debug)

.line
 *(.line)

.debug_srcinfo
 *(.debug_srcinfo)

.debug_sfnames
 *(.debug_sfnames)

.debug_aranges
 *(.debug_aranges)

.debug_pubnames
 *(.debug_pubnames)

.debug_info
 *(.debug_info .gnu.linkonce.wi.*)

.debug_abbrev
 *(.debug_abbrev)

.debug_line
 *(.debug_line .debug_line.* .debug_line_end)

.debug_frame
 *(.debug_frame)

.debug_str
 *(.debug_str)

.debug_loc
 *(.debug_loc)

.debug_macinfo
 *(.debug_macinfo)

.debug_weaknames
 *(.debug_weaknames)

.debug_funcnames
 *(.debug_funcnames)

.debug_typenames
 *(.debug_typenames)

.debug_varnames
 *(.debug_varnames)

.debug_pubtypes
 *(.debug_pubtypes)

.debug_ranges
 *(.debug_ranges)

.debug_macro
 *(.debug_macro)
OUTPUT(thermostat.elf elf32-avr)
LOAD linker stubs
