Archive member included because of file (symbol)

C:/projects/house/ArmModule/firmware/../../../embUnit/embUnit THUMB Debug/embUnit.a(AssertImpl.o)
                              AutomationModule THUMB Debug/WiFiTask_test.o (assertImplementationCStr)
C:/projects/house/ArmModule/firmware/../../../embUnit/embUnit THUMB Debug/embUnit.a(stdImpl.o)
                              C:/projects/house/ArmModule/firmware/../../../embUnit/embUnit THUMB Debug/embUnit.a(AssertImpl.o) (stdimpl_strcpy)
C:/projects/house/ArmModule/firmware/../../../embUnit/embUnit THUMB Debug/embUnit.a(TestCaller.o)
                              AutomationModule THUMB Debug/WiFiTask_test.o (TestCallerImplement)
C:/projects/house/ArmModule/firmware/../../../embUnit/embUnit THUMB Debug/embUnit.a(TestCase.o)
                              C:/projects/house/ArmModule/firmware/../../../embUnit/embUnit THUMB Debug/embUnit.a(AssertImpl.o) (addFailure)
C:/projects/house/ArmModule/firmware/../../../embUnit/embUnit THUMB Debug/embUnit.a(TestResult.o)
                              C:/projects/house/ArmModule/firmware/../../../embUnit/embUnit THUMB Debug/embUnit.a(TestCase.o) (TestResult_startTest)
C:/projects/house/ArmModule/firmware/../../../embUnit/embUnit THUMB Debug/embUnit.a(TestRunner.o)
                              AutomationModule THUMB Debug/main.o (TestRunner_start)
C:/Program Files (x86)/Rowley Associates Limited/CrossWorks for ARM 3.6/lib/libc_v7em_fpv4_sp_d16_hard_t_le_eabi_f.a(libc2.o)
                              AutomationModule THUMB Debug/WiFiTask.o (itoa)
C:/Program Files (x86)/Rowley Associates Limited/CrossWorks for ARM 3.6/lib/libc_v7em_fpv4_sp_d16_hard_t_le_eabi_f.a(libc2_asm.o)
                              AutomationModule THUMB Debug/queue.o (memcpy)
C:/Program Files (x86)/Rowley Associates Limited/CrossWorks for ARM 3.6/lib/libc_v7em_fpv4_sp_d16_hard_t_le_eabi_f.a(libc_asm.o)
                              C:/Program Files (x86)/Rowley Associates Limited/CrossWorks for ARM 3.6/lib/libc_v7em_fpv4_sp_d16_hard_t_le_eabi_f.a(libc2.o) (__aeabi_uldivmod)
C:/Program Files (x86)/Rowley Associates Limited/CrossWorks for ARM 3.6/lib/libcpp_v7em_fpv4_sp_d16_hard_t_le_eabi_f.a(new.o)
                              AutomationModule THUMB Debug/main.o (operator new(unsigned int))
C:/Program Files (x86)/Rowley Associates Limited/CrossWorks for ARM 3.6/lib/libdebugio_v7em_fpv4_sp_d16_hard_t_le_eabi_f.a(libdebugio.o)
                              AutomationModule THUMB Debug/main.o (debug_putchar)
C:/Program Files (x86)/Rowley Associates Limited/CrossWorks for ARM 3.6/lib/libdebugio_v7em_fpv4_sp_d16_hard_t_le_eabi_f.a(libdebugio_asm.o)
                              AutomationModule THUMB Debug/main.o (debug_printf)
C:/Program Files (x86)/Rowley Associates Limited/CrossWorks for ARM 3.6/lib/libgccxceptrtti_v7em_fpv4_sp_d16_hard_t_le_eabi_f.a(class_type_info.o)
                              AutomationModule THUMB Debug/WiFiTask.o (vtable for __cxxabiv1::__class_type_info)
C:/Program Files (x86)/Rowley Associates Limited/CrossWorks for ARM 3.6/lib/libgccxceptrtti_v7em_fpv4_sp_d16_hard_t_le_eabi_f.a(eh_exception.o)
                              C:/Program Files (x86)/Rowley Associates Limited/CrossWorks for ARM 3.6/lib/libcpp_v7em_fpv4_sp_d16_hard_t_le_eabi_f.a(new.o) (std::exception::~exception())
C:/Program Files (x86)/Rowley Associates Limited/CrossWorks for ARM 3.6/lib/libgccxceptrtti_v7em_fpv4_sp_d16_hard_t_le_eabi_f.a(si_class_type_info.o)
                              AutomationModule THUMB Debug/WiFiTask.o (vtable for __cxxabiv1::__si_class_type_info)
C:/Program Files (x86)/Rowley Associates Limited/CrossWorks for ARM 3.6/lib/libgccxceptrtti_v7em_fpv4_sp_d16_hard_t_le_eabi_f.a(tinfo.o)
                              C:/Program Files (x86)/Rowley Associates Limited/CrossWorks for ARM 3.6/lib/libgccxceptrtti_v7em_fpv4_sp_d16_hard_t_le_eabi_f.a(class_type_info.o) (std::type_info::~type_info())
C:/Program Files (x86)/Rowley Associates Limited/CrossWorks for ARM 3.6/lib/libgccxceptrtti_v7em_fpv4_sp_d16_hard_t_le_eabi_f.a(vmi_class_type_info.o)
                              AutomationModule THUMB Debug/WiFiTask.o (vtable for __cxxabiv1::__vmi_class_type_info)
C:/Program Files (x86)/Rowley Associates Limited/CrossWorks for ARM 3.6/lib/libgccxceptrtti_v7em_fpv4_sp_d16_hard_t_le_eabi_f.a(unwind-arm.o)
                              C:/Program Files (x86)/Rowley Associates Limited/CrossWorks for ARM 3.6/lib/libgccxceptrtti_v7em_fpv4_sp_d16_hard_t_le_eabi_f.a(class_type_info.o) (__aeabi_unwind_cpp_pr0)
C:/Program Files (x86)/Rowley Associates Limited/CrossWorks for ARM 3.6/lib/libgccxceptrtti_v7em_fpv4_sp_d16_hard_t_le_eabi_f.a(libunwind.o)
                              C:/Program Files (x86)/Rowley Associates Limited/CrossWorks for ARM 3.6/lib/libgccxceptrtti_v7em_fpv4_sp_d16_hard_t_le_eabi_f.a(unwind-arm.o) (restore_core_regs)
[...]
Memory Configuration

Name             Origin             Length             Attributes
UNPLACED_SECTIONS 0xffffffff         0x00000000         xw
FLASH            0x08000000         0x00100000         xr
DATA_SRAM        0x10000000         0x00010000         xw
SYSTEM           0x1fff0000         0x00007a10         xw
OPTION           0x1fffc000         0x00000008         xw
RAM              0x20000000         0x00020000         xw
SRAM1            0x20000000         0x0001c000         xw
SRAM2            0x2001c000         0x00004000         xw
APB1             0x40000000         0x00007800         xw
APB2             0x40010000         0x00004c00         xw
AHB1             0x40020000         0x00080000         xw
AHB2             0x50000000         0x00060c00         xw
FSMC             0xa0000000         0x00001000         xw
PCCARD           0x90000000         0x00000000         xw
NAND2            0x80000000         0x00000000         xw
NAND1            0x70000000         0x00000000         xw
NOR_PSRAM4       0x6c000000         0x00000000         xw
NOR_PSRAM3       0x68000000         0x00000000         xw
NOR_PSRAM2       0x64000000         0x00000000         xw
NOR_PSRAM1       0x60000000         0x00000000         xw
PPB              0xe0000000         0x00100000         xw
DBG              0xe0042000         0x00000010         xw
*default*        0x00000000         0xffffffff

Linker script and memory map

                0x08006238                __vfprintf = __vfprintf_float_long_long
                0x00000000                __vfscanf = __vfscanf_float_long_long_cc
                0x08000000                __FLASH_segment_start__ = 0x8000000
                0x08100000                __FLASH_segment_end__ = 0x8100000
                0x00100000                __FLASH_segment_size__ = 0x100000
                0x10000000                __DATA_SRAM_segment_start__ = 0x10000000
                0x10010000                __DATA_SRAM_segment_end__ = 0x10010000
                0x00010000                __DATA_SRAM_segment_size__ = 0x10000
                0x1fff0000                __SYSTEM_segment_start__ = 0x1fff0000
                0x1fff7a10                __SYSTEM_segment_end__ = 0x1fff7a10
                0x00007a10                __SYSTEM_segment_size__ = 0x7a10
                0x1fffc000                __OPTION_segment_start__ = 0x1fffc000
                0x1fffc008                __OPTION_segment_end__ = 0x1fffc008
                0x00000008                __OPTION_segment_size__ = 0x8
                0x20000000                __RAM_segment_start__ = 0x20000000
                0x20020000                __RAM_segment_end__ = 0x20020000
                0x00020000                __RAM_segment_size__ = 0x20000
                0x20000000                __SRAM1_segment_start__ = 0x20000000
                0x2001c000                __SRAM1_segment_end__ = 0x2001c000
                0x0001c000                __SRAM1_segment_size__ = 0x1c000
                0x2001c000                __SRAM2_segment_start__ = 0x2001c000
                0x20020000                __SRAM2_segment_end__ = 0x20020000
                0x00004000                __SRAM2_segment_size__ = 0x4000
                0x40000000                __APB1_segment_start__ = 0x40000000
                0x40007800                __APB1_segment_end__ = 0x40007800
                0x00007800                __APB1_segment_size__ = 0x7800
                0x40010000                __APB2_segment_start__ = 0x40010000
                0x40014c00                __APB2_segment_end__ = 0x40014c00
                0x00004c00                __APB2_segment_size__ = 0x4c00
                0x40020000                __AHB1_segment_start__ = 0x40020000
                0x400a0000                __AHB1_segment_end__ = 0x400a0000
                0x00080000                __AHB1_segment_size__ = 0x80000
                0x50000000                __AHB2_segment_start__ = 0x50000000
                0x50060c00                __AHB2_segment_end__ = 0x50060c00
                0x00060c00                __AHB2_segment_size__ = 0x60c00
                0xa0000000                __FSMC_segment_start__ = 0xa0000000
                0xa0001000                __FSMC_segment_end__ = 0xa0001000
                0x00001000                __FSMC_segment_size__ = 0x1000
                0x90000000                __PCCARD_segment_start__ = 0x90000000
                0x90000000                __PCCARD_segment_end__ = 0x90000000
                0x00000000                __PCCARD_segment_size__ = 0x0
                0x80000000                __NAND2_segment_start__ = 0x80000000
                0x80000000                __NAND2_segment_end__ = 0x80000000
                0x00000000                __NAND2_segment_size__ = 0x0
                0x70000000                __NAND1_segment_start__ = 0x70000000
                0x70000000                __NAND1_segment_end__ = 0x70000000
                0x00000000                __NAND1_segment_size__ = 0x0
                0x6c000000                __NOR_PSRAM4_segment_start__ = 0x6c000000
                0x6c000000                __NOR_PSRAM4_segment_end__ = 0x6c000000
                0x00000000                __NOR_PSRAM4_segment_size__ = 0x0
                0x68000000                __NOR_PSRAM3_segment_start__ = 0x68000000
                0x68000000                __NOR_PSRAM3_segment_end__ = 0x68000000
                0x00000000                __NOR_PSRAM3_segment_size__ = 0x0
                0x64000000                __NOR_PSRAM2_segment_start__ = 0x64000000
                0x64000000                __NOR_PSRAM2_segment_end__ = 0x64000000
                0x00000000                __NOR_PSRAM2_segment_size__ = 0x0
                0x60000000                __NOR_PSRAM1_segment_start__ = 0x60000000
                0x60000000                __NOR_PSRAM1_segment_end__ = 0x60000000
                0x00000000                __NOR_PSRAM1_segment_size__ = 0x0
                0xe0000000                __PPB_segment_start__ = 0xe0000000
                0xe0100000                __PPB_segment_end__ = 0xe0100000
                0x00100000                __PPB_segment_size__ = 0x100000
                0xe0042000                __DBG_segment_start__ = 0xe0042000
                0xe0042010                __DBG_segment_end__ = 0xe0042010
                0x00000010                __DBG_segment_size__ = 0x10
                0x00001000                __HEAPSIZE__ = 0x1000
                0x00000000                __STACKSIZE_ABT__ = 0x0
                0x00000000                __STACKSIZE_FIQ__ = 0x0
                0x00000000                __STACKSIZE_IRQ__ = 0x0
                0x00000000                __STACKSIZE_PROCESS__ = 0x0
                0x00000000                __STACKSIZE_SVC__ = 0x0
                0x00000000                __STACKSIZE_UND__ = 0x0
                0x00000800                __STACKSIZE__ = 0x800
                0x20000000                __vectors_ram_load_start__ = ALIGN (__RAM_segment_start__, 0x100)

.vectors_ram    0x20000000        0x0
                0x20000000                __vectors_ram_start__ = .
 *(.vectors_ram .vectors_ram.*)
                0x20000000                __vectors_ram_end__ = (__vectors_ram_start__ + SIZEOF (.vectors_ram))
                0x00000000                __vectors_ram_size__ = SIZEOF (.vectors_ram)
                0x20000000                __vectors_ram_load_end__ = __vectors_ram_end__
                0x00000001                . = ASSERT (((__vectors_ram_start__ == __vectors_ram_end__) || ((__vectors_ram_end__ >= __RAM_segment_start__) && (__vectors_ram_end__ <= __RAM_segment_end__))), error: .vectors_ram is too large to fit in RAM memory segment)
                0x08000000                __vectors_load_start__ = ALIGN (__FLASH_segment_start__, 0x100)

.vectors        0x08000000      0x188
                0x08000000                __vectors_start__ = .
 *(.vectors .vectors.*)
 .vectors       0x08000000      0x188 AutomationModule THUMB Debug/STM32_Startup.o
                0x08000000                _vectors
                0x08000188                __vectors_end__ = (__vectors_start__ + SIZEOF (.vectors))
                0x00000188                __vectors_size__ = SIZEOF (.vectors)
                0x08000188                __vectors_load_end__ = __vectors_end__
                0x00000001                . = ASSERT (((__vectors_start__ == __vectors_end__) || ((__vectors_end__ >= __FLASH_segment_start__) && (__vectors_end__ <= __FLASH_segment_end__))), error: .vectors is too large to fit in FLASH memory segment)
                0x08000188                __init_load_start__ = ALIGN (__vectors_end__, 0x4)

.init           0x08000188      0x25c
                0x08000188                __init_start__ = .
 *(.init .init.*)
 .init          0x08000188      0x14c AutomationModule THUMB Debug/thumb_crt0.o
                0x08000188                _start
                0x08000234                exit
 .init          0x080002d4      0x110 AutomationModule THUMB Debug/STM32_Startup.o
                0x080002d4                NMI_Handler
                0x080002d8                MemManage_Handler
                0x080002da                BusFault_Handler
                0x080002dc                UsageFault_Handler
                0x080002e0                DebugMon_Handler
                0x080002e6                WWDG_IRQHandler
                0x080002e8                PVD_IRQHandler
                0x080002ea                TAMP_STAMP_IRQHandler
                0x080002ec                RTC_WKUP_IRQHandler
                0x080002ee                FLASH_IRQHandler
                0x080002f0                RCC_IRQHandler
                0x080002f2                EXTI0_IRQHandler
                0x080002f4                EXTI1_IRQHandler
                0x080002f6                EXTI2_IRQHandler
                0x080002f8                EXTI3_IRQHandler
                0x080002fa                EXTI4_IRQHandler
                0x080002fc                DMA1_Stream0_IRQHandler
                0x080002fe                DMA1_Stream1_IRQHandler
                0x08000300                DMA1_Stream2_IRQHandler
                0x08000302                DMA1_Stream3_IRQHandler
                0x08000304                DMA1_Stream4_IRQHandler
                0x08000306                DMA1_Stream5_IRQHandler
                0x08000308                DMA1_Stream6_IRQHandler
                0x0800030a                ADC_IRQHandler
                0x0800030c                CAN1_TX_IRQHandler
                0x0800030e                CAN1_RX0_IRQHandler
                0x08000310                CAN1_RX1_IRQHandler
                0x08000312                CAN1_SCE_IRQHandler
                0x08000314                EXTI9_5_IRQHandler
                0x08000316                TIM1_BRK_TIM9_IRQHandler
                0x08000318                TIM1_UP_TIM10_IRQHandler
                0x0800031a                TIM1_TRG_COM_TIM11_IRQHandler
                0x0800031c                TIM1_CC_IRQHandler
                0x0800031e                TIM2_IRQHandler
                0x08000320                TIM3_IRQHandler
                0x08000322                TIM4_IRQHandler
                0x08000324                I2C1_EV_IRQHandler
                0x08000326                I2C1_ER_IRQHandler
                0x08000328                I2C2_EV_IRQHandler
                0x0800032a                I2C2_ER_IRQHandler
                0x0800032c                SPI1_IRQHandler
                0x0800032e                SPI2_IRQHandler
                0x08000332                USART2_IRQHandler
                0x08000334                USART3_IRQHandler
                0x08000336                EXTI15_10_IRQHandler
                0x08000338                RTC_Alarm_IRQHandler
                0x0800033a                OTG_FS_WKUP_IRQHandler
                0x0800033c                TIM8_BRK_TIM12_IRQHandler
                0x0800033e                TIM8_UP_TIM13_IRQHandler
                0x08000340                TIM8_TRG_COM_TIM14_IRQHandler
                0x08000342                TIM8_CC_IRQHandler
                0x08000344                DMA1_Stream7_IRQHandler
                0x08000346                FSMC_IRQHandler
                0x08000348                SDIO_IRQHandler
                0x0800034a                TIM5_IRQHandler
                0x0800034c                SPI3_IRQHandler
                0x0800034e                UART4_IRQHandler
                0x08000350                UART5_IRQHandler
                0x08000352                TIM6_DAC_IRQHandler
                0x08000354                TIM7_IRQHandler
                0x08000356                DMA2_Stream0_IRQHandler
                0x08000358                DMA2_Stream1_IRQHandler
                0x0800035a                DMA2_Stream2_IRQHandler
                0x0800035c                DMA2_Stream3_IRQHandler
                0x0800035e                DMA2_Stream4_IRQHandler
                0x08000360                ETH_IRQHandler
                0x08000362                ETH_WKUP_IRQHandler
                0x08000364                CAN2_TX_IRQHandler
                0x08000366                CAN2_RX0_IRQHandler
                0x08000368                CAN2_RX1_IRQHandler
                0x0800036a                CAN2_SCE_IRQHandler
                0x0800036c                OTG_FS_IRQHandler
                0x0800036e                DMA2_Stream5_IRQHandler
                0x08000370                DMA2_Stream6_IRQHandler
                0x08000372                DMA2_Stream7_IRQHandler
                0x08000374                USART6_IRQHandler
                0x08000376                I2C3_EV_IRQHandler
                0x08000378                I2C3_ER_IRQHandler
                0x0800037a                OTG_HS_EP1_OUT_IRQHandler
                0x0800037c                OTG_HS_EP1_IN_IRQHandler
                0x0800037e                OTG_HS_WKUP_IRQHandler
                0x08000380                OTG_HS_IRQHandler
                0x08000382                DCMI_IRQHandler
                0x08000384                CRYP_IRQHandler
                0x08000386                HASH_RNG_IRQHandler
                0x08000388                FPU_IRQHandler
                0x0800038a                reset_handler
                0x080003e4                __init_end__ = (__init_start__ + SIZEOF (.init))
                0x0000025c                __init_size__ = SIZEOF (.init)
                0x080003e4                __init_load_end__ = __init_end__
                0x00000001                . = ASSERT (((__init_start__ == __init_end__) || ((__init_end__ >= __FLASH_segment_start__) && (__init_end__ <= __FLASH_segment_end__))), error: .init is too large to fit in FLASH memory segment)
                0x080003e4                __text_load_start__ = ALIGN (__init_end__, 0x4)

.text           0x080003e4     0x70d0
                0x080003e4                __text_start__ = .
 *(.text .text.* .glue_7t .glue_7 .gnu.linkonce.t.* .gcc_except_table .ARM.extab* .gnu.linkonce.armextab.*)
 .glue_7        0x00000000        0x0 linker stubs
 .glue_7t       0x00000000        0x0 linker stubs
 .text.SystemInit
                0x080003e4       0x6c AutomationModule THUMB Debug/system_stm32f4xx.o
                0x080003e4                SystemInit
 .text.SystemCoreClockUpdate
                0x08000450       0xf8 AutomationModule THUMB Debug/system_stm32f4xx.o
                0x08000450                SystemCoreClockUpdate
 .text.vListInitialise
                0x08000548       0x40 AutomationModule THUMB Debug/list.o
                0x08000548                vListInitialise
 .text.vListInitialiseItem
                0x08000588       0x18 AutomationModule THUMB Debug/list.o
                0x08000588                vListInitialiseItem
 .text.vListInsertEnd
                0x080005a0       0x48 AutomationModule THUMB Debug/list.o
                0x080005a0                vListInsertEnd
 .text.vListInsert
                0x080005e8       0x70 AutomationModule THUMB Debug/list.o
                0x080005e8                vListInsert
 .text.uxListRemove
                0x08000658       0x54 AutomationModule THUMB Debug/list.o
                0x08000658                uxListRemove
 .text.xQueueGenericReset
                0x080006ac       0xd0 AutomationModule THUMB Debug/queue.o
                0x080006ac                xQueueGenericReset
 .text.xQueueGenericCreate
                0x0800077c       0xb4 AutomationModule THUMB Debug/queue.o
                0x0800077c                xQueueGenericCreate
 .text.xQueueCreateMutex
                0x08000830       0x84 AutomationModule THUMB Debug/queue.o
                0x08000830                xQueueCreateMutex
 .text.xQueueGenericSend
                0x080008b4      0x1ec AutomationModule THUMB Debug/queue.o
                0x080008b4                xQueueGenericSend
 .text.xQueueGenericSendFromISR
                0x08000aa0      0x118 AutomationModule THUMB Debug/queue.o
                0x08000aa0                xQueueGenericSendFromISR
 .text.xQueueGenericReceive
                0x08000bb8      0x20c AutomationModule THUMB Debug/queue.o
                0x08000bb8                xQueueGenericReceive
 .text.prvCopyDataToQueue
                0x08000dc4       0xdc AutomationModule THUMB Debug/queue.o
 .text.prvCopyDataFromQueue
                0x08000ea0       0x4c AutomationModule THUMB Debug/queue.o
 .text.prvUnlockQueue
                0x08000eec       0x98 AutomationModule THUMB Debug/queue.o
 .text.prvIsQueueEmpty
                0x08000f84       0x2c AutomationModule THUMB Debug/queue.o
 .text.prvIsQueueFull
                0x08000fb0       0x30 AutomationModule THUMB Debug/queue.o
 .text.vQueueAddToRegistry
                0x08000fe0       0x50 AutomationModule THUMB Debug/queue.o
                0x08000fe0                vQueueAddToRegistry
 .text.vQueueWaitForMessageRestricted
                0x08001030       0x5c AutomationModule THUMB Debug/queue.o
                0x08001030                vQueueWaitForMessageRestricted
 .text.xTaskGenericCreate
                0x0800108c      0x1a4 AutomationModule THUMB Debug/tasks.o
                0x0800108c                xTaskGenericCreate
 .text.vTaskDelay
                0x08001230       0xa4 AutomationModule THUMB Debug/tasks.o
                0x08001230                vTaskDelay
 .text.vTaskStartScheduler
                0x080012d4       0x98 AutomationModule THUMB Debug/tasks.o
                0x080012d4                vTaskStartScheduler
 .text.vTaskSuspendAll
                0x0800136c       0x1c AutomationModule THUMB Debug/tasks.o
                0x0800136c                vTaskSuspendAll
 .text.xTaskResumeAll
                0x08001388      0x12c AutomationModule THUMB Debug/tasks.o
                0x08001388                xTaskResumeAll
 .text.xTaskGetTickCount
                0x080014b4       0x20 AutomationModule THUMB Debug/tasks.o
                0x080014b4                xTaskGetTickCount
 .text.xTaskIncrementTick
                0x080014d4      0x190 AutomationModule THUMB Debug/tasks.o
                0x080014d4                xTaskIncrementTick
 .text.vTaskSwitchContext
                0x08001664       0xfc AutomationModule THUMB Debug/tasks.o
                0x08001664                vTaskSwitchContext
 .text.vTaskPlaceOnEventList
                0x08001760       0x9c AutomationModule THUMB Debug/tasks.o
                0x08001760                vTaskPlaceOnEventList
 .text.vTaskPlaceOnEventListRestricted
                0x080017fc       0x9c AutomationModule THUMB Debug/tasks.o
                0x080017fc                vTaskPlaceOnEventListRestricted
 .text.xTaskRemoveFromEventList
                0x08001898       0xc8 AutomationModule THUMB Debug/tasks.o
                0x08001898                xTaskRemoveFromEventList
 .text.vTaskSetTimeOutState
                0x08001960       0x44 AutomationModule THUMB Debug/tasks.o
                0x08001960                vTaskSetTimeOutState
 .text.xTaskCheckForTimeOut
                0x080019a4       0xbc AutomationModule THUMB Debug/tasks.o
                0x080019a4                xTaskCheckForTimeOut
 .text.vTaskMissedYield
                0x08001a60       0x18 AutomationModule THUMB Debug/tasks.o
                0x08001a60                vTaskMissedYield
 .text.prvIdleTask
                0x08001a78       0x34 AutomationModule THUMB Debug/tasks.o
 .text.prvInitialiseTCBVariables
                0x08001aac       0xa4 AutomationModule THUMB Debug/tasks.o
 .text.prvInitialiseTaskLists
                0x08001b50       0x74 AutomationModule THUMB Debug/tasks.o
 .text.prvCheckTasksWaitingTermination
                0x08001bc4        0xc AutomationModule THUMB Debug/tasks.o
 .text.prvAddCurrentTaskToDelayedList
                0x08001bd0       0x6c AutomationModule THUMB Debug/tasks.o
 .text.prvAllocateTCBAndStack
                0x08001c3c       0x70 AutomationModule THUMB Debug/tasks.o
 .text.prvResetNextTaskUnblockTime
                0x08001cac       0x48 AutomationModule THUMB Debug/tasks.o
 .text.xTaskGetSchedulerState
                0x08001cf4       0x3c AutomationModule THUMB Debug/tasks.o
                0x08001cf4                xTaskGetSchedulerState
 .text.vTaskPriorityInherit
                0x08001d30       0xf0 AutomationModule THUMB Debug/tasks.o
                0x08001d30                vTaskPriorityInherit
 .text.xTaskPriorityDisinherit
                0x08001e20      0x10c AutomationModule THUMB Debug/tasks.o
                0x08001e20                xTaskPriorityDisinherit
 .text.pvTaskIncrementMutexHeldCount
                0x08001f2c       0x28 AutomationModule THUMB Debug/tasks.o
                0x08001f2c                pvTaskIncrementMutexHeldCount
 .text.xTimerCreateTimerTask
                0x08001f54       0x68 AutomationModule THUMB Debug/timers.o
                0x08001f54                xTimerCreateTimerTask
 .text.xTimerGenericCommand
                0x08001fbc       0xa4 AutomationModule THUMB Debug/timers.o
                0x08001fbc                xTimerGenericCommand
 .text.prvProcessExpiredTimer
                0x08002060       0x80 AutomationModule THUMB Debug/timers.o
 .text.prvTimerTask
                0x080020e0       0x24 AutomationModule THUMB Debug/timers.o
 .text.prvProcessTimerOrBlockTask
                0x08002104       0x9c AutomationModule THUMB Debug/timers.o
 .text.prvGetNextExpireTime
                0x080021a0       0x48 AutomationModule THUMB Debug/timers.o
 .text.prvSampleTimeNow
                0x080021e8       0x40 AutomationModule THUMB Debug/timers.o
 .text.prvInsertTimerInActiveList
                0x08002228       0x84 AutomationModule THUMB Debug/timers.o
 .text.prvProcessReceivedCommands
                0x080022ac      0x12c AutomationModule THUMB Debug/timers.o
 .text.prvSwitchTimerLists
                0x080023d8       0xc0 AutomationModule THUMB Debug/timers.o
 .text.prvCheckForValidListAndQueue
                0x08002498       0x8c AutomationModule THUMB Debug/timers.o
 .text._ZN4LEDsC2Ev
                0x08002524       0x18 AutomationModule THUMB Debug/LEDs.o
                0x08002524                LEDs::LEDs()
                0x08002524                LEDs::LEDs()
 .text._ZN4LEDs4initEv
                0x0800253c       0x40 AutomationModule THUMB Debug/LEDs.o
                0x0800253c                LEDs::init()
 .text._ZN4LEDs6allOffEv
                0x0800257c       0x28 AutomationModule THUMB Debug/LEDs.o
                0x0800257c                LEDs::allOff()
 .text._ZN4LEDs11setRedStateEb
                0x080025a4       0x30 AutomationModule THUMB Debug/LEDs.o
                0x080025a4                LEDs::setRedState(bool)
 .text._ZN4LEDs13setGreenStateEb
                0x080025d4       0x30 AutomationModule THUMB Debug/LEDs.o
                0x080025d4                LEDs::setGreenState(bool)
 .text._ZN9TaskClass9startTaskEPKcmt
                0x08002604       0x38 AutomationModule THUMB Debug/main.o
                0x08002604                TaskClass::startTask(char const*, unsigned long, unsigned short)
 .text._ZN9TaskClass7taskfunEPv
                0x0800263c       0x1c AutomationModule THUMB Debug/main.o
                0x0800263c                TaskClass::taskfun(void*)
 .text._Z20isDebugPrintfEnabledv
                0x08002658       0x18 AutomationModule THUMB Debug/main.o
                0x08002658                isDebugPrintfEnabled()
 .text.__cxa_pure_virtual
                0x08002670        0x8 AutomationModule THUMB Debug/main.o
                0x08002670                __cxa_pure_virtual
 .text.abort    0x08002678        0x8 AutomationModule THUMB Debug/main.o
                0x08002678                abort
 .text.__putchar
                0x08002680       0x18 AutomationModule THUMB Debug/main.o
                0x08002680                __putchar
 .text.HardFault_Handler
                0x08002698       0x24 AutomationModule THUMB Debug/main.o
                0x08002698                HardFault_Handler
 .text.HardFault_HandlerC
                0x080026bc       0x78 AutomationModule THUMB Debug/main.o
                0x080026bc                HardFault_HandlerC
 .text.vApplicationMallocFailedHook
                0x08002734       0x1c AutomationModule THUMB Debug/main.o
                0x08002734                vApplicationMallocFailedHook
 .text.vApplicationStackOverflowHook
                0x08002750       0x20 AutomationModule THUMB Debug/main.o
                0x08002750                vApplicationStackOverflowHook
 .text.vApplicationTickHook
                0x08002770        0xc AutomationModule THUMB Debug/main.o
                0x08002770                vApplicationTickHook
 .text.__heap_lock
                0x0800277c       0x30 AutomationModule THUMB Debug/main.o
                0x0800277c                __heap_lock
 .text.__heap_unlock
                0x080027ac       0x1c AutomationModule THUMB Debug/main.o
                0x080027ac                __heap_unlock
 .text.__printf_lock
                0x080027c8       0x30 AutomationModule THUMB Debug/main.o
                0x080027c8                __printf_lock
 .text.__printf_unlock
                0x080027f8       0x1c AutomationModule THUMB Debug/main.o
                0x080027f8                __printf_unlock
 .text.__debug_io_lock
                0x08002814       0x30 AutomationModule THUMB Debug/main.o
                0x08002814                __debug_io_lock
 .text.__debug_io_unlock
                0x08002844       0x1c AutomationModule THUMB Debug/main.o
                0x08002844                __debug_io_unlock
 .text.__aeabi_read_tp
                0x08002860       0x10 AutomationModule THUMB Debug/main.o
                0x08002860                __aeabi_read_tp
 .text.vApplicationIdleHook
                0x08002870        0xc AutomationModule THUMB Debug/main.o
                0x08002870                vApplicationIdleHook
 .text._Z12runUnitTestsv
                0x0800287c       0x60 AutomationModule THUMB Debug/main.o
                0x0800287c                runUnitTests()
 .text._Z18runPeripheralTestsv
                0x080028dc       0x10 AutomationModule THUMB Debug/main.o
                0x080028dc                runPeripheralTests()
 .text._Z7initPllv
                0x080028ec       0xf0 AutomationModule THUMB Debug/main.o
                0x080028ec                initPll()
 .text.main     0x080029dc      0x10c AutomationModule THUMB Debug/main.o
                0x080029dc                main
 .text._ZN8TaskBaseC2Ev
                0x08002ae8       0x18 AutomationModule THUMB Debug/WiFiTask.o
                0x08002ae8                TaskBase::TaskBase()
                0x08002ae8                TaskBase::TaskBase()
 .text._ZN9TaskClassC2Ev
                0x08002b00       0x2c AutomationModule THUMB Debug/WiFiTask.o
                0x08002b00                TaskClass::TaskClass()
                0x08002b00                TaskClass::TaskClass()
 .text._ZN8WiFiTaskC2Ev
                0x08002b2c       0x24 AutomationModule THUMB Debug/WiFiTask.o
                0x08002b2c                WiFiTask::WiFiTask()
                0x08002b2c                WiFiTask::WiFiTask()
 .text._ZN8WiFiTask4initEv
                0x08002b50       0x30 AutomationModule THUMB Debug/WiFiTask.o
                0x08002b50                WiFiTask::init()
 .text._ZN8WiFiTask4taskEv
                0x08002b80       0x4c AutomationModule THUMB Debug/WiFiTask.o
                0x08002b80                WiFiTask::task()
 .text._ZN8WiFiTask13initWiFiUsartEv
                0x08002bcc       0xf4 AutomationModule THUMB Debug/WiFiTask.o
                0x08002bcc                WiFiTask::initWiFiUsart()
 .text.USART1_IRQHandler
                0x08002cc0       0x1c AutomationModule THUMB Debug/WiFiTask.o
                0x08002cc0                USART1_IRQHandler
 .text._ZN8WiFiTask10irqHandlerEv
                0x08002cdc       0x3c AutomationModule THUMB Debug/WiFiTask.o
                0x08002cdc                WiFiTask::irqHandler()
 .text._ZN8WiFiTask14loadPacketByteEh
                0x08002d18      0x194 AutomationModule THUMB Debug/WiFiTask.o
                0x08002d18                WiFiTask::loadPacketByte(unsigned char)
 .text._ZN8WiFiTask17handleHttpRequestEPc
                0x08002eac       0x58 AutomationModule THUMB Debug/WiFiTask.o
                0x08002eac                WiFiTask::handleHttpRequest(char*)
 .text.NVIC_PriorityGroupConfig
                0x08002f04       0x24 AutomationModule THUMB Debug/misc.o
                0x08002f04                NVIC_PriorityGroupConfig
 .text.NVIC_Init
                0x08002f28       0xc0 AutomationModule THUMB Debug/misc.o
                0x08002f28                NVIC_Init
 .text.FLASH_SetLatency
                0x08002fe8       0x20 AutomationModule THUMB Debug/stm32f4xx_flash.o
                0x08002fe8                FLASH_SetLatency
 .text.FLASH_PrefetchBufferCmd
                0x08003008       0x38 AutomationModule THUMB Debug/stm32f4xx_flash.o
                0x08003008                FLASH_PrefetchBufferCmd
 .text.FLASH_InstructionCacheCmd
                0x08003040       0x38 AutomationModule THUMB Debug/stm32f4xx_flash.o
                0x08003040                FLASH_InstructionCacheCmd
 .text.FLASH_DataCacheCmd
                0x08003078       0x38 AutomationModule THUMB Debug/stm32f4xx_flash.o
                0x08003078                FLASH_DataCacheCmd
 .text.FLASH_InstructionCacheReset
                0x080030b0       0x1c AutomationModule THUMB Debug/stm32f4xx_flash.o
                0x080030b0                FLASH_InstructionCacheReset
 .text.FLASH_DataCacheReset
                0x080030cc       0x1c AutomationModule THUMB Debug/stm32f4xx_flash.o
                0x080030cc                FLASH_DataCacheReset
 .text.GPIO_Init
                0x080030e8      0x11c AutomationModule THUMB Debug/stm32f4xx_gpio.o
                0x080030e8                GPIO_Init
 .text.GPIO_PinAFConfig
                0x08003204       0x90 AutomationModule THUMB Debug/stm32f4xx_gpio.o
                0x08003204                GPIO_PinAFConfig
 .text.PWR_OverDriveCmd
                0x08003294       0x20 AutomationModule THUMB Debug/stm32f4xx_pwr.o
                0x08003294                PWR_OverDriveCmd
 .text.PWR_OverDriveSWCmd
                0x080032b4       0x20 AutomationModule THUMB Debug/stm32f4xx_pwr.o
                0x080032b4                PWR_OverDriveSWCmd
 .text.RCC_HSEConfig
                0x080032d4       0x24 AutomationModule THUMB Debug/stm32f4xx_rcc.o
                0x080032d4                RCC_HSEConfig
 .text.RCC_PLLConfig
                0x080032f8       0x3c AutomationModule THUMB Debug/stm32f4xx_rcc.o
                0x080032f8                RCC_PLLConfig
 .text.RCC_PLLCmd
                0x08003334       0x20 AutomationModule THUMB Debug/stm32f4xx_rcc.o
                0x08003334                RCC_PLLCmd
 .text.RCC_SYSCLKConfig
                0x08003354       0x38 AutomationModule THUMB Debug/stm32f4xx_rcc.o
                0x08003354                RCC_SYSCLKConfig
 .text.RCC_GetSYSCLKSource
                0x0800338c       0x20 AutomationModule THUMB Debug/stm32f4xx_rcc.o
                0x0800338c                RCC_GetSYSCLKSource
 .text.RCC_HCLKConfig
                0x080033ac       0x38 AutomationModule THUMB Debug/stm32f4xx_rcc.o
                0x080033ac                RCC_HCLKConfig
 .text.RCC_PCLK1Config
                0x080033e4       0x38 AutomationModule THUMB Debug/stm32f4xx_rcc.o
                0x080033e4                RCC_PCLK1Config
 .text.RCC_PCLK2Config
                0x0800341c       0x38 AutomationModule THUMB Debug/stm32f4xx_rcc.o
                0x0800341c                RCC_PCLK2Config
 .text.RCC_GetClocksFreq
                0x08003454      0x154 AutomationModule THUMB Debug/stm32f4xx_rcc.o
                0x08003454                RCC_GetClocksFreq
 .text.RCC_AHB1PeriphClockCmd
                0x080035a8       0x3c AutomationModule THUMB Debug/stm32f4xx_rcc.o
                0x080035a8                RCC_AHB1PeriphClockCmd
 .text.RCC_APB2PeriphClockCmd
                0x080035e4       0x3c AutomationModule THUMB Debug/stm32f4xx_rcc.o
                0x080035e4                RCC_APB2PeriphClockCmd
 .text.RCC_GetFlagStatus
                0x08003620       0x74 AutomationModule THUMB Debug/stm32f4xx_rcc.o
                0x08003620                RCC_GetFlagStatus
 .text.RCC_ClearFlag
                0x08003694       0x1c AutomationModule THUMB Debug/stm32f4xx_rcc.o
                0x08003694                RCC_ClearFlag
 .text.USART_Init
                0x080036b0      0x178 AutomationModule THUMB Debug/stm32f4xx_usart.o
                0x080036b0                USART_Init
 .text.USART_Cmd
                0x08003828       0x40 AutomationModule THUMB Debug/stm32f4xx_usart.o
                0x08003828                USART_Cmd
 .text.USART_ITConfig
                0x08003868       0x90 AutomationModule THUMB Debug/stm32f4xx_usart.o
                0x08003868                USART_ITConfig
 .text.USART_GetITStatus
                0x080038f8       0xb8 AutomationModule THUMB Debug/stm32f4xx_usart.o
                0x080038f8                USART_GetITStatus
 .text.pvPortMalloc
                0x080039b0      0x134 AutomationModule THUMB Debug/heap_4.o
                0x080039b0                pvPortMalloc
 .text.vPortFree
                0x08003ae4       0xb0 AutomationModule THUMB Debug/heap_4.o
                0x08003ae4                vPortFree
 .text.xPortGetFreeHeapSize
                0x08003b94       0x18 AutomationModule THUMB Debug/heap_4.o
                0x08003b94                xPortGetFreeHeapSize
 .text.prvHeapInit
                0x08003bac       0xb0 AutomationModule THUMB Debug/heap_4.o
 .text.prvInsertBlockIntoFreeList
                0x08003c5c       0xb0 AutomationModule THUMB Debug/heap_4.o
 .text.pxPortInitialiseStack
                0x08003d0c       0x64 AutomationModule THUMB Debug/port.o
                0x08003d0c                pxPortInitialiseStack
 .text.prvTaskExitError
                0x08003d70       0x3c AutomationModule THUMB Debug/port.o
 .text.SVC_Handler
                0x08003dac       0x20 AutomationModule THUMB Debug/port.o
                0x08003dac                SVC_Handler
 .text.prvPortStartFirstTask
                0x08003dcc       0x20 AutomationModule THUMB Debug/port.o
 .text.xPortStartScheduler
                0x08003dec      0x118 AutomationModule THUMB Debug/port.o
                0x08003dec                xPortStartScheduler
 .text.vPortEnterCritical
                0x08003f04       0x74 AutomationModule THUMB Debug/port.o
                0x08003f04                vPortEnterCritical
 .text.vPortExitCritical
                0x08003f78       0x4c AutomationModule THUMB Debug/port.o
                0x08003f78                vPortExitCritical
 .text.PendSV_Handler
                0x08003fc4       0x60 AutomationModule THUMB Debug/port.o
                0x08003fc4                PendSV_Handler
 .text.SysTick_Handler
                0x08004024       0x44 AutomationModule THUMB Debug/port.o
                0x08004024                SysTick_Handler
 .text.vPortSetupTimerInterrupt
                0x08004068       0x34 AutomationModule THUMB Debug/port.o
                0x08004068                vPortSetupTimerInterrupt
 .text.vPortEnableVFP
                0x0800409c       0x14 AutomationModule THUMB Debug/port.o
 .text.vPortValidateInterruptPriority
                0x080040b0       0x78 AutomationModule THUMB Debug/port.o
                0x080040b0                vPortValidateInterruptPriority
 .text._ZN8TaskBaseD2Ev
                0x08004128       0x18 AutomationModule THUMB Debug/WiFiTask_test.o
                0x08004128                TaskBase::~TaskBase()
                0x08004128                TaskBase::~TaskBase()
 .text._ZL5setUpv
                0x08004140        0xc AutomationModule THUMB Debug/WiFiTask_test.o
 .text._ZL8tearDownv
                0x0800414c        0xc AutomationModule THUMB Debug/WiFiTask_test.o
 .text._ZN9TaskClassD2Ev
                0x08004158       0x28 AutomationModule THUMB Debug/WiFiTask_test.o
                0x08004158                TaskClass::~TaskClass()
                0x08004158                TaskClass::~TaskClass()
 .text._ZN8WiFiTaskD2Ev
                0x08004180       0x24 AutomationModule THUMB Debug/WiFiTask_test.o
                0x08004180                WiFiTask::~WiFiTask()
                0x08004180                WiFiTask::~WiFiTask()
 .text._Z21test_WiFiParseRequestv
                0x080041a4       0xf0 AutomationModule THUMB Debug/WiFiTask_test.o
                0x080041a4                test_WiFiParseRequest()
 .text._Z13WiFiTask_testv
                0x08004294       0x14 AutomationModule THUMB Debug/WiFiTask_test.o
                0x08004294                WiFiTask_test()
 .text.assertImplementationCStr
                0x080042a8       0xa0 C:/projects/house/ArmModule/firmware/../../../embUnit/embUnit THUMB Debug/embUnit.a(AssertImpl.o)
                0x080042a8                assertImplementationCStr
 .text._xtoa    0x08004348       0x50 C:/projects/house/ArmModule/firmware/../../../embUnit/embUnit THUMB Debug/embUnit.a(stdImpl.o)
 .text.stdimpl_strcpy
                0x08004398       0x10 C:/projects/house/ArmModule/firmware/../../../embUnit/embUnit THUMB Debug/embUnit.a(stdImpl.o)
                0x08004398                stdimpl_strcpy
 .text.stdimpl_strcat
                0x080043a8       0x24 C:/projects/house/ArmModule/firmware/../../../embUnit/embUnit THUMB Debug/embUnit.a(stdImpl.o)
                0x080043a8                stdimpl_strcat
 .text.stdimpl_strncat
                0x080043cc       0x2c C:/projects/house/ArmModule/firmware/../../../embUnit/embUnit THUMB Debug/embUnit.a(stdImpl.o)
                0x080043cc                stdimpl_strncat
 .text.stdimpl_strlen
                0x080043f8       0x10 C:/projects/house/ArmModule/firmware/../../../embUnit/embUnit THUMB Debug/embUnit.a(stdImpl.o)
                0x080043f8                stdimpl_strlen
 .text.stdimpl_strcmp
                0x08004408       0x1c C:/projects/house/ArmModule/firmware/../../../embUnit/embUnit THUMB Debug/embUnit.a(stdImpl.o)
                0x08004408                stdimpl_strcmp
 .text.stdimpl_itoa
                0x08004424       0x1c C:/projects/house/ArmModule/firmware/../../../embUnit/embUnit THUMB Debug/embUnit.a(stdImpl.o)
                0x08004424                stdimpl_itoa
 .text.TestCaller_name
                0x08004440        0x4 C:/projects/house/ArmModule/firmware/../../../embUnit/embUnit THUMB Debug/embUnit.a(TestCaller.o)
                0x08004440                TestCaller_name
 .text.TestCaller_run
                0x08004444       0x48 C:/projects/house/ArmModule/firmware/../../../embUnit/embUnit THUMB Debug/embUnit.a(TestCaller.o)
                0x08004444                TestCaller_run
 .text.TestCaller_countTestCases
                0x0800448c        0x4 C:/projects/house/ArmModule/firmware/../../../embUnit/embUnit THUMB Debug/embUnit.a(TestCaller.o)
                0x0800448c                TestCaller_countTestCases
 .text.TestCase_name
                0x08004490        0x4 C:/projects/house/ArmModule/firmware/../../../embUnit/embUnit THUMB Debug/embUnit.a(TestCase.o)
                0x08004490                TestCase_name
 .text.TestCase_countTestCases
                0x08004494        0x4 C:/projects/house/ArmModule/firmware/../../../embUnit/embUnit THUMB Debug/embUnit.a(TestCase.o)
                0x08004494                TestCase_countTestCases
 .text.TestCase_run
                0x08004498       0x50 C:/projects/house/ArmModule/firmware/../../../embUnit/embUnit THUMB Debug/embUnit.a(TestCase.o)
                0x08004498                TestCase_run
 .text.addFailure
                0x080044e8       0x24 C:/projects/house/ArmModule/firmware/../../../embUnit/embUnit THUMB Debug/embUnit.a(TestCase.o)
                0x080044e8                addFailure
 .text.TestResult_init
                0x0800450c        0xc C:/projects/house/ArmModule/firmware/../../../embUnit/embUnit THUMB Debug/embUnit.a(TestResult.o)
                0x0800450c                TestResult_init
 .text.TestResult_startTest
                0x08004518       0x14 C:/projects/house/ArmModule/firmware/../../../embUnit/embUnit THUMB Debug/embUnit.a(TestResult.o)
                0x08004518                TestResult_startTest
 .text.TestResult_endTest
                0x0800452c       0x10 C:/projects/house/ArmModule/firmware/../../../embUnit/embUnit THUMB Debug/embUnit.a(TestResult.o)
                0x0800452c                TestResult_endTest
 .text.TestResult_addFailure
                0x0800453c       0x1c C:/projects/house/ArmModule/firmware/../../../embUnit/embUnit THUMB Debug/embUnit.a(TestResult.o)
                0x0800453c                TestResult_addFailure
 .text.TestRunner_startTest
                0x08004558        0x4 C:/projects/house/ArmModule/firmware/../../../embUnit/embUnit THUMB Debug/embUnit.a(TestRunner.o)
 .text.TestRunner_endTest
                0x0800455c        0x4 C:/projects/house/ArmModule/firmware/../../../embUnit/embUnit THUMB Debug/embUnit.a(TestRunner.o)
 .text.TestRunner_addFailure
                0x08004560       0x84 C:/projects/house/ArmModule/firmware/../../../embUnit/embUnit THUMB Debug/embUnit.a(TestRunner.o)
 .text.TestRunner_start
                0x080045e4       0x14 C:/projects/house/ArmModule/firmware/../../../embUnit/embUnit THUMB Debug/embUnit.a(TestRunner.o)
                0x080045e4                TestRunner_start
 .text.TestRunner_runTest
                0x080045f8       0x18 C:/projects/house/ArmModule/firmware/../../../embUnit/embUnit THUMB Debug/embUnit.a(TestRunner.o)
                0x080045f8                TestRunner_runTest
 .text.TestRunner_end
                0x08004610       0x7c C:/projects/house/ArmModule/firmware/../../../embUnit/embUnit THUMB Debug/embUnit.a(TestRunner.o)
                0x08004610                TestRunner_end
 .text.TestRunner_getResult
                0x0800468c       0x14 C:/projects/house/ArmModule/firmware/../../../embUnit/embUnit THUMB Debug/embUnit.a(TestRunner.o)
                0x0800468c                TestRunner_getResult
 .text.libc.__RAL_pow10
                0x080046a0       0x50 C:/Program Files (x86)/Rowley Associates Limited/CrossWorks for ARM 3.6/lib/libc_v7em_fpv4_sp_d16_hard_t_le_eabi_f.a(libc2.o)
                0x080046a0                __RAL_pow10
 .text.libc.__putc
                0x080046f0       0x34 C:/Program Files (x86)/Rowley Associates Limited/CrossWorks for ARM 3.6/lib/libc_v7em_fpv4_sp_d16_hard_t_le_eabi_f.a(libc2.o)
                0x080046f0                __putc
 .text.libc.__RAL_print_padding
                0x08004724       0x1c C:/Program Files (x86)/Rowley Associates Limited/CrossWorks for ARM 3.6/lib/libc_v7em_fpv4_sp_d16_hard_t_le_eabi_f.a(libc2.o)
                0x08004724                __RAL_print_padding
 .text.libc.__RAL_pre_padding
                0x08004740       0x1c C:/Program Files (x86)/Rowley Associates Limited/CrossWorks for ARM 3.6/lib/libc_v7em_fpv4_sp_d16_hard_t_le_eabi_f.a(libc2.o)
                0x08004740                __RAL_pre_padding
 .text.libc.abs
                0x0800475c        0x8 C:/Program Files (x86)/Rowley Associates Limited/CrossWorks for ARM 3.6/lib/libc_v7em_fpv4_sp_d16_hard_t_le_eabi_f.a(libc2.o)
                0x0800475c                abs
 .text.libc.malloc
                0x08004764       0x98 C:/Program Files (x86)/Rowley Associates Limited/CrossWorks for ARM 3.6/lib/libc_v7em_fpv4_sp_d16_hard_t_le_eabi_f.a(libc2.o)
                0x08004764                malloc
 .text.libc.free
                0x080047fc       0xbc C:/Program Files (x86)/Rowley Associates Limited/CrossWorks for ARM 3.6/lib/libc_v7em_fpv4_sp_d16_hard_t_le_eabi_f.a(libc2.o)
                0x080047fc                free
 .text.libc.printf
                0x080048b8       0x40 C:/Program Files (x86)/Rowley Associates Limited/CrossWorks for ARM 3.6/lib/libc_v7em_fpv4_sp_d16_hard_t_le_eabi_f.a(libc2.o)
                0x080048b8                printf
 .text.libc.strchr
                0x080048f8       0x20 C:/Program Files (x86)/Rowley Associates Limited/CrossWorks for ARM 3.6/lib/libc_v7em_fpv4_sp_d16_hard_t_le_eabi_f.a(libc2.o)
                0x080048f8                strchr
 .text.libc.strnlen
                0x08004918       0x20 C:/Program Files (x86)/Rowley Associates Limited/CrossWorks for ARM 3.6/lib/libc_v7em_fpv4_sp_d16_hard_t_le_eabi_f.a(libc2.o)
                0x08004918                strnlen
 .text.libc.strtok
                0x08004938       0x6c C:/Program Files (x86)/Rowley Associates Limited/CrossWorks for ARM 3.6/lib/libc_v7em_fpv4_sp_d16_hard_t_le_eabi_f.a(libc2.o)
                0x08004938                strtok
 .text.libc.memcpy
                0x080049a4       0x3c C:/Program Files (x86)/Rowley Associates Limited/CrossWorks for ARM 3.6/lib/libc_v7em_fpv4_sp_d16_hard_t_le_eabi_f.a(libc2_asm.o)
                0x080049a4                __aeabi_memcpy
                0x080049a4                __aeabi_memcpy4
                0x080049a4                __aeabi_memcpy8
                0x080049a4                memcpy
 .text.libc.memset
                0x080049e0       0x60 C:/Program Files (x86)/Rowley Associates Limited/CrossWorks for ARM 3.6/lib/libc_v7em_fpv4_sp_d16_hard_t_le_eabi_f.a(libc2_asm.o)
                0x080049e0                memset
 .text.libc.strcmp
                0x08004a40       0x50 C:/Program Files (x86)/Rowley Associates Limited/CrossWorks for ARM 3.6/lib/libc_v7em_fpv4_sp_d16_hard_t_le_eabi_f.a(libc2_asm.o)
                0x08004a40                strcmp
 .text.libc.strlen
                0x08004a90       0x60 C:/Program Files (x86)/Rowley Associates Limited/CrossWorks for ARM 3.6/lib/libc_v7em_fpv4_sp_d16_hard_t_le_eabi_f.a(libc2_asm.o)
                0x08004a90                strlen
 .text.libc.__int64_udivmod
                0x08004af0       0x60 C:/Program Files (x86)/Rowley Associates Limited/CrossWorks for ARM 3.6/lib/libc_v7em_fpv4_sp_d16_hard_t_le_eabi_f.a(libc_asm.o)
                0x08004af0                __aeabi_uldivmod
                0x08004af0                __int64_udiv
                0x08004af0                __udivdi3
                0x08004af0                __int64_udivmod
 .text.libcpp._Znwj
                0x08004b50       0x2c C:/Program Files (x86)/Rowley Associates Limited/CrossWorks for ARM 3.6/lib/libcpp_v7em_fpv4_sp_d16_hard_t_le_eabi_f.a(new.o)
                0x08004b50                operator new(unsigned int)
 .text.libcpp._ZdlPv
                0x08004b7c        0xc C:/Program Files (x86)/Rowley Associates Limited/CrossWorks for ARM 3.6/lib/libcpp_v7em_fpv4_sp_d16_hard_t_le_eabi_f.a(new.o)
                0x08004b7c                operator delete(void*)
 .text.libdebugio.debug_putchar
                0x08004b88       0x18 C:/Program Files (x86)/Rowley Associates Limited/CrossWorks for ARM 3.6/lib/libdebugio_v7em_fpv4_sp_d16_hard_t_le_eabi_f.a(libdebugio.o)
                0x08004b88                debug_putchar
 .text.libdebugio.debug_exit
                0x08004ba0        0xc C:/Program Files (x86)/Rowley Associates Limited/CrossWorks for ARM 3.6/lib/libdebugio_v7em_fpv4_sp_d16_hard_t_le_eabi_f.a(libdebugio.o)
                0x08004ba0                debug_exit
 .text.libdebugio.debug_enabled
                0x08004bac        0xc C:/Program Files (x86)/Rowley Associates Limited/CrossWorks for ARM 3.6/lib/libdebugio_v7em_fpv4_sp_d16_hard_t_le_eabi_f.a(libdebugio.o)
                0x08004bac                debug_enabled
 .text.libc.debug_printf
                0x08004bb8       0x14 C:/Program Files (x86)/Rowley Associates Limited/CrossWorks for ARM 3.6/lib/libdebugio_v7em_fpv4_sp_d16_hard_t_le_eabi_f.a(libdebugio_asm.o)
                0x08004bb8                debug_printf
 .text._ZNK10__cxxabiv117__class_type_info11__do_upcastEPKS0_PPv
                0x08004bcc       0x38 C:/Program Files (x86)/Rowley Associates Limited/CrossWorks for ARM 3.6/lib/libgccxceptrtti_v7em_fpv4_sp_d16_hard_t_le_eabi_f.a(class_type_info.o)
                0x08004bcc                __cxxabiv1::__class_type_info::__do_upcast(__cxxabiv1::__class_type_info const*, void**) const
 .text._ZNK10__cxxabiv117__class_type_info20__do_find_public_srcEiPKvPKS0_S2_
                0x08004c04        0xc C:/Program Files (x86)/Rowley Associates Limited/CrossWorks for ARM 3.6/lib/libgccxceptrtti_v7em_fpv4_sp_d16_hard_t_le_eabi_f.a(class_type_info.o)
                0x08004c04                __cxxabiv1::__class_type_info::__do_find_public_src(int, void const*, __cxxabiv1::__class_type_info const*, void const*) const
 .text._ZN10__cxxabiv117__class_type_infoD2Ev
                0x08004c10       0x14 C:/Program Files (x86)/Rowley Associates Limited/CrossWorks for ARM 3.6/lib/libgccxceptrtti_v7em_fpv4_sp_d16_hard_t_le_eabi_f.a(class_type_info.o)
                0x08004c10                __cxxabiv1::__class_type_info::~__class_type_info()
                0x08004c10                __cxxabiv1::__class_type_info::~__class_type_info()
 .text._ZN10__cxxabiv117__class_type_infoD0Ev
                0x08004c24       0x14 C:/Program Files (x86)/Rowley Associates Limited/CrossWorks for ARM 3.6/lib/libgccxceptrtti_v7em_fpv4_sp_d16_hard_t_le_eabi_f.a(class_type_info.o)
                0x08004c24                __cxxabiv1::__class_type_info::~__class_type_info()
 .text._ZNK10__cxxabiv117__class_type_info10__do_catchEPKSt9type_infoPPvj
                0x08004c38       0x28 C:/Program Files (x86)/Rowley Associates Limited/CrossWorks for ARM 3.6/lib/libgccxceptrtti_v7em_fpv4_sp_d16_hard_t_le_eabi_f.a(class_type_info.o)
                0x08004c38                __cxxabiv1::__class_type_info::__do_catch(std::type_info const*, void**, unsigned int) const
 .text._ZNK10__cxxabiv117__class_type_info12__do_dyncastEiNS0_10__sub_kindEPKS0_PKvS3_S5_RNS0_16__dyncast_resultE
                0x08004c60       0x38 C:/Program Files (x86)/Rowley Associates Limited/CrossWorks for ARM 3.6/lib/libgccxceptrtti_v7em_fpv4_sp_d16_hard_t_le_eabi_f.a(class_type_info.o)
                0x08004c60                __cxxabiv1::__class_type_info::__do_dyncast(int, __cxxabiv1::__class_type_info::__sub_kind, __cxxabiv1::__class_type_info const*, void const*, __cxxabiv1::__class_type_info const*, void const*, __cxxabiv1::__class_type_info::__dyncast_result&) const
 .text._ZNK10__cxxabiv117__class_type_info11__do_upcastEPKS0_PKvRNS0_15__upcast_resultE
                0x08004c98       0x1c C:/Program Files (x86)/Rowley Associates Limited/CrossWorks for ARM 3.6/lib/libgccxceptrtti_v7em_fpv4_sp_d16_hard_t_le_eabi_f.a(class_type_info.o)
                0x08004c98                __cxxabiv1::__class_type_info::__do_upcast(__cxxabiv1::__class_type_info const*, void const*, __cxxabiv1::__class_type_info::__upcast_result&) const
 .text._ZN10__cxxabiv120__si_class_type_infoD2Ev
                0x08004cb4       0x14 C:/Program Files (x86)/Rowley Associates Limited/CrossWorks for ARM 3.6/lib/libgccxceptrtti_v7em_fpv4_sp_d16_hard_t_le_eabi_f.a(si_class_type_info.o)
                0x08004cb4                __cxxabiv1::__si_class_type_info::~__si_class_type_info()
                0x08004cb4                __cxxabiv1::__si_class_type_info::~__si_class_type_info()
 .text._ZN10__cxxabiv120__si_class_type_infoD0Ev
                0x08004cc8       0x14 C:/Program Files (x86)/Rowley Associates Limited/CrossWorks for ARM 3.6/lib/libgccxceptrtti_v7em_fpv4_sp_d16_hard_t_le_eabi_f.a(si_class_type_info.o)
                0x08004cc8                __cxxabiv1::__si_class_type_info::~__si_class_type_info()
 .text._ZNK10__cxxabiv120__si_class_type_info20__do_find_public_srcEiPKvPKNS_17__class_type_infoES2_
                0x08004cdc       0x38 C:/Program Files (x86)/Rowley Associates Limited/CrossWorks for ARM 3.6/lib/libgccxceptrtti_v7em_fpv4_sp_d16_hard_t_le_eabi_f.a(si_class_type_info.o)
                0x08004cdc                __cxxabiv1::__si_class_type_info::__do_find_public_src(int, void const*, __cxxabiv1::__class_type_info const*, void const*) const
 .text._ZNK10__cxxabiv120__si_class_type_info12__do_dyncastEiNS_17__class_type_info10__sub_kindEPKS1_PKvS4_S6_RNS1_16__dyncast_resultE
                0x08004d14       0x88 C:/Program Files (x86)/Rowley Associates Limited/CrossWorks for ARM 3.6/lib/libgccxceptrtti_v7em_fpv4_sp_d16_hard_t_le_eabi_f.a(si_class_type_info.o)
                0x08004d14                __cxxabiv1::__si_class_type_info::__do_dyncast(int, __cxxabiv1::__class_type_info::__sub_kind, __cxxabiv1::__class_type_info const*, void const*, __cxxabiv1::__class_type_info const*, void const*, __cxxabiv1::__class_type_info::__dyncast_result&) const
 .text._ZNK10__cxxabiv120__si_class_type_info11__do_upcastEPKNS_17__class_type_infoEPKvRNS1_15__upcast_resultE
                0x08004d9c       0x28 C:/Program Files (x86)/Rowley Associates Limited/CrossWorks for ARM 3.6/lib/libgccxceptrtti_v7em_fpv4_sp_d16_hard_t_le_eabi_f.a(si_class_type_info.o)
                0x08004d9c                __cxxabiv1::__si_class_type_info::__do_upcast(__cxxabiv1::__class_type_info const*, void const*, __cxxabiv1::__class_type_info::__upcast_result&) const
 .text._ZNSt9type_infoD2Ev
                0x08004dc4        0x4 C:/Program Files (x86)/Rowley Associates Limited/CrossWorks for ARM 3.6/lib/libgccxceptrtti_v7em_fpv4_sp_d16_hard_t_le_eabi_f.a(tinfo.o)
                0x08004dc4                std::type_info::~type_info()
                0x08004dc4                std::type_info::~type_info()
 .text._ZNKSt9type_info14__is_pointer_pEv
                0x08004dc8        0x4 C:/Program Files (x86)/Rowley Associates Limited/CrossWorks for ARM 3.6/lib/libgccxceptrtti_v7em_fpv4_sp_d16_hard_t_le_eabi_f.a(tinfo.o)
                0x08004dc8                std::type_info::__is_pointer_p() const
 .text._ZNKSt9type_info15__is_function_pEv
                0x08004dcc        0x4 C:/Program Files (x86)/Rowley Associates Limited/CrossWorks for ARM 3.6/lib/libgccxceptrtti_v7em_fpv4_sp_d16_hard_t_le_eabi_f.a(tinfo.o)
                0x08004dcc                std::type_info::__is_function_p() const
 .text._ZNKSt9type_infoeqERKS_
                0x08004dd0       0x34 C:/Program Files (x86)/Rowley Associates Limited/CrossWorks for ARM 3.6/lib/libgccxceptrtti_v7em_fpv4_sp_d16_hard_t_le_eabi_f.a(tinfo.o)
                0x08004dd0                std::type_info::operator==(std::type_info const&) const
 .text._ZN10__cxxabiv121__vmi_class_type_infoD2Ev
                0x08004e04       0x14 C:/Program Files (x86)/Rowley Associates Limited/CrossWorks for ARM 3.6/lib/libgccxceptrtti_v7em_fpv4_sp_d16_hard_t_le_eabi_f.a(vmi_class_type_info.o)
                0x08004e04                __cxxabiv1::__vmi_class_type_info::~__vmi_class_type_info()
                0x08004e04                __cxxabiv1::__vmi_class_type_info::~__vmi_class_type_info()
 .text._ZN10__cxxabiv121__vmi_class_type_infoD0Ev
                0x08004e18       0x14 C:/Program Files (x86)/Rowley Associates Limited/CrossWorks for ARM 3.6/lib/libgccxceptrtti_v7em_fpv4_sp_d16_hard_t_le_eabi_f.a(vmi_class_type_info.o)
                0x08004e18                __cxxabiv1::__vmi_class_type_info::~__vmi_class_type_info()
 .text._ZNK10__cxxabiv121__vmi_class_type_info20__do_find_public_srcEiPKvPKNS_17__class_type_infoES2_
                0x08004e2c       0x78 C:/Program Files (x86)/Rowley Associates Limited/CrossWorks for ARM 3.6/lib/libgccxceptrtti_v7em_fpv4_sp_d16_hard_t_le_eabi_f.a(vmi_class_type_info.o)
                0x08004e2c                __cxxabiv1::__vmi_class_type_info::__do_find_public_src(int, void const*, __cxxabiv1::__class_type_info const*, void const*) const
 .text._ZNK10__cxxabiv121__vmi_class_type_info12__do_dyncastEiNS_17__class_type_info10__sub_kindEPKS1_PKvS4_S6_RNS1_16__dyncast_resultE
                0x08004ea4      0x364 C:/Program Files (x86)/Rowley Associates Limited/CrossWorks for ARM 3.6/lib/libgccxceptrtti_v7em_fpv4_sp_d16_hard_t_le_eabi_f.a(vmi_class_type_info.o)
                0x08004ea4                __cxxabiv1::__vmi_class_type_info::__do_dyncast(int, __cxxabiv1::__class_type_info::__sub_kind, __cxxabiv1::__class_type_info const*, void const*, __cxxabiv1::__class_type_info const*, void const*, __cxxabiv1::__class_type_info::__dyncast_result&) const
 .text._ZNK10__cxxabiv121__vmi_class_type_info11__do_upcastEPKNS_17__class_type_infoEPKvRNS1_15__upcast_resultE
                0x08005208      0x160 C:/Program Files (x86)/Rowley Associates Limited/CrossWorks for ARM 3.6/lib/libgccxceptrtti_v7em_fpv4_sp_d16_hard_t_le_eabi_f.a(vmi_class_type_info.o)
                0x08005208                __cxxabiv1::__vmi_class_type_info::__do_upcast(__cxxabiv1::__class_type_info const*, void const*, __cxxabiv1::__class_type_info::__upcast_result&) const
 .text.restore_non_core_regs
                0x08005368       0x20 C:/Program Files (x86)/Rowley Associates Limited/CrossWorks for ARM 3.6/lib/libgccxceptrtti_v7em_fpv4_sp_d16_hard_t_le_eabi_f.a(unwind-arm.o)
 .text.get_eit_entry
                0x08005388      0x160 C:/Program Files (x86)/Rowley Associates Limited/CrossWorks for ARM 3.6/lib/libgccxceptrtti_v7em_fpv4_sp_d16_hard_t_le_eabi_f.a(unwind-arm.o)
 .text.unwind_phase2
                0x080054e8       0x38 C:/Program Files (x86)/Rowley Associates Limited/CrossWorks for ARM 3.6/lib/libgccxceptrtti_v7em_fpv4_sp_d16_hard_t_le_eabi_f.a(unwind-arm.o)
 .text.unwind_phase2_forced
                0x08005520       0xd0 C:/Program Files (x86)/Rowley Associates Limited/CrossWorks for ARM 3.6/lib/libgccxceptrtti_v7em_fpv4_sp_d16_hard_t_le_eabi_f.a(unwind-arm.o)
 .text.__gnu_unwind_pr_common
                0x080055f0      0x284 C:/Program Files (x86)/Rowley Associates Limited/CrossWorks for ARM 3.6/lib/libgccxceptrtti_v7em_fpv4_sp_d16_hard_t_le_eabi_f.a(unwind-arm.o)
 .text.__aeabi_unwind_cpp_pr0
                0x08005874        0xc C:/Program Files (x86)/Rowley Associates Limited/CrossWorks for ARM 3.6/lib/libgccxceptrtti_v7em_fpv4_sp_d16_hard_t_le_eabi_f.a(unwind-arm.o)
                0x08005874                __aeabi_unwind_cpp_pr0
 .text.__aeabi_unwind_cpp_pr1
                0x08005880        0xc C:/Program Files (x86)/Rowley Associates Limited/CrossWorks for ARM 3.6/lib/libgccxceptrtti_v7em_fpv4_sp_d16_hard_t_le_eabi_f.a(unwind-arm.o)
                0x08005880                __aeabi_unwind_cpp_pr1
 .text.__aeabi_unwind_cpp_pr2
                0x0800588c        0xc C:/Program Files (x86)/Rowley Associates Limited/CrossWorks for ARM 3.6/lib/libgccxceptrtti_v7em_fpv4_sp_d16_hard_t_le_eabi_f.a(unwind-arm.o)
                0x0800588c                __aeabi_unwind_cpp_pr2
 .text._Unwind_VRS_Get
                0x08005898       0x30 C:/Program Files (x86)/Rowley Associates Limited/CrossWorks for ARM 3.6/lib/libgccxceptrtti_v7em_fpv4_sp_d16_hard_t_le_eabi_f.a(unwind-arm.o)
                0x08005898                _Unwind_VRS_Get
 .text._Unwind_VRS_Set
                0x080058c8       0x30 C:/Program Files (x86)/Rowley Associates Limited/CrossWorks for ARM 3.6/lib/libgccxceptrtti_v7em_fpv4_sp_d16_hard_t_le_eabi_f.a(unwind-arm.o)
                0x080058c8                _Unwind_VRS_Set
 .text._Unwind_VRS_Pop
                0x080058f8      0x16c C:/Program Files (x86)/Rowley Associates Limited/CrossWorks for ARM 3.6/lib/libgccxceptrtti_v7em_fpv4_sp_d16_hard_t_le_eabi_f.a(unwind-arm.o)
                0x080058f8                _Unwind_VRS_Pop
 .text.__gnu_Unwind_RaiseException
                0x08005a64       0x68 C:/Program Files (x86)/Rowley Associates Limited/CrossWorks for ARM 3.6/lib/libgccxceptrtti_v7em_fpv4_sp_d16_hard_t_le_eabi_f.a(unwind-arm.o)
                0x08005a64                __gnu_Unwind_RaiseException
 .text.__gnu_Unwind_ForcedUnwind
                0x08005acc       0x14 C:/Program Files (x86)/Rowley Associates Limited/CrossWorks for ARM 3.6/lib/libgccxceptrtti_v7em_fpv4_sp_d16_hard_t_le_eabi_f.a(unwind-arm.o)
                0x08005acc                __gnu_Unwind_ForcedUnwind
 .text.__gnu_Unwind_Resume
                0x08005ae0       0x40 C:/Program Files (x86)/Rowley Associates Limited/CrossWorks for ARM 3.6/lib/libgccxceptrtti_v7em_fpv4_sp_d16_hard_t_le_eabi_f.a(unwind-arm.o)
                0x08005ae0                __gnu_Unwind_Resume
 .text.__gnu_Unwind_Resume_or_Rethrow
                0x08005b20       0x18 C:/Program Files (x86)/Rowley Associates Limited/CrossWorks for ARM 3.6/lib/libgccxceptrtti_v7em_fpv4_sp_d16_hard_t_le_eabi_f.a(unwind-arm.o)
                0x08005b20                __gnu_Unwind_Resume_or_Rethrow
 .text.__gnu_Unwind_Backtrace
                0x08005b38       0x6c C:/Program Files (x86)/Rowley Associates Limited/CrossWorks for ARM 3.6/lib/libgccxceptrtti_v7em_fpv4_sp_d16_hard_t_le_eabi_f.a(unwind-arm.o)
                0x08005b38                __gnu_Unwind_Backtrace
 .text          0x08005ba4      0x1ac C:/Program Files (x86)/Rowley Associates Limited/CrossWorks for ARM 3.6/lib/libgccxceptrtti_v7em_fpv4_sp_d16_hard_t_le_eabi_f.a(libunwind.o)
                0x08005ba4                __restore_core_regs
                0x08005ba4                restore_core_regs
                0x08005bbc                __gnu_Unwind_Restore_VFP
                0x08005bc4                __gnu_Unwind_Save_VFP
                0x08005bcc                __gnu_Unwind_Restore_VFP_D
                0x08005bd4                __gnu_Unwind_Save_VFP_D
                0x08005bdc                __gnu_Unwind_Restore_VFP_D_16_to_31
                0x08005be4                __gnu_Unwind_Save_VFP_D_16_to_31
                0x08005bec                __gnu_Unwind_Restore_WMMXD
                0x08005c30                __gnu_Unwind_Save_WMMXD
                0x08005c74                __gnu_Unwind_Restore_WMMXC
                0x08005c88                __gnu_Unwind_Save_WMMXC
                0x08005c9c                ___Unwind_RaiseException
                0x08005c9c                _Unwind_RaiseException
                0x08005cc0                _Unwind_Resume
                0x08005cc0                ___Unwind_Resume
                0x08005ce4                _Unwind_Resume_or_Rethrow
                0x08005ce4                ___Unwind_Resume_or_Rethrow
                0x08005d08                _Unwind_ForcedUnwind
                0x08005d08                ___Unwind_ForcedUnwind
                0x08005d2c                ___Unwind_Backtrace
                0x08005d2c                _Unwind_Backtrace
 .text.__gnu_unwind_execute
                0x08005d50      0x4e8 C:/Program Files (x86)/Rowley Associates Limited/CrossWorks for ARM 3.6/lib/libgccxceptrtti_v7em_fpv4_sp_d16_hard_t_le_eabi_f.a(pr-support.o)
                0x08005d50                __gnu_unwind_execute
 .text.libc.__vfprintf_float_long_long
                0x08006238      0xee0 C:/Program Files (x86)/Rowley Associates Limited/CrossWorks for ARM 3.6/lib/libvfprintf_v7em_fpv4_sp_d16_hard_t_le_eabi_f.o
                0x08006238                __vfprintf_float_long_long
 .text.libdebugio.__do_debug_operation
                0x08007118       0x30 C:/Program Files (x86)/Rowley Associates Limited/CrossWorks for ARM 3.6/lib/libdebugio_mempoll_v7em_fpv4_sp_d16_hard_t_le_eabi_f.a(mempoll_debug_operations.o)
                0x08007118                __do_debug_operation
 .text.libc.__int64_to_float32
                0x08007148       0x94 C:/Program Files (x86)/Rowley Associates Limited/CrossWorks for ARM 3.6/lib/libm_v7em_fpv4_sp_d16_hard_t_le_eabi_f.a(libm_asm.o)
                0x08007148                __floatdisf
                0x08007148                __aeabi_l2f
                0x08007148                __int64_to_float32
                0x08007168                __int64_to_float32_common
 .text.libc.__uint64_to_float32
                0x080071dc       0x10 C:/Program Files (x86)/Rowley Associates Limited/CrossWorks for ARM 3.6/lib/libm_v7em_fpv4_sp_d16_hard_t_le_eabi_f.a(libm_asm.o)
                0x080071dc                __aeabi_ul2f
                0x080071dc                __uint64_to_float32
                0x080071dc                __floatundisf
 .text.libc.__float32_to_uint64
                0x080071ec       0x48 C:/Program Files (x86)/Rowley Associates Limited/CrossWorks for ARM 3.6/lib/libm_v7em_fpv4_sp_d16_hard_t_le_eabi_f.a(libm_asm.o)
                0x080071ec                __aeabi_f2ulz
                0x080071ec                __fixunssfdi
                0x080071ec                __float32_to_uint64
 .text.libc.__float32_signbit
                0x08007234        0xc C:/Program Files (x86)/Rowley Associates Limited/CrossWorks for ARM 3.6/lib/libm_v7em_fpv4_sp_d16_hard_t_le_eabi_f.a(libm_asm.o)
                0x08007234                __float32_signbit
 .text.libc.__float32_isinf
                0x08007240       0x14 C:/Program Files (x86)/Rowley Associates Limited/CrossWorks for ARM 3.6/lib/libm_v7em_fpv4_sp_d16_hard_t_le_eabi_f.a(libm_asm.o)
                0x08007240                __float32_isinf
 .text.libc.__float32_isnan
                0x08007254       0x14 C:/Program Files (x86)/Rowley Associates Limited/CrossWorks for ARM 3.6/lib/libm_v7em_fpv4_sp_d16_hard_t_le_eabi_f.a(libm_asm.o)
                0x08007254                __float32_isnan
 .text.libc.modff
                0x08007268       0x58 C:/Program Files (x86)/Rowley Associates Limited/CrossWorks for ARM 3.6/lib/libm_v7em_fpv4_sp_d16_hard_t_le_eabi_f.a(libm2.o)
                0x08007268                modf
                0x08007268                modff
 .text.libc.fmodf
                0x080072c0       0xfc C:/Program Files (x86)/Rowley Associates Limited/CrossWorks for ARM 3.6/lib/libm_v7em_fpv4_sp_d16_hard_t_le_eabi_f.a(libm2.o)
                0x080072c0                fmod
                0x080072c0                fmodf
 .text.libc.fabsf
                0x080073bc        0x8 C:/Program Files (x86)/Rowley Associates Limited/CrossWorks for ARM 3.6/lib/libm_v7em_fpv4_sp_d16_hard_t_le_eabi_f.a(libm2_asm.o)
                0x080073bc                fabsf
                0x080073bc                fabs
 .text.libc.floorf
                0x080073c4       0x6c C:/Program Files (x86)/Rowley Associates Limited/CrossWorks for ARM 3.6/lib/libm_v7em_fpv4_sp_d16_hard_t_le_eabi_f.a(libm2_asm.o)
                0x080073c4                floorf
                0x080073c4                floor
 .text.libc.ldexpf
                0x08007430       0x48 C:/Program Files (x86)/Rowley Associates Limited/CrossWorks for ARM 3.6/lib/libm_v7em_fpv4_sp_d16_hard_t_le_eabi_f.a(libm2_asm.o)
                0x08007430                ldexp
                0x08007430                ldexpf
 .text.libc.frexpf
                0x08007478       0x3c C:/Program Files (x86)/Rowley Associates Limited/CrossWorks for ARM 3.6/lib/libm_v7em_fpv4_sp_d16_hard_t_le_eabi_f.a(libm2_asm.o)
                0x08007478                frexp
                0x08007478                frexpf
                0x080074b4                __text_end__ = (__text_start__ + SIZEOF (.text))
                0x000070d0                __text_size__ = SIZEOF (.text)
                0x080074b4                __text_load_end__ = __text_end__

.vfp11_veneer   0x00000000        0x0
 .vfp11_veneer  0x00000000        0x0 linker stubs

.v4_bx          0x00000000        0x0
 .v4_bx         0x00000000        0x0 linker stubs

.iplt           0x00000000        0x0
 .iplt          0x00000000        0x0 AutomationModule THUMB Debug/system_stm32f4xx.o
                0x00000001                . = ASSERT (((__text_start__ == __text_end__) || ((__text_end__ >= __FLASH_segment_start__) && (__text_end__ <= __FLASH_segment_end__))), error: .text is too large to fit in FLASH memory segment)
                0x080074b4                __dtors_load_start__ = ALIGN (__text_end__, 0x4)

.dtors          0x080074b4        0x0
                0x080074b4                __dtors_start__ = .
 *(SORT(.dtors.*))
 *(.dtors)
 *(.fini_array)
 *(SORT(.fini_array.*))
                0x080074b4                __dtors_end__ = (__dtors_start__ + SIZEOF (.dtors))
                0x00000000                __dtors_size__ = SIZEOF (.dtors)
                0x080074b4                __dtors_load_end__ = __dtors_end__
                0x00000001                . = ASSERT (((__dtors_start__ == __dtors_end__) || ((__dtors_end__ >= __FLASH_segment_start__) && (__dtors_end__ <= __FLASH_segment_end__))), error: .dtors is too large to fit in FLASH memory segment)
                0x080074b4                __ctors_load_start__ = ALIGN (__dtors_end__, 0x4)

.ctors          0x080074b4        0x0
                0x080074b4                __ctors_start__ = .
 *(SORT(.ctors.*))
 *(.ctors)
 *(.init_array)
 *(SORT(.init_array.*))
                0x080074b4                __ctors_end__ = (__ctors_start__ + SIZEOF (.ctors))
                0x00000000                __ctors_size__ = SIZEOF (.ctors)
                0x080074b4                __ctors_load_end__ = __ctors_end__
                0x00000001                . = ASSERT (((__ctors_start__ == __ctors_end__) || ((__ctors_end__ >= __FLASH_segment_start__) && (__ctors_end__ <= __FLASH_segment_end__))), error: .ctors is too large to fit in FLASH memory segment)
                0x080074b4                __rodata_load_start__ = ALIGN (__ctors_end__, 0x4)

.rodata         0x080074b4      0x5a8
                0x080074b4                __rodata_start__ = .
 *(.rodata .rodata.* .gnu.linkonce.r.*)
 .rodata.AHBPrescTable
                0x080074b4       0x10 AutomationModule THUMB Debug/system_stm32f4xx.o
                0x080074b4                AHBPrescTable
 .rodata        0x080074c4        0x5 AutomationModule THUMB Debug/tasks.o
 *fill*         0x080074c9        0x3 
 .rodata        0x080074cc        0xd AutomationModule THUMB Debug/timers.o
 *fill*         0x080074d9        0x3 
 .rodata        0x080074dc       0x71 AutomationModule THUMB Debug/main.o
 *fill*         0x0800754d        0x3 
 .rodata        0x08007550      0x101 AutomationModule THUMB Debug/WiFiTask.o
 *fill*         0x08007651        0x3 
 .rodata._ZTV8WiFiTask
                0x08007654        0xc AutomationModule THUMB Debug/WiFiTask.o
                0x08007654                vtable for WiFiTask
 .rodata._ZTV9TaskClass
                0x08007660        0xc AutomationModule THUMB Debug/WiFiTask.o
                0x08007660                vtable for TaskClass
 .rodata._ZTI8WiFiTask
                0x0800766c        0xc AutomationModule THUMB Debug/WiFiTask.o
                0x0800766c                typeinfo for WiFiTask
 .rodata._ZTS8WiFiTask
                0x08007678        0xa AutomationModule THUMB Debug/WiFiTask.o
                0x08007678                typeinfo name for WiFiTask
 *fill*         0x08007682        0x2 
 .rodata._ZTS9TaskClass
                0x08007684        0xb AutomationModule THUMB Debug/WiFiTask.o
                0x08007684                typeinfo name for TaskClass
 *fill*         0x0800768f        0x1 
 .rodata._ZTI9TaskClass
                0x08007690       0x18 AutomationModule THUMB Debug/WiFiTask.o
                0x08007690                typeinfo for TaskClass
 .rodata._ZTS8TaskBase
                0x080076a8        0xa AutomationModule THUMB Debug/WiFiTask.o
                0x080076a8                typeinfo name for TaskBase
 *fill*         0x080076b2        0x2 
 .rodata._ZTI8TaskBase
                0x080076b4        0x8 AutomationModule THUMB Debug/WiFiTask.o
                0x080076b4                typeinfo for TaskBase
 .rodata        0x080076bc       0x9e AutomationModule THUMB Debug/WiFiTask_test.o
 *fill*         0x0800775a        0x2 
 .rodata._ZZ13WiFiTask_testvE13WiFiTask_test
                0x0800775c       0x18 AutomationModule THUMB Debug/WiFiTask_test.o
 .rodata._ZZ13WiFiTask_testvE8fixtures
                0x08007774        0x8 AutomationModule THUMB Debug/WiFiTask_test.o
 .rodata.str1.4
                0x0800777c       0x28 C:/projects/house/ArmModule/firmware/../../../embUnit/embUnit THUMB Debug/embUnit.a(AssertImpl.o)
                                 0x2a (size before relaxing)
 .rodata.str1.4
                0x080077a4       0x11 C:/projects/house/ArmModule/firmware/../../../embUnit/embUnit THUMB Debug/embUnit.a(stdImpl.o)
 *fill*         0x080077b5        0x3 
 .rodata.TestCallerImplement
                0x080077b8        0xc C:/projects/house/ArmModule/firmware/../../../embUnit/embUnit THUMB Debug/embUnit.a(TestCaller.o)
                0x080077b8                TestCallerImplement
 .rodata.TestCaseImplement
                0x080077c4        0xc C:/projects/house/ArmModule/firmware/../../../embUnit/embUnit THUMB Debug/embUnit.a(TestCase.o)
                0x080077c4                TestCaseImplement
 .rodata.str1.4
                0x080077d0       0x35 C:/projects/house/ArmModule/firmware/../../../embUnit/embUnit THUMB Debug/embUnit.a(TestRunner.o)
                                 0x39 (size before relaxing)
 *fill*         0x08007805        0x3 
 .rodata.TestRunnerImplement
                0x08007808        0xc C:/projects/house/ArmModule/firmware/../../../embUnit/embUnit THUMB Debug/embUnit.a(TestRunner.o)
 .rodata.testrunner_
                0x08007814        0x4 C:/projects/house/ArmModule/firmware/../../../embUnit/embUnit THUMB Debug/embUnit.a(TestRunner.o)
 .rodata.libc.power
                0x08007818       0x18 C:/Program Files (x86)/Rowley Associates Limited/CrossWorks for ARM 3.6/lib/libc_v7em_fpv4_sp_d16_hard_t_le_eabi_f.a(libc2.o)
 .rodata.libc.__RAL_hex_uc
                0x08007830       0x10 C:/Program Files (x86)/Rowley Associates Limited/CrossWorks for ARM 3.6/lib/libc_v7em_fpv4_sp_d16_hard_t_le_eabi_f.a(libc2.o)
                0x08007830                __RAL_hex_uc
 .rodata.libc.__RAL_hex_lc
                0x08007840       0x10 C:/Program Files (x86)/Rowley Associates Limited/CrossWorks for ARM 3.6/lib/libc_v7em_fpv4_sp_d16_hard_t_le_eabi_f.a(libc2.o)
                0x08007840                __RAL_hex_lc
 .rodata._ZTVN10__cxxabiv117__class_type_infoE
                0x08007850       0x2c C:/Program Files (x86)/Rowley Associates Limited/CrossWorks for ARM 3.6/lib/libgccxceptrtti_v7em_fpv4_sp_d16_hard_t_le_eabi_f.a(class_type_info.o)
                0x08007850                vtable for __cxxabiv1::__class_type_info
 .rodata._ZTIN10__cxxabiv117__class_type_infoE
                0x0800787c        0xc C:/Program Files (x86)/Rowley Associates Limited/CrossWorks for ARM 3.6/lib/libgccxceptrtti_v7em_fpv4_sp_d16_hard_t_le_eabi_f.a(class_type_info.o)
                0x0800787c                typeinfo for __cxxabiv1::__class_type_info
 .rodata._ZTSN10__cxxabiv117__class_type_infoE
                0x08007888       0x22 C:/Program Files (x86)/Rowley Associates Limited/CrossWorks for ARM 3.6/lib/libgccxceptrtti_v7em_fpv4_sp_d16_hard_t_le_eabi_f.a(class_type_info.o)
                0x08007888                typeinfo name for __cxxabiv1::__class_type_info
 *fill*         0x080078aa        0x2 
 .rodata._ZTVN10__cxxabiv120__si_class_type_infoE
                0x080078ac       0x2c C:/Program Files (x86)/Rowley Associates Limited/CrossWorks for ARM 3.6/lib/libgccxceptrtti_v7em_fpv4_sp_d16_hard_t_le_eabi_f.a(si_class_type_info.o)
                0x080078ac                vtable for __cxxabiv1::__si_class_type_info
 .rodata._ZTIN10__cxxabiv120__si_class_type_infoE
                0x080078d8        0xc C:/Program Files (x86)/Rowley Associates Limited/CrossWorks for ARM 3.6/lib/libgccxceptrtti_v7em_fpv4_sp_d16_hard_t_le_eabi_f.a(si_class_type_info.o)
                0x080078d8                typeinfo for __cxxabiv1::__si_class_type_info
 .rodata._ZTSN10__cxxabiv120__si_class_type_infoE
                0x080078e4       0x25 C:/Program Files (x86)/Rowley Associates Limited/CrossWorks for ARM 3.6/lib/libgccxceptrtti_v7em_fpv4_sp_d16_hard_t_le_eabi_f.a(si_class_type_info.o)
                0x080078e4                typeinfo name for __cxxabiv1::__si_class_type_info
 *fill*         0x08007909        0x3 
 .rodata._ZTISt9type_info
                0x0800790c        0x8 C:/Program Files (x86)/Rowley Associates Limited/CrossWorks for ARM 3.6/lib/libgccxceptrtti_v7em_fpv4_sp_d16_hard_t_le_eabi_f.a(tinfo.o)
                0x0800790c                typeinfo for std::type_info
 .rodata._ZTSSt9type_info
                0x08007914        0xd C:/Program Files (x86)/Rowley Associates Limited/CrossWorks for ARM 3.6/lib/libgccxceptrtti_v7em_fpv4_sp_d16_hard_t_le_eabi_f.a(tinfo.o)
                0x08007914                typeinfo name for std::type_info
 *fill*         0x08007921        0x3 
 .rodata._ZTIN10__cxxabiv121__vmi_class_type_infoE
                0x08007924        0xc C:/Program Files (x86)/Rowley Associates Limited/CrossWorks for ARM 3.6/lib/libgccxceptrtti_v7em_fpv4_sp_d16_hard_t_le_eabi_f.a(vmi_class_type_info.o)
                0x08007924                typeinfo for __cxxabiv1::__vmi_class_type_info
 .rodata._ZTSN10__cxxabiv121__vmi_class_type_infoE
                0x08007930       0x26 C:/Program Files (x86)/Rowley Associates Limited/CrossWorks for ARM 3.6/lib/libgccxceptrtti_v7em_fpv4_sp_d16_hard_t_le_eabi_f.a(vmi_class_type_info.o)
                0x08007930                typeinfo name for __cxxabiv1::__vmi_class_type_info
 *fill*         0x08007956        0x2 
 .rodata._ZTVN10__cxxabiv121__vmi_class_type_infoE
                0x08007958       0x2c C:/Program Files (x86)/Rowley Associates Limited/CrossWorks for ARM 3.6/lib/libgccxceptrtti_v7em_fpv4_sp_d16_hard_t_le_eabi_f.a(vmi_class_type_info.o)
                0x08007958                vtable for __cxxabiv1::__vmi_class_type_info
 .rodata.libc.str1.4
                0x08007984       0x30 C:/Program Files (x86)/Rowley Associates Limited/CrossWorks for ARM 3.6/lib/libvfprintf_v7em_fpv4_sp_d16_hard_t_le_eabi_f.o
 *fill*         0x080079b4        0x4 
 .rodata.libc.ipow10
                0x080079b8       0xa0 C:/Program Files (x86)/Rowley Associates Limited/CrossWorks for ARM 3.6/lib/libvfprintf_v7em_fpv4_sp_d16_hard_t_le_eabi_f.o
 .rodata.libc.__float32_nan
                0x08007a58        0x4 C:/Program Files (x86)/Rowley Associates Limited/CrossWorks for ARM 3.6/lib/libm_v7em_fpv4_sp_d16_hard_t_le_eabi_f.a(libm_asm.o)
                0x08007a58                __float32_nan
                0x08007a5c                __rodata_end__ = (__rodata_start__ + SIZEOF (.rodata))
                0x000005a8                __rodata_size__ = SIZEOF (.rodata)
                0x08007a5c                __rodata_load_end__ = __rodata_end__
                0x00000001                . = ASSERT (((__rodata_start__ == __rodata_end__) || ((__rodata_end__ >= __FLASH_segment_start__) && (__rodata_end__ <= __FLASH_segment_end__))), error: .rodata is too large to fit in FLASH memory segment)
                0x08007a5c                __ARM.exidx_load_start__ = ALIGN (__rodata_end__, 0x4)

.ARM.exidx      0x08007a5c       0x80
                0x08007a5c                __ARM.exidx_start__ = .
                0x08007a5c                __exidx_start = __ARM.exidx_start__
 *(.ARM.exidx .ARM.exidx.*)
 .ARM.exidx.text._ZNK10__cxxabiv117__class_type_info11__do_upcastEPKS0_PPv
                0x08007a5c        0x8 C:/Program Files (x86)/Rowley Associates Limited/CrossWorks for ARM 3.6/lib/libgccxceptrtti_v7em_fpv4_sp_d16_hard_t_le_eabi_f.a(class_type_info.o)
 .ARM.exidx.text._ZNK10__cxxabiv117__class_type_info20__do_find_public_srcEiPKvPKS0_S2_
                0x08007a64        0x8 C:/Program Files (x86)/Rowley Associates Limited/CrossWorks for ARM 3.6/lib/libgccxceptrtti_v7em_fpv4_sp_d16_hard_t_le_eabi_f.a(class_type_info.o)
 .ARM.exidx.text._ZN10__cxxabiv117__class_type_infoD2Ev
                0x08007a6c        0x8 C:/Program Files (x86)/Rowley Associates Limited/CrossWorks for ARM 3.6/lib/libgccxceptrtti_v7em_fpv4_sp_d16_hard_t_le_eabi_f.a(class_type_info.o)
 .ARM.exidx.text._ZN10__cxxabiv117__class_type_infoD0Ev
                0x08007a74        0x0 C:/Program Files (x86)/Rowley Associates Limited/CrossWorks for ARM 3.6/lib/libgccxceptrtti_v7em_fpv4_sp_d16_hard_t_le_eabi_f.a(class_type_info.o)
                                  0x8 (size before relaxing)
 .ARM.exidx.text._ZNK10__cxxabiv117__class_type_info10__do_catchEPKSt9type_infoPPvj
                0x08007a74        0x8 C:/Program Files (x86)/Rowley Associates Limited/CrossWorks for ARM 3.6/lib/libgccxceptrtti_v7em_fpv4_sp_d16_hard_t_le_eabi_f.a(class_type_info.o)
 .ARM.exidx.text._ZNK10__cxxabiv117__class_type_info12__do_dyncastEiNS0_10__sub_kindEPKS0_PKvS3_S5_RNS0_16__dyncast_resultE
                0x08007a7c        0x8 C:/Program Files (x86)/Rowley Associates Limited/CrossWorks for ARM 3.6/lib/libgccxceptrtti_v7em_fpv4_sp_d16_hard_t_le_eabi_f.a(class_type_info.o)
 .ARM.exidx.text._ZNK10__cxxabiv117__class_type_info11__do_upcastEPKS0_PKvRNS0_15__upcast_resultE
                0x08007a84        0x8 C:/Program Files (x86)/Rowley Associates Limited/CrossWorks for ARM 3.6/lib/libgccxceptrtti_v7em_fpv4_sp_d16_hard_t_le_eabi_f.a(class_type_info.o)
 .ARM.exidx.text._ZN10__cxxabiv120__si_class_type_infoD2Ev
                0x08007a8c        0x8 C:/Program Files (x86)/Rowley Associates Limited/CrossWorks for ARM 3.6/lib/libgccxceptrtti_v7em_fpv4_sp_d16_hard_t_le_eabi_f.a(si_class_type_info.o)
 .ARM.exidx.text._ZN10__cxxabiv120__si_class_type_infoD0Ev
                0x08007a94        0x0 C:/Program Files (x86)/Rowley Associates Limited/CrossWorks for ARM 3.6/lib/libgccxceptrtti_v7em_fpv4_sp_d16_hard_t_le_eabi_f.a(si_class_type_info.o)
                                  0x8 (size before relaxing)
 .ARM.exidx.text._ZNK10__cxxabiv120__si_class_type_info20__do_find_public_srcEiPKvPKNS_17__class_type_infoES2_
                0x08007a94        0x8 C:/Program Files (x86)/Rowley Associates Limited/CrossWorks for ARM 3.6/lib/libgccxceptrtti_v7em_fpv4_sp_d16_hard_t_le_eabi_f.a(si_class_type_info.o)
 .ARM.exidx.text._ZNK10__cxxabiv120__si_class_type_info12__do_dyncastEiNS_17__class_type_info10__sub_kindEPKS1_PKvS4_S6_RNS1_16__dyncast_resultE
                0x08007a9c        0x8 C:/Program Files (x86)/Rowley Associates Limited/CrossWorks for ARM 3.6/lib/libgccxceptrtti_v7em_fpv4_sp_d16_hard_t_le_eabi_f.a(si_class_type_info.o)
 .ARM.exidx.text._ZNK10__cxxabiv120__si_class_type_info11__do_upcastEPKNS_17__class_type_infoEPKvRNS1_15__upcast_resultE
                0x08007aa4        0x8 C:/Program Files (x86)/Rowley Associates Limited/CrossWorks for ARM 3.6/lib/libgccxceptrtti_v7em_fpv4_sp_d16_hard_t_le_eabi_f.a(si_class_type_info.o)
 .ARM.exidx.text._ZNSt9type_infoD2Ev
                0x08007aac        0x8 C:/Program Files (x86)/Rowley Associates Limited/CrossWorks for ARM 3.6/lib/libgccxceptrtti_v7em_fpv4_sp_d16_hard_t_le_eabi_f.a(tinfo.o)
 .ARM.exidx.text._ZNKSt9type_info14__is_pointer_pEv
                0x08007ab4        0x0 C:/Program Files (x86)/Rowley Associates Limited/CrossWorks for ARM 3.6/lib/libgccxceptrtti_v7em_fpv4_sp_d16_hard_t_le_eabi_f.a(tinfo.o)
                                  0x8 (size before relaxing)
 .ARM.exidx.text._ZNKSt9type_info15__is_function_pEv
                0x08007ab4        0x0 C:/Program Files (x86)/Rowley Associates Limited/CrossWorks for ARM 3.6/lib/libgccxceptrtti_v7em_fpv4_sp_d16_hard_t_le_eabi_f.a(tinfo.o)
                                  0x8 (size before relaxing)
 .ARM.exidx.text._ZNKSt9type_infoeqERKS_
                0x08007ab4        0x0 C:/Program Files (x86)/Rowley Associates Limited/CrossWorks for ARM 3.6/lib/libgccxceptrtti_v7em_fpv4_sp_d16_hard_t_le_eabi_f.a(tinfo.o)
                                  0x8 (size before relaxing)
 .ARM.exidx.text._ZN10__cxxabiv121__vmi_class_type_infoD2Ev
                0x08007ab4        0x8 C:/Program Files (x86)/Rowley Associates Limited/CrossWorks for ARM 3.6/lib/libgccxceptrtti_v7em_fpv4_sp_d16_hard_t_le_eabi_f.a(vmi_class_type_info.o)
 .ARM.exidx.text._ZN10__cxxabiv121__vmi_class_type_infoD0Ev
                0x08007abc        0x0 C:/Program Files (x86)/Rowley Associates Limited/CrossWorks for ARM 3.6/lib/libgccxceptrtti_v7em_fpv4_sp_d16_hard_t_le_eabi_f.a(vmi_class_type_info.o)
                                  0x8 (size before relaxing)
 .ARM.exidx.text._ZNK10__cxxabiv121__vmi_class_type_info20__do_find_public_srcEiPKvPKNS_17__class_type_infoES2_
                0x08007abc        0x8 C:/Program Files (x86)/Rowley Associates Limited/CrossWorks for ARM 3.6/lib/libgccxceptrtti_v7em_fpv4_sp_d16_hard_t_le_eabi_f.a(vmi_class_type_info.o)
 .ARM.exidx.text._ZNK10__cxxabiv121__vmi_class_type_info12__do_dyncastEiNS_17__class_type_info10__sub_kindEPKS1_PKvS4_S6_RNS1_16__dyncast_resultE
                0x08007ac4        0x8 C:/Program Files (x86)/Rowley Associates Limited/CrossWorks for ARM 3.6/lib/libgccxceptrtti_v7em_fpv4_sp_d16_hard_t_le_eabi_f.a(vmi_class_type_info.o)
 .ARM.exidx.text._ZNK10__cxxabiv121__vmi_class_type_info11__do_upcastEPKNS_17__class_type_infoEPKvRNS1_15__upcast_resultE
                0x08007acc       0x10 C:/Program Files (x86)/Rowley Associates Limited/CrossWorks for ARM 3.6/lib/libgccxceptrtti_v7em_fpv4_sp_d16_hard_t_le_eabi_f.a(vmi_class_type_info.o)
                                  0x8 (size before relaxing)
                0x08007adc                __ARM.exidx_end__ = (__ARM.exidx_start__ + SIZEOF (.ARM.exidx))
                0x00000080                __ARM.exidx_size__ = SIZEOF (.ARM.exidx)
                0x08007adc                __exidx_end = __ARM.exidx_end__
                0x08007adc                __ARM.exidx_load_end__ = __ARM.exidx_end__

.rel.dyn        0x08000000        0x0
 .rel.iplt      0x00000000        0x0 AutomationModule THUMB Debug/system_stm32f4xx.o
                0x00000001                . = ASSERT (((__ARM.exidx_start__ == __ARM.exidx_end__) || ((__ARM.exidx_end__ >= __FLASH_segment_start__) && (__ARM.exidx_end__ <= __FLASH_segment_end__))), error: .ARM.exidx is too large to fit in FLASH memory segment)
                0x08007adc                __fast_load_start__ = ALIGN (__ARM.exidx_end__, 0x4)

.fast           0x20000000        0x0 load address 0x08007adc
                0x20000000                __fast_start__ = .
 *(.fast .fast.*)
                0x20000000                __fast_end__ = (__fast_start__ + SIZEOF (.fast))
                0x00000000                __fast_size__ = SIZEOF (.fast)
                0x08007adc                __fast_load_end__ = (__fast_load_start__ + SIZEOF (.fast))
                0x00000001                . = ASSERT (((__fast_load_start__ == __fast_load_end__) || ((__fast_load_end__ >= __FLASH_segment_start__) && (__fast_load_end__ <= __FLASH_segment_end__))), error: .fast is too large to fit in FLASH memory segment)

.fast_run       0x20000000        0x0
                0x20000000                __fast_run_start__ = .
                0x20000000                . = MAX ((__fast_run_start__ + SIZEOF (.fast)), .)
                0x20000000                __fast_run_end__ = (__fast_run_start__ + SIZEOF (.fast_run))
                0x00000000                __fast_run_size__ = SIZEOF (.fast_run)
                0x20000000                __fast_run_load_end__ = __fast_run_end__
                0x00000001                . = ASSERT (((__fast_run_start__ == __fast_run_end__) || ((__fast_run_end__ >= __RAM_segment_start__) && (__fast_run_end__ <= __RAM_segment_end__))), error: .fast_run is too large to fit in RAM memory segment)
                0x08007adc                __data_load_start__ = ALIGN ((__fast_load_start__ + SIZEOF (.fast)), 0x4)

.data           0x20000000       0x24 load address 0x08007adc
                0x20000000                __data_start__ = .
 *(.data .data.* .gnu.linkonce.d.*)
 .data.SystemCoreClock
                0x20000000        0x4 AutomationModule THUMB Debug/system_stm32f4xx.o
                0x20000000                SystemCoreClock
 .data.APBAHBPrescTable
                0x20000004       0x10 AutomationModule THUMB Debug/stm32f4xx_rcc.o
 .data.xFreeBytesRemaining
                0x20000014        0x4 AutomationModule THUMB Debug/heap_4.o
 .data.xMinimumEverFreeBytesRemaining
                0x20000018        0x4 AutomationModule THUMB Debug/heap_4.o
 .data.uxCriticalNesting
                0x2000001c        0x4 AutomationModule THUMB Debug/port.o
 .data.libc.heap
                0x20000020        0x4 C:/Program Files (x86)/Rowley Associates Limited/CrossWorks for ARM 3.6/lib/libc_v7em_fpv4_sp_d16_hard_t_le_eabi_f.a(libc2.o)
                0x20000024                __data_end__ = (__data_start__ + SIZEOF (.data))
                0x00000024                __data_size__ = SIZEOF (.data)
                0x08007b00                __data_load_end__ = (__data_load_start__ + SIZEOF (.data))

.igot.plt       0x00000000        0x0
 .igot.plt      0x00000000        0x0 AutomationModule THUMB Debug/system_stm32f4xx.o
                0x00000001                . = ASSERT (((__data_load_start__ == __data_load_end__) || ((__data_load_end__ >= __FLASH_segment_start__) && (__data_load_end__ <= __FLASH_segment_end__))), error: .data is too large to fit in FLASH memory segment)

.data_run       0x20000000       0x24 load address 0x08007adc
                0x20000000                __data_run_start__ = .
                0x20000024                . = MAX ((__data_run_start__ + SIZEOF (.data)), .)
 *fill*         0x20000000       0x24 
                0x20000024                __data_run_end__ = (__data_run_start__ + SIZEOF (.data_run))
                0x00000024                __data_run_size__ = SIZEOF (.data_run)
                0x20000024                __data_run_load_end__ = __data_run_end__
                0x00000001                . = ASSERT (((__data_run_start__ == __data_run_end__) || ((__data_run_end__ >= __RAM_segment_start__) && (__data_run_end__ <= __RAM_segment_end__))), error: .data_run is too large to fit in RAM memory segment)
                0x08007b00                __tdata_load_start__ = ALIGN ((__data_load_start__ + SIZEOF (.data)), 0x4)

.tdata          0x20000024        0x0 load address 0x08007b00
                0x20000024                __tdata_start__ = .
 *(.tdata .tdata.*)
                0x20000024                __tdata_end__ = (__tdata_start__ + SIZEOF (.tdata))
                0x00000000                __tdata_size__ = SIZEOF (.tdata)
                0x08007b00                __tdata_load_end__ = (__tdata_load_start__ + SIZEOF (.tdata))
                0x08007b00                __FLASH_segment_used_end__ = (ALIGN ((__data_load_start__ + SIZEOF (.data)), 0x4) + SIZEOF (.tdata))
                0x00007b00                __FLASH_segment_used_size__ = (__FLASH_segment_used_end__ - __FLASH_segment_start__)
                0x00000001                . = ASSERT (((__tdata_load_start__ == __tdata_load_end__) || ((__tdata_load_end__ >= __FLASH_segment_start__) && (__tdata_load_end__ <= __FLASH_segment_end__))), error: .tdata is too large to fit in FLASH memory segment)

.tdata_run      0x20000024        0x0
                0x20000024                __tdata_run_start__ = .
                0x20000024                . = MAX ((__tdata_run_start__ + SIZEOF (.tdata)), .)
                0x20000024                __tdata_run_end__ = (__tdata_run_start__ + SIZEOF (.tdata_run))
                0x00000000                __tdata_run_size__ = SIZEOF (.tdata_run)
                0x20000024                __tdata_run_load_end__ = __tdata_run_end__
                0x00000001                . = ASSERT (((__tdata_run_start__ == __tdata_run_end__) || ((__tdata_run_end__ >= __RAM_segment_start__) && (__tdata_run_end__ <= __RAM_segment_end__))), error: .tdata_run is too large to fit in RAM memory segment)
                0x20000024                __bss_load_start__ = ALIGN (__tdata_run_end__, 0x4)

.bss            0x20000024    0x12dcc
                0x20000024                __bss_start__ = .
 *(.bss .bss.* .gnu.linkonce.b.*)
 .bss.xQueueRegistry
                0x20000024       0x40 AutomationModule THUMB Debug/queue.o
                0x20000024                xQueueRegistry
 .bss.pxCurrentTCB
                0x20000064        0x4 AutomationModule THUMB Debug/tasks.o
                0x20000064                pxCurrentTCB
 .bss.pxReadyTasksLists
                0x20000068       0x64 AutomationModule THUMB Debug/tasks.o
 .bss.xDelayedTaskList1
                0x200000cc       0x14 AutomationModule THUMB Debug/tasks.o
 .bss.xDelayedTaskList2
                0x200000e0       0x14 AutomationModule THUMB Debug/tasks.o
 .bss.pxDelayedTaskList
                0x200000f4        0x4 AutomationModule THUMB Debug/tasks.o
 .bss.pxOverflowDelayedTaskList
                0x200000f8        0x4 AutomationModule THUMB Debug/tasks.o
 .bss.xPendingReadyList
                0x200000fc       0x14 AutomationModule THUMB Debug/tasks.o
 .bss.xSuspendedTaskList
                0x20000110       0x14 AutomationModule THUMB Debug/tasks.o
 .bss.uxCurrentNumberOfTasks
                0x20000124        0x4 AutomationModule THUMB Debug/tasks.o
 .bss.xTickCount
                0x20000128        0x4 AutomationModule THUMB Debug/tasks.o
 .bss.uxTopReadyPriority
                0x2000012c        0x4 AutomationModule THUMB Debug/tasks.o
 .bss.xSchedulerRunning
                0x20000130        0x4 AutomationModule THUMB Debug/tasks.o
 .bss.uxPendedTicks
                0x20000134        0x4 AutomationModule THUMB Debug/tasks.o