Archive member included because of file (symbol)

../../Arduino_Core\libAtMega2560_3V3_core.a(wiring.c.o)
                              XBee.o (millis)
../../Arduino_Core\libAtMega2560_3V3_core.a(wiring_digital.c.o)
                              gateway.o (pinMode)
../../Arduino_Core\libAtMega2560_3V3_core.a(HardwareSerial.cpp.o)
                              XBee.o (Serial)
../../Arduino_Core\libAtMega2560_3V3_core.a(main.cpp.o)
                              c:/program files (x86)/atmel/atmel toolchain/avr8 gcc/native/3.4.1056/avr8-gnu-toolchain/bin/../lib/gcc/avr/4.8.1/../../../../avr/lib/avr6/crtm2560.o (main)
../../Arduino_Core\libAtMega2560_3V3_core.a(new.cpp.o)
                              Wire.o (__cxa_pure_virtual)
../../Arduino_Core\libAtMega2560_3V3_core.a(Print.cpp.o)
                              Wire.o (_ZN5Print5writeEPKhj)
../../Arduino_Core\libAtMega2560_3V3_core.a(WString.cpp.o)
                              ../../Arduino_Core\libAtMega2560_3V3_core.a(Print.cpp.o) (_ZNK6StringixEj)
c:/program files (x86)/atmel/atmel toolchain/avr8 gcc/native/3.4.1056/avr8-gnu-toolchain/bin/../lib/gcc/avr/4.8.1/../../../../avr/lib/avr6\libm.a(addsf3.o)
                              SHT2x.o (__subsf3)
c:/program files (x86)/atmel/atmel toolchain/avr8 gcc/native/3.4.1056/avr8-gnu-toolchain/bin/../lib/gcc/avr/4.8.1/../../../../avr/lib/avr6\libm.a(addsf3x.o)
                              c:/program files (x86)/atmel/atmel toolchain/avr8 gcc/native/3.4.1056/avr8-gnu-toolchain/bin/../lib/gcc/avr/4.8.1/../../../../avr/lib/avr6\libm.a(addsf3.o) (__addsf3x)
c:/program files (x86)/atmel/atmel toolchain/avr8 gcc/native/3.4.1056/avr8-gnu-toolchain/bin/../lib/gcc/avr/4.8.1/../../../../avr/lib/avr6\libm.a(cmpsf2.o)
                              ../../Arduino_Core\libAtMega2560_3V3_core.a(Print.cpp.o) (__ltsf2)
c:/program files (x86)/atmel/atmel toolchain/avr8 gcc/native/3.4.1056/avr8-gnu-toolchain/bin/../lib/gcc/avr/4.8.1/../../../../avr/lib/avr6\libm.a(divsf3.o)
                              MPL115A2.o (__divsf3)
c:/program files (x86)/atmel/atmel toolchain/avr8 gcc/native/3.4.1056/avr8-gnu-toolchain/bin/../lib/gcc/avr/4.8.1/../../../../avr/lib/avr6\libm.a(divsf3x.o)
                              c:/program files (x86)/atmel/atmel toolchain/avr8 gcc/native/3.4.1056/avr8-gnu-toolchain/bin/../lib/gcc/avr/4.8.1/../../../../avr/lib/avr6\libm.a(divsf3.o) (__divsf3x)
c:/program files (x86)/atmel/atmel toolchain/avr8 gcc/native/3.4.1056/avr8-gnu-toolchain/bin/../lib/gcc/avr/4.8.1/../../../../avr/lib/avr6\libm.a(fixsfsi.o)
                              gateway.o (__fixsfsi)
c:/program files (x86)/atmel/atmel toolchain/avr8 gcc/native/3.4.1056/avr8-gnu-toolchain/bin/../lib/gcc/avr/4.8.1/../../../../avr/lib/avr6\libm.a(fixunssfsi.o)
                              ../../Arduino_Core\libAtMega2560_3V3_core.a(Print.cpp.o) (__fixunssfsi)
c:/program files (x86)/atmel/atmel toolchain/avr8 gcc/native/3.4.1056/avr8-gnu-toolchain/bin/../lib/gcc/avr/4.8.1/../../../../avr/lib/avr6\libm.a(floatsisf.o)
                              SHT2x.o (__floatunsisf)
c:/program files (x86)/atmel/atmel toolchain/avr8 gcc/native/3.4.1056/avr8-gnu-toolchain/bin/../lib/gcc/avr/4.8.1/../../../../avr/lib/avr6\libm.a(fp_cmp.o)
                              c:/program files (x86)/atmel/atmel toolchain/avr8 gcc/native/3.4.1056/avr8-gnu-toolchain/bin/../lib/gcc/avr/4.8.1/../../../../avr/lib/avr6\libm.a(cmpsf2.o) (__fp_cmp)
c:/program files (x86)/atmel/atmel toolchain/avr8 gcc/native/3.4.1056/avr8-gnu-toolchain/bin/../lib/gcc/avr/4.8.1/../../../../avr/lib/avr6\libm.a(fp_inf.o)
                              c:/program files (x86)/atmel/atmel toolchain/avr8 gcc/native/3.4.1056/avr8-gnu-toolchain/bin/../lib/gcc/avr/4.8.1/../../../../avr/lib/avr6\libm.a(addsf3x.o) (__fp_inf)
c:/program files (x86)/atmel/atmel toolchain/avr8 gcc/native/3.4.1056/avr8-gnu-toolchain/bin/../lib/gcc/avr/4.8.1/../../../../avr/lib/avr6\libm.a(fp_nan.o)
                              c:/program files (x86)/atmel/atmel toolchain/avr8 gcc/native/3.4.1056/avr8-gnu-toolchain/bin/../lib/gcc/avr/4.8.1/../../../../avr/lib/avr6\libm.a(addsf3x.o) (__fp_nan)
c:/program files (x86)/atmel/atmel toolchain/avr8 gcc/native/3.4.1056/avr8-gnu-toolchain/bin/../lib/gcc/avr/4.8.1/../../../../avr/lib/avr6\libm.a(fp_pscA.o)
                              c:/program files (x86)/atmel/atmel toolchain/avr8 gcc/native/3.4.1056/avr8-gnu-toolchain/bin/../lib/gcc/avr/4.8.1/../../../../avr/lib/avr6\libm.a(addsf3x.o) (__fp_pscA)
c:/program files (x86)/atmel/atmel toolchain/avr8 gcc/native/3.4.1056/avr8-gnu-toolchain/bin/../lib/gcc/avr/4.8.1/../../../../avr/lib/avr6\libm.a(fp_pscB.o)
                              c:/program files (x86)/atmel/atmel toolchain/avr8 gcc/native/3.4.1056/avr8-gnu-toolchain/bin/../lib/gcc/avr/4.8.1/../../../../avr/lib/avr6\libm.a(addsf3x.o) (__fp_pscB)
[...]
Memory Configuration

Name             Origin             Length             Attributes
text             0x00000000         0x00100000         xr
data             0x00800200         0x0000fe00         rw !x
eeprom           0x00810000         0x00010000         rw !x
fuse             0x00820000         0x00000400         rw !x
lock             0x00830000         0x00000400         rw !x
signature        0x00840000         0x00000400         rw !x
user_signatures  0x00850000         0x00000400         rw !x
*default*        0x00000000         0xffffffff

Linker script and memory map

Address of section .data set to 0x800200
LOAD c:/program files (x86)/atmel/atmel toolchain/avr8 gcc/native/3.4.1056/avr8-gnu-toolchain/bin/../lib/gcc/avr/4.8.1/../../../../avr/lib/avr6/crtm2560.o
LOAD EEPROM.o
LOAD twi.o
LOAD Wire.o
LOAD SHT2x.o
LOAD XBee.o
LOAD gateway.o
LOAD MPL115A2.o
LOAD RelayBrd.o
START GROUP
LOAD ../../Arduino_Core\libAtMega2560_3V3_core.a
LOAD c:/program files (x86)/atmel/atmel toolchain/avr8 gcc/native/3.4.1056/avr8-gnu-toolchain/bin/../lib/gcc/avr/4.8.1/../../../../avr/lib/avr6\libm.a
END GROUP
                0x008021ff                __stack = 0x8021ff
LOAD c:/program files (x86)/atmel/atmel toolchain/avr8 gcc/native/3.4.1056/avr8-gnu-toolchain/bin/../lib/gcc/avr/4.8.1/avr6\libgcc.a
LOAD c:/program files (x86)/atmel/atmel toolchain/avr8 gcc/native/3.4.1056/avr8-gnu-toolchain/bin/../lib/gcc/avr/4.8.1/../../../../avr/lib/avr6\libm.a
START GROUP
LOAD c:/program files (x86)/atmel/atmel toolchain/avr8 gcc/native/3.4.1056/avr8-gnu-toolchain/bin/../lib/gcc/avr/4.8.1/avr6\libgcc.a
LOAD c:/program files (x86)/atmel/atmel toolchain/avr8 gcc/native/3.4.1056/avr8-gnu-toolchain/bin/../lib/gcc/avr/4.8.1/../../../../avr/lib/avr6\libm.a
LOAD c:/program files (x86)/atmel/atmel toolchain/avr8 gcc/native/3.4.1056/avr8-gnu-toolchain/bin/../lib/gcc/avr/4.8.1/../../../../avr/lib/avr6\libc.a
END GROUP

.hash
 *(.hash)

.dynsym
 *(.dynsym)

.dynstr
 *(.dynstr)

.gnu.version
 *(.gnu.version)

.gnu.version_d
 *(.gnu.version_d)

.gnu.version_r
 *(.gnu.version_r)

.rel.init
 *(.rel.init)

.rela.init
 *(.rela.init)

.rel.text
 *(.rel.text)
 *(.rel.text.*)
 *(.rel.gnu.linkonce.t*)

.rela.text
 *(.rela.text)
 *(.rela.text.*)
 *(.rela.gnu.linkonce.t*)

.rel.fini
 *(.rel.fini)

.rela.fini
 *(.rela.fini)

.rel.rodata
 *(.rel.rodata)
 *(.rel.rodata.*)
 *(.rel.gnu.linkonce.r*)

.rela.rodata
 *(.rela.rodata)
 *(.rela.rodata.*)
 *(.rela.gnu.linkonce.r*)

.rel.data
 *(.rel.data)
 *(.rel.data.*)
 *(.rel.gnu.linkonce.d*)

.rela.data
 *(.rela.data)
 *(.rela.data.*)
 *(.rela.gnu.linkonce.d*)

.rel.ctors
 *(.rel.ctors)

.rela.ctors
 *(.rela.ctors)

.rel.dtors
 *(.rel.dtors)

.rela.dtors
 *(.rela.dtors)

.rel.got
 *(.rel.got)

.rela.got
 *(.rela.got)

.rel.bss
 *(.rel.bss)

.rela.bss
 *(.rela.bss)

.rel.plt
 *(.rel.plt)

.rela.plt
 *(.rela.plt)

.text           0x00000000     0x3be8
 *(.vectors)
 .vectors       0x00000000       0xe4 c:/program files (x86)/atmel/atmel toolchain/avr8 gcc/native/3.4.1056/avr8-gnu-toolchain/bin/../lib/gcc/avr/4.8.1/../../../../avr/lib/avr6/crtm2560.o
                0x00000000                __vector_default
                0x00000000                __vectors
 *(.vectors)
 *(.progmem.gcc*)
                0x000000e4                . = ALIGN (0x2)
                0x000000e4                __trampolines_start = .
 *(.trampolines)
 .trampolines   0x000000e4       0x58 linker stubs
 *(.trampolines*)
                0x0000013c                __trampolines_end = .
 *(.progmem*)
 .progmem.data  0x0000013c      0x120 ../../Arduino_Core\libAtMega2560_3V3_core.a(wiring_digital.c.o)
                0x0000013c                port_to_mode_PGM
                0x00000156                port_to_output_PGM
                0x00000170                port_to_input_PGM
                0x0000018a                digital_pin_to_port_PGM
                0x000001d0                digital_pin_to_bit_mask_PGM
                0x00000216                digital_pin_to_timer_PGM
                0x0000025c                . = ALIGN (0x2)
 *(.jumptables)
 *(.jumptables*)
 *(.lowtext)
 *(.lowtext*)
                0x0000025c                __ctors_start = .
 *(.ctors)
 .ctors         0x0000025c        0x2 Wire.o
 .ctors         0x0000025e        0x2 XBee.o
 .ctors         0x00000260        0x2 gateway.o
 .ctors         0x00000262        0x2 MPL115A2.o
 .ctors         0x00000264        0x2 ../../Arduino_Core\libAtMega2560_3V3_core.a(HardwareSerial.cpp.o)
                0x00000266                __ctors_end = .
                0x00000266                __dtors_start = .
 *(.dtors)
                0x00000266                __dtors_end = .
 SORT(*)(.ctors)
 SORT(*)(.dtors)
 *(.init0)
 .init0         0x00000266        0x0 c:/program files (x86)/atmel/atmel toolchain/avr8 gcc/native/3.4.1056/avr8-gnu-toolchain/bin/../lib/gcc/avr/4.8.1/../../../../avr/lib/avr6/crtm2560.o
                0x00000266                __init
 *(.init0)
 *(.init1)
 *(.init1)
 *(.init2)
 .init2         0x00000266       0x10 c:/program files (x86)/atmel/atmel toolchain/avr8 gcc/native/3.4.1056/avr8-gnu-toolchain/bin/../lib/gcc/avr/4.8.1/../../../../avr/lib/avr6/crtm2560.o
 *(.init2)
 *(.init3)
 *(.init3)
 *(.init4)
 .init4         0x00000276       0x1a c:/program files (x86)/atmel/atmel toolchain/avr8 gcc/native/3.4.1056/avr8-gnu-toolchain/bin/../lib/gcc/avr/4.8.1/avr6\libgcc.a(_copy_data.o)
                0x00000276                __do_copy_data
 .init4         0x00000290       0x10 c:/program files (x86)/atmel/atmel toolchain/avr8 gcc/native/3.4.1056/avr8-gnu-toolchain/bin/../lib/gcc/avr/4.8.1/avr6\libgcc.a(_clear_bss.o)
                0x00000290                __do_clear_bss
 *(.init4)
 *(.init5)
 *(.init5)
 *(.init6)
 .init6         0x000002a0       0x20 c:/program files (x86)/atmel/atmel toolchain/avr8 gcc/native/3.4.1056/avr8-gnu-toolchain/bin/../lib/gcc/avr/4.8.1/avr6\libgcc.a(_ctors.o)
                0x000002a0                __do_global_ctors
 *(.init6)
 *(.init7)
 *(.init7)
 *(.init8)
 *(.init8)
 *(.init9)
 .init9         0x000002c0        0x8 c:/program files (x86)/atmel/atmel toolchain/avr8 gcc/native/3.4.1056/avr8-gnu-toolchain/bin/../lib/gcc/avr/4.8.1/../../../../avr/lib/avr6/crtm2560.o
 *(.init9)
 *(.text)
 .text          0x000002c8        0x4 c:/program files (x86)/atmel/atmel toolchain/avr8 gcc/native/3.4.1056/avr8-gnu-toolchain/bin/../lib/gcc/avr/4.8.1/../../../../avr/lib/avr6/crtm2560.o
                0x000002c8                __vector_38
                0x000002c8                __vector_22
                0x000002c8                __vector_28
                0x000002c8                __vector_1
                0x000002c8                __vector_32
                0x000002c8                __vector_34
                0x000002c8                __vector_24
                0x000002c8                __vector_12
                0x000002c8                __vector_46
                0x000002c8                __bad_interrupt
                0x000002c8                __vector_6
                0x000002c8                __vector_31
                0x000002c8                __vector_35
                0x000002c8                __vector_3
                0x000002c8                __vector_30
                0x000002c8                __vector_45
                0x000002c8                __vector_11
                0x000002c8                __vector_13
                0x000002c8                __vector_17
                0x000002c8                __vector_19
                0x000002c8                __vector_56
                0x000002c8                __vector_7
                0x000002c8                __vector_49
                0x000002c8                __vector_41
                0x000002c8                __vector_43
                0x000002c8                __vector_27
                0x000002c8                __vector_5
                0x000002c8                __vector_33
                0x000002c8                __vector_47
                0x000002c8                __vector_4
                0x000002c8                __vector_44
                0x000002c8                __vector_9
                0x000002c8                __vector_2
                0x000002c8                __vector_21
                0x000002c8                __vector_15
                0x000002c8                __vector_29
                0x000002c8                __vector_40
                0x000002c8                __vector_8
                0x000002c8                __vector_48
                0x000002c8                __vector_14
                0x000002c8                __vector_53
                0x000002c8                __vector_10
                0x000002c8                __vector_50
                0x000002c8                __vector_16
                0x000002c8                __vector_18
                0x000002c8                __vector_20
                0x000002c8                __vector_42
                0x000002cc                . = ALIGN (0x2)
 *(.text.*)
 .text._ZN11EEPROMClass4readEi
                0x000002cc        0xe EEPROM.o
                0x000002cc                _ZN11EEPROMClass4readEi
 .text._ZN11EEPROMClass5writeEih
                0x000002da       0x18 EEPROM.o
                0x000002da                _ZN11EEPROMClass5writeEih
 .text.twi_init
                0x000002f2       0x66 twi.o
                0x000002f2                twi_init
 .text.twi_transmit
                0x00000358       0x36 twi.o
                0x00000358                twi_transmit
 .text.twi_releaseBus
                0x0000038e        0xc twi.o
                0x0000038e                twi_releaseBus
 .text.twi_tout
                0x0000039a       0x72 twi.o
                0x0000039a                twi_tout
 .text.twi_readFrom
                0x0000040c       0xa4 twi.o
                0x0000040c                twi_readFrom
 .text.twi_writeTo
                0x000004b0       0xca twi.o
                0x000004b0                twi_writeTo
 .text.twi_stop
                0x0000057a       0x26 twi.o
                0x0000057a                twi_stop
 .text.__vector_39
                0x000005a0      0x274 twi.o
                0x000005a0                __vector_39
 .text._ZN7TwoWire9availableEv
                0x00000814       0x10 Wire.o
                0x00000814                _ZN7TwoWire9availableEv
 .text._ZN7TwoWire4readEv
                0x00000824       0x26 Wire.o
                0x00000824                _ZN7TwoWire4readEv
 .text._ZN7TwoWire4peekEv
                0x0000084a       0x1e Wire.o
                0x0000084a                _ZN7TwoWire4peekEv
 .text._ZN7TwoWire5flushEv
                0x00000868        0x2 Wire.o
                0x00000868                _ZN7TwoWire5flushEv
 .text._ZN7TwoWire5writeEPKhj
                0x0000086a       0x5a Wire.o
                0x0000086a                _ZN7TwoWire5writeEPKhj
 .text._ZN7TwoWire5writeEh
                0x000008c4       0x5e Wire.o
                0x000008c4                _ZN7TwoWire5writeEh
 .text._ZN7TwoWireC2Ev
                0x00000922       0x20 Wire.o
                0x00000922                _ZN7TwoWireC1Ev
                0x00000922                _ZN7TwoWireC2Ev
 .text._ZN7TwoWire5beginEv
                0x00000942       0x14 Wire.o
                0x00000942                _ZN7TwoWire5beginEv
 .text._ZN7TwoWire11requestFromEhh
                0x00000956       0x1a Wire.o
                0x00000956                _ZN7TwoWire11requestFromEhh
 .text._ZN7TwoWire11requestFromEii
                0x00000970        0x4 Wire.o
                0x00000970                _ZN7TwoWire11requestFromEii
 .text._ZN7TwoWire17beginTransmissionEh
                0x00000974       0x14 Wire.o
                0x00000974                _ZN7TwoWire17beginTransmissionEh
 .text._ZN7TwoWire17beginTransmissionEi
                0x00000988        0x4 Wire.o
                0x00000988                _ZN7TwoWire17beginTransmissionEi
 .text._ZN7TwoWire15endTransmissionEv
                0x0000098c       0x20 Wire.o
                0x0000098c                _ZN7TwoWire15endTransmissionEv
 .text.startup._GLOBAL__sub_I__ZN7TwoWire8rxBufferE
                0x000009ac        0x8 Wire.o
 .text._ZN10SHT2xClass10readSensorEh
                0x000009b4       0xda SHT2x.o
                0x000009b4                _ZN10SHT2xClass10readSensorEh
 .text._ZN10SHT2xClass11GetHumidityEv
                0x00000a8e       0x2a SHT2x.o
                0x00000a8e                _ZN10SHT2xClass11GetHumidityEv
 .text._ZN10SHT2xClass14GetTemperatureEv
                0x00000ab8       0x2a SHT2x.o
                0x00000ab8                _ZN10SHT2xClass14GetTemperatureEv
 .text._ZN12ZBRxResponse13getDataOffsetEv
                0x00000ae2        0x4 XBee.o
                0x00000ae2                _ZN12ZBRxResponse13getDataOffsetEv
 .text._ZN12ZBRxResponse13getDataLengthEv
                0x00000ae6       0x20 XBee.o
                0x00000ae6                _ZN12ZBRxResponse13getDataLengthEv
 .text._ZN11ZBTxRequest18getFrameDataLengthEv
                0x00000b06        0x8 XBee.o
                0x00000b06                _ZN11ZBTxRequest18getFrameDataLengthEv
 .text._ZN11ZBTxRequest12getFrameDataEh
                0x00000b0e       0x72 XBee.o
                0x00000b0e                _ZN11ZBTxRequest12getFrameDataEh
 .text._ZN12XBeeResponse8getApiIdEv
                0x00000b80        0x6 XBee.o
                0x00000b80                _ZN12XBeeResponse8getApiIdEv
 .text._ZN12XBeeResponse11isAvailableEv
                0x00000b86        0x6 XBee.o
                0x00000b86                _ZN12XBeeResponse11isAvailableEv
 .text._ZN12XBeeResponse7isErrorEv
                0x00000b8c       0x10 XBee.o
                0x00000b8c                _ZN12XBeeResponse7isErrorEv
 .text._ZN12XBeeResponse12getErrorCodeEv
                0x00000b9c        0x6 XBee.o
                0x00000b9c                _ZN12XBeeResponse12getErrorCodeEv
 .text._ZN12XBeeResponse9setCommonERS_
                0x00000ba2       0x3c XBee.o
                0x00000ba2                _ZN12XBeeResponse9setCommonERS_
 .text._ZN12ZBRxResponseC2Ev
                0x00000bde       0x42 XBee.o
                0x00000bde                _ZN12ZBRxResponseC1Ev
                0x00000bde                _ZN12ZBRxResponseC2Ev
 .text._ZN12XBeeResponse15getZBRxResponseERS_
                0x00000c20       0xbc XBee.o
                0x00000c20                _ZN12XBeeResponse15getZBRxResponseERS_
 .text._ZN14RxDataResponse7getDataEv
                0x00000cdc       0x28 XBee.o
                0x00000cdc                _ZN14RxDataResponse7getDataEv
 .text._ZN19ModemStatusResponseC2Ev
                0x00000d04        0x2 XBee.o
                0x00000d04                _ZN19ModemStatusResponseC2Ev
                0x00000d04                _ZN19ModemStatusResponseC1Ev
 .text._ZN19ModemStatusResponse9getStatusEv
                0x00000d06        0xa XBee.o
                0x00000d06                _ZN19ModemStatusResponse9getStatusEv
 .text._ZN12XBeeResponse22getModemStatusResponseERS_
                0x00000d10       0x10 XBee.o
                0x00000d10                _ZN12XBeeResponse22getModemStatusResponseERS_
 .text._ZN12XBeeResponse12getFrameDataEv
                0x00000d20        0x8 XBee.o
                0x00000d20                _ZN12XBeeResponse12getFrameDataEv
 .text._ZN12XBeeResponse5resetEv
                0x00000d28       0x2e XBee.o
                0x00000d28                _ZN12XBeeResponse5resetEv
 .text._ZN4XBee13resetResponseEv
                0x00000d56        0xa XBee.o
                0x00000d56                _ZN4XBee13resetResponseEv
 .text._ZN4XBeeC2Ev
                0x00000d60       0x24 XBee.o
                0x00000d60                _ZN4XBeeC2Ev
                0x00000d60                _ZN4XBeeC1Ev
 .text._ZN4XBee5beginEl
                0x00000d84        0xe XBee.o
                0x00000d84                _ZN4XBee5beginEl
 .text._ZN4XBee9setSerialER14HardwareSerial
                0x00000d92        0xc XBee.o
                0x00000d92                _ZN4XBee9setSerialER14HardwareSerial
 .text._ZN4XBee9availableEv
                0x00000d9e       0x24 XBee.o
                0x00000d9e                _ZN4XBee9availableEv
 .text._ZN4XBee4readEv
                0x00000dc2       0x1a XBee.o
                0x00000dc2                _ZN4XBee4readEv
 .text._ZN4XBee5flushEv
                0x00000ddc       0x18 XBee.o
                0x00000ddc                _ZN4XBee5flushEv
 .text._ZN4XBee5writeEh
                0x00000df4       0x18 XBee.o
                0x00000df4                _ZN4XBee5writeEh
 .text._ZN4XBee11getResponseEv
                0x00000e0c        0x2 XBee.o
                0x00000e0c                _ZN4XBee11getResponseEv
 .text._ZN4XBee10readPacketEv
                0x00000e0e      0x128 XBee.o
                0x00000e0e                _ZN4XBee10readPacketEv
 .text._ZN4XBee10readPacketEi
                0x00000f36       0x58 XBee.o
                0x00000f36                _ZN4XBee10readPacketEi
 .text._ZN13XBeeAddress64C2Emm
                0x00000f8e       0x1c XBee.o
                0x00000f8e                _ZN13XBeeAddress64C2Emm
                0x00000f8e                _ZN13XBeeAddress64C1Emm
 .text._ZN11ZBTxRequestC2ER13XBeeAddress64Phh
                0x00000faa       0x3e XBee.o
                0x00000faa                _ZN11ZBTxRequestC1ER13XBeeAddress64Phh
                0x00000faa                _ZN11ZBTxRequestC2ER13XBeeAddress64Phh
 .text._ZN4XBee8sendByteEhb
                0x00000fe8       0x3a XBee.o
                0x00000fe8                _ZN4XBee8sendByteEhb
 .text._ZN4XBee4sendER11XBeeRequest
                0x00001022       0xe0 XBee.o
                0x00001022                _ZN4XBee4sendER11XBeeRequest
 .text.startup._GLOBAL__sub_I__ZN12XBeeResponseC2Ev
                0x00001102       0x2a XBee.o
 .text._Z11sendRequestPhi
                0x0000112c       0x44 gateway.o
                0x0000112c                _Z11sendRequestPhi
 .text._Z22sendValueMessageToXBeefff
                0x00001170      0x182 gateway.o
                0x00001170                _Z22sendValueMessageToXBeefff
 .text._Z21sendErrorCountsToXbeev
                0x000012f2       0x64 gateway.o
                0x000012f2                _Z21sendErrorCountsToXbeev
 .text._Z27sendRelayStateMessageToXBeev
                0x00001356       0x90 gateway.o
                0x00001356                _Z27sendRelayStateMessageToXBeev
 .text._Z9flash_ledh
                0x000013e6       0x3e gateway.o
                0x000013e6                _Z9flash_ledh
 .text._Z12delaySecondsh
                0x00001424       0x26 gateway.o
                0x00001424                _Z12delaySecondsh
 .text.startup._GLOBAL__sub_I_xbee
                0x0000144a       0x26 gateway.o
 .text._Z7initLcdv
                0x00001470       0x70 gateway.o
                0x00001470                _Z7initLcdv
 .text._Z8clearLcdv
                0x000014e0       0x20 gateway.o
                0x000014e0                _Z8clearLcdv
 .text._Z15_lcdWriteStringPch
                0x00001500       0x74 gateway.o
                0x00001500                _Z15_lcdWriteStringPch
 .text._Z8writeLcdPKc
                0x00001574       0x5a gateway.o
                0x00001574                _Z8writeLcdPKc
 .text.setup    0x000015ce      0x104 gateway.o
                0x000015ce                setup
 .text._Z19parseServerResponse12ZBRxResponse
                0x000016d2       0x90 gateway.o
                0x000016d2                _Z19parseServerResponse12ZBRxResponse
 .text._Z21receiveServerResponsev
                0x00001762      0x212 gateway.o
                0x00001762                _Z21receiveServerResponsev
 .text._Z23checkForCommandOverridev
                0x00001974       0x46 gateway.o
                0x00001974                _Z23checkForCommandOverridev
 .text._Z22handleServerDisconnectv
                0x000019ba       0x20 gateway.o
                0x000019ba                _Z22handleServerDisconnectv
 .text.loop     0x000019da      0x15c gateway.o
                0x000019da                loop
 .text._ZN13MPL115A2Class11GetPressureEv
                0x00001b36      0x180 MPL115A2.o
                0x00001b36                _ZN13MPL115A2Class11GetPressureEv
 .text.startup._GLOBAL__sub_I__ZN13MPL115A2ClassC2Ei
                0x00001cb6       0x1e MPL115A2.o
 .text._ZN13MPL115A2Class10ReadSensorEv
                0x00001cd4      0x10e MPL115A2.o
                0x00001cd4                _ZN13MPL115A2Class10ReadSensorEv
 .text._ZN13MPL115A2Class5beginEv
                0x00001de2      0x176 MPL115A2.o
                0x00001de2                _ZN13MPL115A2Class5beginEv
 .text._ZN13RelayBrdClass8setStateEhh
                0x00001f58       0x4a RelayBrd.o
                0x00001f58                _ZN13RelayBrdClass8setStateEhh
 .text._ZN13RelayBrdClass13changeAddressEh
                0x00001fa2       0xa6 RelayBrd.o
                0x00001fa2                _ZN13RelayBrdClass13changeAddressEh
 .text._ZN13RelayBrdClass9readStateEh
                0x00002048       0x44 RelayBrd.o
                0x00002048                _ZN13RelayBrdClass9readStateEh
 .text.__vector_23
                0x0000208c       0xa8 ../../Arduino_Core\libAtMega2560_3V3_core.a(wiring.c.o)
                0x0000208c                __vector_23
 .text.millis   0x00002134       0x1c ../../Arduino_Core\libAtMega2560_3V3_core.a(wiring.c.o)
                0x00002134                millis
 .text.delay    0x00002150       0xb2 ../../Arduino_Core\libAtMega2560_3V3_core.a(wiring.c.o)
                0x00002150                delay
 .text.init     0x00002202       0xc4 ../../Arduino_Core\libAtMega2560_3V3_core.a(wiring.c.o)
                0x00002202                init
 .text.pinMode  0x000022c6       0x4c ../../Arduino_Core\libAtMega2560_3V3_core.a(wiring_digital.c.o)
                0x000022c6                pinMode
 .text.turnOffPWM
                0x00002312       0xe8 ../../Arduino_Core\libAtMega2560_3V3_core.a(wiring_digital.c.o)
 .text.digitalWrite
                0x000023fa       0x66 ../../Arduino_Core\libAtMega2560_3V3_core.a(wiring_digital.c.o)
                0x000023fa                digitalWrite
 .text.digitalRead
                0x00002460       0x60 ../../Arduino_Core\libAtMega2560_3V3_core.a(wiring_digital.c.o)
                0x00002460                digitalRead
 .text._Z11serialEventv
                0x000024c0        0x2 ../../Arduino_Core\libAtMega2560_3V3_core.a(HardwareSerial.cpp.o)
                0x000024c0                _Z11serialEventv
 .text.__vector_25
                0x000024c2       0x70 ../../Arduino_Core\libAtMega2560_3V3_core.a(HardwareSerial.cpp.o)
                0x000024c2                __vector_25
 .text._Z12serialEvent1v
                0x00002532        0x2 ../../Arduino_Core\libAtMega2560_3V3_core.a(HardwareSerial.cpp.o)
                0x00002532                _Z12serialEvent1v
 .text.__vector_36
                0x00002534       0x70 ../../Arduino_Core\libAtMega2560_3V3_core.a(HardwareSerial.cpp.o)
                0x00002534                __vector_36
 .text._Z12serialEvent2v
                0x000025a4        0x2 ../../Arduino_Core\libAtMega2560_3V3_core.a(HardwareSerial.cpp.o)
                0x000025a4                _Z12serialEvent2v
 .text.__vector_51
                0x000025a6       0x70 ../../Arduino_Core\libAtMega2560_3V3_core.a(HardwareSerial.cpp.o)
                0x000025a6                __vector_51
 .text._Z12serialEvent3v
                0x00002616        0x2 ../../Arduino_Core\libAtMega2560_3V3_core.a(HardwareSerial.cpp.o)
                0x00002616                _Z12serialEvent3v
 .text.__vector_54
                0x00002618       0x70 ../../Arduino_Core\libAtMega2560_3V3_core.a(HardwareSerial.cpp.o)
                0x00002618                __vector_54
 .text._Z14serialEventRunv
                0x00002688       0x92 ../../Arduino_Core\libAtMega2560_3V3_core.a(HardwareSerial.cpp.o)
                0x00002688                _Z14serialEventRunv
 .text.__vector_26
                0x0000271a       0x9a ../../Arduino_Core\libAtMega2560_3V3_core.a(HardwareSerial.cpp.o)
                0x0000271a                __vector_26
 .text.__vector_37
                0x000027b4       0x9a ../../Arduino_Core\libAtMega2560_3V3_core.a(HardwareSerial.cpp.o)
                0x000027b4                __vector_37
 .text.__vector_52
                0x0000284e       0x9a ../../Arduino_Core\libAtMega2560_3V3_core.a(HardwareSerial.cpp.o)
                0x0000284e                __vector_52
 .text.__vector_55
                0x000028e8       0x9a ../../Arduino_Core\libAtMega2560_3V3_core.a(HardwareSerial.cpp.o)
                0x000028e8                __vector_55
 .text._ZN14HardwareSerial5beginEm
                0x00002982       0xfa ../../Arduino_Core\libAtMega2560_3V3_core.a(HardwareSerial.cpp.o)
                0x00002982                _ZN14HardwareSerial5beginEm
 .text._ZN14HardwareSerial9availableEv
                0x00002a7c       0x22 ../../Arduino_Core\libAtMega2560_3V3_core.a(HardwareSerial.cpp.o)
                0x00002a7c                _ZN14HardwareSerial9availableEv
 .text._ZN14HardwareSerial4peekEv
                0x00002a9e       0x40 ../../Arduino_Core\libAtMega2560_3V3_core.a(HardwareSerial.cpp.o)
                0x00002a9e                _ZN14HardwareSerial4peekEv
 .text._ZN14HardwareSerial4readEv
                0x00002ade       0x52 ../../Arduino_Core\libAtMega2560_3V3_core.a(HardwareSerial.cpp.o)
                0x00002ade                _ZN14HardwareSerial4readEv
 .text._ZN14HardwareSerial5flushEv
                0x00002b30       0x24 ../../Arduino_Core\libAtMega2560_3V3_core.a(HardwareSerial.cpp.o)
                0x00002b30                _ZN14HardwareSerial5flushEv
 .text._ZN14HardwareSerial5writeEh
                0x00002b54       0x78 ../../Arduino_Core\libAtMega2560_3V3_core.a(HardwareSerial.cpp.o)
                0x00002b54                _ZN14HardwareSerial5writeEh
 .text._GLOBAL__I_rx_buffer
                0x00002bcc      0x23c ../../Arduino_Core\libAtMega2560_3V3_core.a(HardwareSerial.cpp.o)
 .text.main     0x00002e08       0x1e ../../Arduino_Core\libAtMega2560_3V3_core.a(main.cpp.o)
                0x00002e08                main
 .text._ZN5Print5writeEPKhj
                0x00002e26       0x54 ../../Arduino_Core\libAtMega2560_3V3_core.a(Print.cpp.o)
                0x00002e26                _ZN5Print5writeEPKhj
 .text.avr-libc.fplib
                0x00002e7a        0xa c:/program files (x86)/atmel/atmel toolchain/avr8 gcc/native/3.4.1056/avr8-gnu-toolchain/bin/../lib/gcc/avr/4.8.1/../../../../avr/lib/avr6\libm.a(addsf3.o)
                0x00002e7a                __subsf3
                0x00002e7c                __addsf3
 .text.avr-libc.fplib
                0x00002e84       0xc0 c:/program files (x86)/atmel/atmel toolchain/avr8 gcc/native/3.4.1056/avr8-gnu-toolchain/bin/../lib/gcc/avr/4.8.1/../../../../avr/lib/avr6\libm.a(addsf3x.o)
                0x00002e9e                __addsf3x
 .text.avr-libc.fplib
                0x00002f44        0xa c:/program files (x86)/atmel/atmel toolchain/avr8 gcc/native/3.4.1056/avr8-gnu-toolchain/bin/../lib/gcc/avr/4.8.1/../../../../avr/lib/avr6\libm.a(fixsfsi.o)
                0x00002f44                __fixsfsi
 .text.avr-libc.fplib
                0x00002f4e       0x58 c:/program files (x86)/atmel/atmel toolchain/avr8 gcc/native/3.4.1056/avr8-gnu-toolchain/bin/../lib/gcc/avr/4.8.1/../../../../avr/lib/avr6\libm.a(fixunssfsi.o)
                0x00002f4e                __fixunssfsi
 .text.avr-libc.fplib
                0x00002fa6       0x7a c:/program files (x86)/atmel/atmel toolchain/avr8 gcc/native/3.4.1056/avr8-gnu-toolchain/bin/../lib/gcc/avr/4.8.1/../../../../avr/lib/avr6\libm.a(floatsisf.o)
                0x00002fa6                __floatunsisf
                0x00002faa                __floatsisf
 .text.avr-libc.fplib
                0x00003020       0x48 c:/program files (x86)/atmel/atmel toolchain/avr8 gcc/native/3.4.1056/avr8-gnu-toolchain/bin/../lib/gcc/avr/4.8.1/../../../../avr/lib/avr6\libm.a(fp_cmp.o)
                0x00003020                __fp_cmp
 .text.avr-libc.fplib
                0x00003068        0xc c:/program files (x86)/atmel/atmel toolchain/avr8 gcc/native/3.4.1056/avr8-gnu-toolchain/bin/../lib/gcc/avr/4.8.1/../../../../avr/lib/avr6\libm.a(fp_inf.o)
                0x00003068                __fp_inf
 .text.avr-libc.fplib
                0x00003074        0x6 c:/program files (x86)/atmel/atmel toolchain/avr8 gcc/native/3.4.1056/avr8-gnu-toolchain/bin/../lib/gcc/avr/4.8.1/../../../../avr/lib/avr6\libm.a(fp_nan.o)
                0x00003074                __fp_nan
 .text.avr-libc.fplib
                0x0000307a        0xe c:/program files (x86)/atmel/atmel toolchain/avr8 gcc/native/3.4.1056/avr8-gnu-toolchain/bin/../lib/gcc/avr/4.8.1/../../../../avr/lib/avr6\libm.a(fp_pscA.o)
                0x0000307a                __fp_pscA
 .text.avr-libc.fplib
                0x00003088        0xe c:/program files (x86)/atmel/atmel toolchain/avr8 gcc/native/3.4.1056/avr8-gnu-toolchain/bin/../lib/gcc/avr/4.8.1/../../../../avr/lib/avr6\libm.a(fp_pscB.o)
                0x00003088                __fp_pscB
 .text.avr-libc.fplib
                0x00003096       0x22 c:/program files (x86)/atmel/atmel toolchain/avr8 gcc/native/3.4.1056/avr8-gnu-toolchain/bin/../lib/gcc/avr/4.8.1/../../../../avr/lib/avr6\libm.a(fp_round.o)
                0x00003096                __fp_round
 .text.avr-libc.fplib
                0x000030b8       0x44 c:/program files (x86)/atmel/atmel toolchain/avr8 gcc/native/3.4.1056/avr8-gnu-toolchain/bin/../lib/gcc/avr/4.8.1/../../../../avr/lib/avr6\libm.a(fp_split3.o)
                0x000030b8                __fp_split3
                0x000030c8                __fp_splitA
 .text.avr-libc.fplib
                0x000030fc        0xe c:/program files (x86)/atmel/atmel toolchain/avr8 gcc/native/3.4.1056/avr8-gnu-toolchain/bin/../lib/gcc/avr/4.8.1/../../../../avr/lib/avr6\libm.a(fp_zero.o)
                0x000030fc                __fp_zero
                0x000030fe                __fp_szero
 .text.avr-libc.fplib
                0x0000310a        0x8 c:/program files (x86)/atmel/atmel toolchain/avr8 gcc/native/3.4.1056/avr8-gnu-toolchain/bin/../lib/gcc/avr/4.8.1/../../../../avr/lib/avr6\libm.a(gesf2.o)
                0x0000310a                __gesf2
                0x0000310a                __gtsf2
 .text.avr-libc.fplib
                0x00003112        0x4 c:/program files (x86)/atmel/atmel toolchain/avr8 gcc/native/3.4.1056/avr8-gnu-toolchain/bin/../lib/gcc/avr/4.8.1/../../../../avr/lib/avr6\libm.a(mulsf3.o)
                0x00003112                __mulsf3
 .text.avr-libc.fplib
                0x00003116       0xc2 c:/program files (x86)/atmel/atmel toolchain/avr8 gcc/native/3.4.1056/avr8-gnu-toolchain/bin/../lib/gcc/avr/4.8.1/../../../../avr/lib/avr6\libm.a(mulsf3x.o)
                0x0000312a                __mulsf3x
                0x0000312e                __mulsf3_pse
 .text.libgcc.mul
                0x000031d8       0x20 c:/program files (x86)/atmel/atmel toolchain/avr8 gcc/native/3.4.1056/avr8-gnu-toolchain/bin/../lib/gcc/avr/4.8.1/avr6\libgcc.a(_mulsi3.o)
                0x000031d8                __mulsi3
 .text.libgcc.div
                0x000031f8       0x18 c:/program files (x86)/atmel/atmel toolchain/avr8 gcc/native/3.4.1056/avr8-gnu-toolchain/bin/../lib/gcc/avr/4.8.1/avr6\libgcc.a(_udivmodqi4.o)
                0x000031f8                __udivmodqi4
 .text.libgcc.div
                0x00003210       0x28 c:/program files (x86)/atmel/atmel toolchain/avr8 gcc/native/3.4.1056/avr8-gnu-toolchain/bin/../lib/gcc/avr/4.8.1/avr6\libgcc.a(_divmodhi4.o)
                0x00003210                _div
                0x00003210                __divmodhi4
 .text.libgcc.div
                0x00003238       0x44 c:/program files (x86)/atmel/atmel toolchain/avr8 gcc/native/3.4.1056/avr8-gnu-toolchain/bin/../lib/gcc/avr/4.8.1/avr6\libgcc.a(_udivmodsi4.o)
                0x00003238                __udivmodsi4
 .text.libgcc.mul
                0x0000327c        0xe c:/program files (x86)/atmel/atmel toolchain/avr8 gcc/native/3.4.1056/avr8-gnu-toolchain/bin/../lib/gcc/avr/4.8.1/avr6\libgcc.a(_usmulhisi3.o)
                0x0000327c                __usmulhisi3
                0x00003280                __usmulhisi3_tail
 .text.libgcc.mul
                0x0000328a       0x16 c:/program files (x86)/atmel/atmel toolchain/avr8 gcc/native/3.4.1056/avr8-gnu-toolchain/bin/../lib/gcc/avr/4.8.1/avr6\libgcc.a(_muluhisi3.o)
                0x0000328a                __muluhisi3
 .text.libgcc   0x000032a0        0x8 c:/program files (x86)/atmel/atmel toolchain/avr8 gcc/native/3.4.1056/avr8-gnu-toolchain/bin/../lib/gcc/avr/4.8.1/avr6\libgcc.a(_tablejump_elpm.o)
                0x000032a0                __tablejump_elpm__
 .text.libgcc.div
                0x000032a8       0x28 c:/program files (x86)/atmel/atmel toolchain/avr8 gcc/native/3.4.1056/avr8-gnu-toolchain/bin/../lib/gcc/avr/4.8.1/avr6\libgcc.a(_udivmodhi4.o)
                0x000032a8                __udivmodhi4
 .text.libgcc.mul
                0x000032d0       0x1e c:/program files (x86)/atmel/atmel toolchain/avr8 gcc/native/3.4.1056/avr8-gnu-toolchain/bin/../lib/gcc/avr/4.8.1/avr6\libgcc.a(_umulhisi3.o)
                0x000032d0                __umulhisi3
 .text.avr-libc
                0x000032ee       0x38 c:/program files (x86)/atmel/atmel toolchain/avr8 gcc/native/3.4.1056/avr8-gnu-toolchain/bin/../lib/gcc/avr/4.8.1/../../../../avr/lib/avr6\libc.a(calloc.o)
                0x000032ee                calloc
 .text.avr-libc
                0x00003326      0x24e c:/program files (x86)/atmel/atmel toolchain/avr8 gcc/native/3.4.1056/avr8-gnu-toolchain/bin/../lib/gcc/avr/4.8.1/../../../../avr/lib/avr6\libc.a(malloc.o)
                0x00003326                malloc
                0x00003456                free
 .text.avr-libc
                0x00003574       0x3c c:/program files (x86)/atmel/atmel toolchain/avr8 gcc/native/3.4.1056/avr8-gnu-toolchain/bin/../lib/gcc/avr/4.8.1/../../../../avr/lib/avr6\libc.a(atoi.o)
                0x00003574                atoi
 .text.avr-libc
                0x000035b0        0x8 c:/program files (x86)/atmel/atmel toolchain/avr8 gcc/native/3.4.1056/avr8-gnu-toolchain/bin/../lib/gcc/avr/4.8.1/../../../../avr/lib/avr6\libc.a(strtok.o)
                0x000035b0                strtok
 .text.avr-libc
                0x000035b8        0xe c:/program files (x86)/atmel/atmel toolchain/avr8 gcc/native/3.4.1056/avr8-gnu-toolchain/bin/../lib/gcc/avr/4.8.1/../../../../avr/lib/avr6\libc.a(memset.o)
                0x000035b8                memset
 .text.avr-libc
                0x000035c6       0x12 c:/program files (x86)/atmel/atmel toolchain/avr8 gcc/native/3.4.1056/avr8-gnu-toolchain/bin/../lib/gcc/avr/4.8.1/../../../../avr/lib/avr6\libc.a(strcmp.o)
                0x000035c6                strcmp
 .text.avr-libc
                0x000035d8        0xe c:/program files (x86)/atmel/atmel toolchain/avr8 gcc/native/3.4.1056/avr8-gnu-toolchain/bin/../lib/gcc/avr/4.8.1/../../../../avr/lib/avr6\libc.a(strcpy.o)
                0x000035d8                strcpy
 .text.avr-libc
                0x000035e6       0x4e c:/program files (x86)/atmel/atmel toolchain/avr8 gcc/native/3.4.1056/avr8-gnu-toolchain/bin/../lib/gcc/avr/4.8.1/../../../../avr/lib/avr6\libc.a(strtok_r.o)
                0x000035e6                strtok_r
 .text.avr-libc
                0x00003634       0x10 c:/program files (x86)/atmel/atmel toolchain/avr8 gcc/native/3.4.1056/avr8-gnu-toolchain/bin/../lib/gcc/avr/4.8.1/../../../../avr/lib/avr6\libc.a(mul10.o)
                0x00003634                __mulhi_const_10
 .text.avr-libc
                0x00003644       0x5e c:/program files (x86)/atmel/atmel toolchain/avr8 gcc/native/3.4.1056/avr8-gnu-toolchain/bin/../lib/gcc/avr/4.8.1/../../../../avr/lib/avr6\libc.a(sprintf.o)
                0x00003644                sprintf
 .text.avr-libc
                0x000036a2      0x3f6 c:/program files (x86)/atmel/atmel toolchain/avr8 gcc/native/3.4.1056/avr8-gnu-toolchain/bin/../lib/gcc/avr/4.8.1/../../../../avr/lib/avr6\libc.a(vfprintf_std.o)
                0x000036a2                vfprintf
 .text.avr-libc
                0x00003a98       0x16 c:/program files (x86)/atmel/atmel toolchain/avr8 gcc/native/3.4.1056/avr8-gnu-toolchain/bin/../lib/gcc/avr/4.8.1/../../../../avr/lib/avr6\libc.a(strnlen_P.o)
                0x00003a98                strnlen_P
 .text.avr-libc
                0x00003aae       0x16 c:/program files (x86)/atmel/atmel toolchain/avr8 gcc/native/3.4.1056/avr8-gnu-toolchain/bin/../lib/gcc/avr/4.8.1/../../../../avr/lib/avr6\libc.a(strnlen.o)
                0x00003aae                strnlen
 .text.avr-libc
                0x00003ac4       0x64 c:/program files (x86)/atmel/atmel toolchain/avr8 gcc/native/3.4.1056/avr8-gnu-toolchain/bin/../lib/gcc/avr/4.8.1/../../../../avr/lib/avr6\libc.a(fputc.o)
                0x00003ac4                fputc
 .text.avr-libc
                0x00003b28       0xbc c:/program files (x86)/atmel/atmel toolchain/avr8 gcc/native/3.4.1056/avr8-gnu-toolchain/bin/../lib/gcc/avr/4.8.1/../../../../avr/lib/avr6\libc.a(ultoa_invert.o)
                0x00003b28                __ultoa_invert
                0x00003be4                . = ALIGN (0x2)
 *(.fini9)
 .fini9         0x00003be4        0x0 c:/program files (x86)/atmel/atmel toolchain/avr8 gcc/native/3.4.1056/avr8-gnu-toolchain/bin/../lib/gcc/avr/4.8.1/avr6\libgcc.a(_exit.o)
                0x00003be4                _exit
                0x00003be4                exit
 *(.fini9)
 *(.fini8)
 *(.fini8)
 *(.fini7)
 *(.fini7)
 *(.fini6)
 *(.fini6)
 *(.fini5)
 *(.fini5)
 *(.fini4)
 *(.fini4)
 *(.fini3)
 *(.fini3)
 *(.fini2)
 *(.fini2)
 *(.fini1)
 *(.fini1)
 *(.fini0)
 .fini0         0x00003be4        0x4 c:/program files (x86)/atmel/atmel toolchain/avr8 gcc/native/3.4.1056/avr8-gnu-toolchain/bin/../lib/gcc/avr/4.8.1/avr6\libgcc.a(_exit.o)
 *(.fini0)
                0x00003be8                _etext = .

.data           0x00800200      0x1f2 load address 0x00003be8
                0x00800200                PROVIDE (__data_start, .)
 *(.data)
 .data          0x00800200        0x0 c:/program files (x86)/atmel/atmel toolchain/avr8 gcc/native/3.4.1056/avr8-gnu-toolchain/bin/../lib/gcc/avr/4.8.1/../../../../avr/lib/avr6/crtm2560.o
 .data          0x00800200        0x0 EEPROM.o
 .data          0x00800200        0x0 twi.o
 .data          0x00800200        0x0 Wire.o
 .data          0x00800200        0x0 SHT2x.o
 .data          0x00800200        0x0 XBee.o
 .data          0x00800200        0x0 gateway.o
 .data          0x00800200        0x0 MPL115A2.o
 .data          0x00800200        0x0 RelayBrd.o
 .data          0x00800200        0x0 ../../Arduino_Core\libAtMega2560_3V3_core.a(wiring.c.o)
 .data          0x00800200        0x0 ../../Arduino_Core\libAtMega2560_3V3_core.a(wiring_digital.c.o)
 .data          0x00800200        0x0 ../../Arduino_Core\libAtMega2560_3V3_core.a(HardwareSerial.cpp.o)
 .data          0x00800200        0x0 ../../Arduino_Core\libAtMega2560_3V3_core.a(main.cpp.o)
 .data          0x00800200        0x0 ../../Arduino_Core\libAtMega2560_3V3_core.a(new.cpp.o)
 .data          0x00800200        0x2 ../../Arduino_Core\libAtMega2560_3V3_core.a(Print.cpp.o)
 .data          0x00800202        0x1 ../../Arduino_Core\libAtMega2560_3V3_core.a(WString.cpp.o)
 .data          0x00800203        0x0 c:/program files (x86)/atmel/atmel toolchain/avr8 gcc/native/3.4.1056/avr8-gnu-toolchain/bin/../lib/gcc/avr/4.8.1/../../../../avr/lib/avr6\libm.a(addsf3.o)
 .data          0x00800203        0x0 c:/program files (x86)/atmel/atmel toolchain/avr8 gcc/native/3.4.1056/avr8-gnu-toolchain/bin/../lib/gcc/avr/4.8.1/../../../../avr/lib/avr6\libm.a(addsf3x.o)
 .data          0x00800203        0x0 c:/program files (x86)/atmel/atmel toolchain/avr8 gcc/native/3.4.1056/avr8-gnu-toolchain/bin/../lib/gcc/avr/4.8.1/../../../../avr/lib/avr6\libm.a(cmpsf2.o)
 .data          0x00800203        0x0 c:/program files (x86)/atmel/atmel toolchain/avr8 gcc/native/3.4.1056/avr8-gnu-toolchain/bin/../lib/gcc/avr/4.8.1/../../../../avr/lib/avr6\libm.a(divsf3.o)
 .data          0x00800203        0x0 c:/program files (x86)/atmel/atmel toolchain/avr8 gcc/native/3.4.1056/avr8-gnu-toolchain/bin/../lib/gcc/avr/4.8.1/../../../../avr/lib/avr6\libm.a(divsf3x.o)
 .data          0x00800203        0x0 c:/program files (x86)/atmel/atmel toolchain/avr8 gcc/native/3.4.1056/avr8-gnu-toolchain/bin/../lib/gcc/avr/4.8.1/../../../../avr/lib/avr6\libm.a(fixsfsi.o)
 .data          0x00800203        0x0 c:/program files (x86)/atmel/atmel toolchain/avr8 gcc/native/3.4.1056/avr8-gnu-toolchain/bin/../lib/gcc/avr/4.8.1/../../../../avr/lib/avr6\libm.a(fixunssfsi.o)
 .data          0x00800203        0x0 c:/program files (x86)/atmel/atmel toolchain/avr8 gcc/native/3.4.1056/avr8-gnu-toolchain/bin/../lib/gcc/avr/4.8.1/../../../../avr/lib/avr6\libm.a(floatsisf.o)
 .data          0x00800203        0x0 c:/program files (x86)/atmel/atmel toolchain/avr8 gcc/native/3.4.1056/avr8-gnu-toolchain/bin/../lib/gcc/avr/4.8.1/../../../../avr/lib/avr6\libm.a(fp_cmp.o)
 .data          0x00800203        0x0 c:/program files (x86)/atmel/atmel toolchain/avr8 gcc/native/3.4.1056/avr8-gnu-toolchain/bin/../lib/gcc/avr/4.8.1/../../../../avr/lib/avr6\libm.a(fp_inf.o)
 .data          0x00800203        0x0 c:/program files (x86)/atmel/atmel toolchain/avr8 gcc/native/3.4.1056/avr8-gnu-toolchain/bin/../lib/gcc/avr/4.8.1/../../../../avr/lib/avr6\libm.a(fp_nan.o)
 .data          0x00800203        0x0 c:/program files (x86)/atmel/atmel toolchain/avr8 gcc/native/3.4.1056/avr8-gnu-toolchain/bin/../lib/gcc/avr/4.8.1/../../../../avr/lib/avr6\libm.a(fp_pscA.o)
 .data          0x00800203        0x0 c:/program files (x86)/atmel/atmel toolchain/avr8 gcc/native/3.4.1056/avr8-gnu-toolchain/bin/../lib/gcc/avr/4.8.1/../../../../avr/lib/avr6\libm.a(fp_pscB.o)
 .data          0x00800203        0x0 c:/program files (x86)/atmel/atmel toolchain/avr8 gcc/native/3.4.1056/avr8-gnu-toolchain/bin/../lib/gcc/avr/4.8.1/../../../../avr/lib/avr6\libm.a(fp_round.o)
 .data          0x00800203        0x0 c:/program files (x86)/atmel/atmel toolchain/avr8 gcc/native/3.4.1056/avr8-gnu-toolchain/bin/../lib/gcc/avr/4.8.1/../../../../avr/lib/avr6\libm.a(fp_split3.o)
 .data          0x00800203        0x0 c:/program files (x86)/atmel/atmel toolchain/avr8 gcc/native/3.4.1056/avr8-gnu-toolchain/bin/../lib/gcc/avr/4.8.1/../../../../avr/lib/avr6\libm.a(fp_zero.o)
 .data          0x00800203        0x0 c:/program files (x86)/atmel/atmel toolchain/avr8 gcc/native/3.4.1056/avr8-gnu-toolchain/bin/../lib/gcc/avr/4.8.1/../../../../avr/lib/avr6\libm.a(gesf2.o)
 .data          0x00800203        0x0 c:/program files (x86)/atmel/atmel toolchain/avr8 gcc/native/3.4.1056/avr8-gnu-toolchain/bin/../lib/gcc/avr/4.8.1/../../../../avr/lib/avr6\libm.a(mulsf3.o)
 .data          0x00800203        0x0 c:/program files (x86)/atmel/atmel toolchain/avr8 gcc/native/3.4.1056/avr8-gnu-toolchain/bin/../lib/gcc/avr/4.8.1/../../../../avr/lib/avr6\libm.a(mulsf3x.o)
 .data          0x00800203        0x0 c:/program files (x86)/atmel/atmel toolchain/avr8 gcc/native/3.4.1056/avr8-gnu-toolchain/bin/../lib/gcc/avr/4.8.1/avr6\libgcc.a(_mulsi3.o)
 .data          0x00800203        0x0 c:/program files (x86)/atmel/atmel toolchain/avr8 gcc/native/3.4.1056/avr8-gnu-toolchain/bin/../lib/gcc/avr/4.8.1/avr6\libgcc.a(_udivmodqi4.o)
 .data          0x00800203        0x0 c:/program files (x86)/atmel/atmel toolchain/avr8 gcc/native/3.4.1056/avr8-gnu-toolchain/bin/../lib/gcc/avr/4.8.1/avr6\libgcc.a(_divmodhi4.o)
 .data          0x00800203        0x0 c:/program files (x86)/atmel/atmel toolchain/avr8 gcc/native/3.4.1056/avr8-gnu-toolchain/bin/../lib/gcc/avr/4.8.1/avr6\libgcc.a(_udivmodsi4.o)
 .data          0x00800203        0x0 c:/program files (x86)/atmel/atmel toolchain/avr8 gcc/native/3.4.1056/avr8-gnu-toolchain/bin/../lib/gcc/avr/4.8.1/avr6\libgcc.a(_exit.o)
 .data          0x00800203        0x0 c:/program files (x86)/atmel/atmel toolchain/avr8 gcc/native/3.4.1056/avr8-gnu-toolchain/bin/../lib/gcc/avr/4.8.1/avr6\libgcc.a(_copy_data.o)
 .data          0x00800203        0x0 c:/program files (x86)/atmel/atmel toolchain/avr8 gcc/native/3.4.1056/avr8-gnu-toolchain/bin/../lib/gcc/avr/4.8.1/avr6\libgcc.a(_clear_bss.o)
 .data          0x00800203        0x0 c:/program files (x86)/atmel/atmel toolchain/avr8 gcc/native/3.4.1056/avr8-gnu-toolchain/bin/../lib/gcc/avr/4.8.1/avr6\libgcc.a(_ctors.o)
 .data          0x00800203        0x0 c:/program files (x86)/atmel/atmel toolchain/avr8 gcc/native/3.4.1056/avr8-gnu-toolchain/bin/../lib/gcc/avr/4.8.1/avr6\libgcc.a(_usmulhisi3.o)
 .data          0x00800203        0x0 c:/program files (x86)/atmel/atmel toolchain/avr8 gcc/native/3.4.1056/avr8-gnu-toolchain/bin/../lib/gcc/avr/4.8.1/avr6\libgcc.a(_muluhisi3.o)
 .data          0x00800203        0x0 c:/program files (x86)/atmel/atmel toolchain/avr8 gcc/native/3.4.1056/avr8-gnu-toolchain/bin/../lib/gcc/avr/4.8.1/avr6\libgcc.a(_tablejump_elpm.o)
 .data          0x00800203        0x0 c:/program files (x86)/atmel/atmel toolchain/avr8 gcc/native/3.4.1056/avr8-gnu-toolchain/bin/../lib/gcc/avr/4.8.1/avr6\libgcc.a(_udivmodhi4.o)
 .data          0x00800203        0x0 c:/program files (x86)/atmel/atmel toolchain/avr8 gcc/native/3.4.1056/avr8-gnu-toolchain/bin/../lib/gcc/avr/4.8.1/avr6\libgcc.a(_umulhisi3.o)
 .data          0x00800203        0x0 c:/program files (x86)/atmel/atmel toolchain/avr8 gcc/native/3.4.1056/avr8-gnu-toolchain/bin/../lib/gcc/avr/4.8.1/../../../../avr/lib/avr6\libc.a(calloc.o)
 .data          0x00800203        0x6 c:/program files (x86)/atmel/atmel toolchain/avr8 gcc/native/3.4.1056/avr8-gnu-toolchain/bin/../lib/gcc/avr/4.8.1/../../../../avr/lib/avr6\libc.a(malloc.o)
                0x00800203                __malloc_heap_end
                0x00800205                __malloc_heap_start
                0x00800207                __malloc_margin
 .data          0x00800209        0x0 c:/program files (x86)/atmel/atmel toolchain/avr8 gcc/native/3.4.1056/avr8-gnu-toolchain/bin/../lib/gcc/avr/4.8.1/../../../../avr/lib/avr6\libc.a(realloc.o)
 .data          0x00800209        0x0 c:/program files (x86)/atmel/atmel toolchain/avr8 gcc/native/3.4.1056/avr8-gnu-toolchain/bin/../lib/gcc/avr/4.8.1/../../../../avr/lib/avr6\libc.a(atoi.o)
 .data          0x00800209        0x0 c:/program files (x86)/atmel/atmel toolchain/avr8 gcc/native/3.4.1056/avr8-gnu-toolchain/bin/../lib/gcc/avr/4.8.1/../../../../avr/lib/avr6\libc.a(atol.o)
 .data          0x00800209        0x0 c:/program files (x86)/atmel/atmel toolchain/avr8 gcc/native/3.4.1056/avr8-gnu-toolchain/bin/../lib/gcc/avr/4.8.1/../../../../avr/lib/avr6\libc.a(isspace.o)
 .data          0x00800209        0x0 c:/program files (x86)/atmel/atmel toolchain/avr8 gcc/native/3.4.1056/avr8-gnu-toolchain/bin/../lib/gcc/avr/4.8.1/../../../../avr/lib/avr6\libc.a(tolower.o)
 .data          0x00800209        0x0 c:/program files (x86)/atmel/atmel toolchain/avr8 gcc/native/3.4.1056/avr8-gnu-toolchain/bin/../lib/gcc/avr/4.8.1/../../../../avr/lib/avr6\libc.a(toupper.o)
 .data          0x00800209        0x0 c:/program files (x86)/atmel/atmel toolchain/avr8 gcc/native/3.4.1056/avr8-gnu-toolchain/bin/../lib/gcc/avr/4.8.1/../../../../avr/lib/avr6\libc.a(strtok.o)
 .data          0x00800209        0x0 c:/program files (x86)/atmel/atmel toolchain/avr8 gcc/native/3.4.1056/avr8-gnu-toolchain/bin/../lib/gcc/avr/4.8.1/../../../../avr/lib/avr6\libc.a(memcpy.o)
 .data          0x00800209        0x0 c:/program files (x86)/atmel/atmel toolchain/avr8 gcc/native/3.4.1056/avr8-gnu-toolchain/bin/../lib/gcc/avr/4.8.1/../../../../avr/lib/avr6\libc.a(memmove.o)
 .data          0x00800209        0x0 c:/program files (x86)/atmel/atmel toolchain/avr8 gcc/native/3.4.1056/avr8-gnu-toolchain/bin/../lib/gcc/avr/4.8.1/../../../../avr/lib/avr6\libc.a(memset.o)
 .data          0x00800209        0x0 c:/program files (x86)/atmel/atmel toolchain/avr8 gcc/native/3.4.1056/avr8-gnu-toolchain/bin/../lib/gcc/avr/4.8.1/../../../../avr/lib/avr6\libc.a(strchr.o)
 .data          0x00800209        0x0 c:/program files (x86)/atmel/atmel toolchain/avr8 gcc/native/3.4.1056/avr8-gnu-toolchain/bin/../lib/gcc/avr/4.8.1/../../../../avr/lib/avr6\libc.a(strcmp.o)
 .data          0x00800209        0x0 c:/program files (x86)/atmel/atmel toolchain/avr8 gcc/native/3.4.1056/avr8-gnu-toolchain/bin/../lib/gcc/avr/4.8.1/../../../../avr/lib/avr6\libc.a(strcpy.o)
 .data          0x00800209        0x0 c:/program files (x86)/atmel/atmel toolchain/avr8 gcc/native/3.4.1056/avr8-gnu-toolchain/bin/../lib/gcc/avr/4.8.1/../../../../avr/lib/avr6\libc.a(strncmp.o)
 .data          0x00800209        0x0 c:/program files (x86)/atmel/atmel toolchain/avr8 gcc/native/3.4.1056/avr8-gnu-toolchain/bin/../lib/gcc/avr/4.8.1/../../../../avr/lib/avr6\libc.a(strncpy.o)
 .data          0x00800209        0x0 c:/program files (x86)/atmel/atmel toolchain/avr8 gcc/native/3.4.1056/avr8-gnu-toolchain/bin/../lib/gcc/avr/4.8.1/../../../../avr/lib/avr6\libc.a(strrchr.o)
 .data          0x00800209        0x0 c:/program files (x86)/atmel/atmel toolchain/avr8 gcc/native/3.4.1056/avr8-gnu-toolchain/bin/../lib/gcc/avr/4.8.1/../../../../avr/lib/avr6\libc.a(strstr.o)
 .data          0x00800209        0x0 c:/program files (x86)/atmel/atmel toolchain/avr8 gcc/native/3.4.1056/avr8-gnu-toolchain/bin/../lib/gcc/avr/4.8.1/../../../../avr/lib/avr6\libc.a(strtok_r.o)
 .data          0x00800209        0x0 c:/program files (x86)/atmel/atmel toolchain/avr8 gcc/native/3.4.1056/avr8-gnu-toolchain/bin/../lib/gcc/avr/4.8.1/../../../../avr/lib/avr6\libc.a(itoa.o)
 .data          0x00800209        0x0 c:/program files (x86)/atmel/atmel toolchain/avr8 gcc/native/3.4.1056/avr8-gnu-toolchain/bin/../lib/gcc/avr/4.8.1/../../../../avr/lib/avr6\libc.a(itoa_ncheck.o)
 .data          0x00800209        0x0 c:/program files (x86)/atmel/atmel toolchain/avr8 gcc/native/3.4.1056/avr8-gnu-toolchain/bin/../lib/gcc/avr/4.8.1/../../../../avr/lib/avr6\libc.a(ltoa.o)
 .data          0x00800209        0x0 c:/program files (x86)/atmel/atmel toolchain/avr8 gcc/native/3.4.1056/avr8-gnu-toolchain/bin/../lib/gcc/avr/4.8.1/../../../../avr/lib/avr6\libc.a(ltoa_ncheck.o)
 .data          0x00800209        0x0 c:/program files (x86)/atmel/atmel toolchain/avr8 gcc/native/3.4.1056/avr8-gnu-toolchain/bin/../lib/gcc/avr/4.8.1/../../../../avr/lib/avr6\libc.a(mulsi10.o)
 .data          0x00800209        0x0 c:/program files (x86)/atmel/atmel toolchain/avr8 gcc/native/3.4.1056/avr8-gnu-toolchain/bin/../lib/gcc/avr/4.8.1/../../../../avr/lib/avr6\libc.a(mul10.o)
 .data          0x00800209        0x0 c:/program files (x86)/atmel/atmel toolchain/avr8 gcc/native/3.4.1056/avr8-gnu-toolchain/bin/../lib/gcc/avr/4.8.1/../../../../avr/lib/avr6\libc.a(ultoa.o)
 .data          0x00800209        0x0 c:/program files (x86)/atmel/atmel toolchain/avr8 gcc/native/3.4.1056/avr8-gnu-toolchain/bin/../lib/gcc/avr/4.8.1/../../../../avr/lib/avr6\libc.a(ultoa_ncheck.o)
 .data          0x00800209        0x0 c:/program files (x86)/atmel/atmel toolchain/avr8 gcc/native/3.4.1056/avr8-gnu-toolchain/bin/../lib/gcc/avr/4.8.1/../../../../avr/lib/avr6\libc.a(utoa.o)
 .data          0x00800209        0x0 c:/program files (x86)/atmel/atmel toolchain/avr8 gcc/native/3.4.1056/avr8-gnu-toolchain/bin/../lib/gcc/avr/4.8.1/../../../../avr/lib/avr6\libc.a(utoa_ncheck.o)
 .data          0x00800209        0x0 c:/program files (x86)/atmel/atmel toolchain/avr8 gcc/native/3.4.1056/avr8-gnu-toolchain/bin/../lib/gcc/avr/4.8.1/../../../../avr/lib/avr6\libc.a(sprintf.o)
 .data          0x00800209        0x0 c:/program files (x86)/atmel/atmel toolchain/avr8 gcc/native/3.4.1056/avr8-gnu-toolchain/bin/../lib/gcc/avr/4.8.1/../../../../avr/lib/avr6\libc.a(vfprintf_std.o)
 .data          0x00800209        0x0 c:/program files (x86)/atmel/atmel toolchain/avr8 gcc/native/3.4.1056/avr8-gnu-toolchain/bin/../lib/gcc/avr/4.8.1/../../../../avr/lib/avr6\libc.a(cty_isfalse.o)
 .data          0x00800209        0x0 c:/program files (x86)/atmel/atmel toolchain/avr8 gcc/native/3.4.1056/avr8-gnu-toolchain/bin/../lib/gcc/avr/4.8.1/../../../../avr/lib/avr6\libc.a(strnlen_P.o)
 .data          0x00800209        0x0 c:/program files (x86)/atmel/atmel toolchain/avr8 gcc/native/3.4.1056/avr8-gnu-toolchain/bin/../lib/gcc/avr/4.8.1/../../../../avr/lib/avr6\libc.a(strnlen.o)
 .data          0x00800209        0x0 c:/program files (x86)/atmel/atmel toolchain/avr8 gcc/native/3.4.1056/avr8-gnu-toolchain/bin/../lib/gcc/avr/4.8.1/../../../../avr/lib/avr6\libc.a(strrev.o)
 .data          0x00800209        0x0 c:/program files (x86)/atmel/atmel toolchain/avr8 gcc/native/3.4.1056/avr8-gnu-toolchain/bin/../lib/gcc/avr/4.8.1/../../../../avr/lib/avr6\libc.a(fputc.o)
 .data          0x00800209        0x0 c:/program files (x86)/atmel/atmel toolchain/avr8 gcc/native/3.4.1056/avr8-gnu-toolchain/bin/../lib/gcc/avr/4.8.1/../../../../avr/lib/avr6\libc.a(ultoa_invert.o)
 *(.data*)
 *(.rodata)
 *(.rodata*)
 .rodata._ZTV7TwoWire
                0x00800209       0x10 Wire.o
                0x00800209                _ZTV7TwoWire
 .rodata.str1.1
                0x00000000        0x0 SHT2x.o
                                  0x3 (size before relaxing)
 .rodata._ZTV12ZBRxResponse
                0x00800219        0x8 XBee.o
                0x00800219                _ZTV12ZBRxResponse
 .rodata._ZTV11ZBTxRequest
                0x00800221        0x8 XBee.o
                0x00800221                _ZTV11ZBTxRequest
 .rodata.str1.1
                0x00800229      0x1b9 gateway.o
                                0x1ba (size before relaxing)
 .rodata._ZTV14HardwareSerial
                0x008003e2       0x10 ../../Arduino_Core\libAtMega2560_3V3_core.a(HardwareSerial.cpp.o)
                0x008003e2                _ZTV14HardwareSerial
 *(.gnu.linkonce.d*)
                0x008003f2                . = ALIGN (0x2)
                0x008003f2                _edata = .
                0x008003f2                PROVIDE (__data_end, .)

.bss            0x008003f2      0x5f4
                0x008003f2                PROVIDE (__bss_start, .)
 *(.bss)
 .bss           0x008003f2        0x2 c:/program files (x86)/atmel/atmel toolchain/avr8 gcc/native/3.4.1056/avr8-gnu-toolchain/bin/../lib/gcc/avr/4.8.1/../../../../avr/lib/avr6\libc.a(strtok.o)
 *(.bss*)
 .bss.EEPROM    0x008003f4        0x1 EEPROM.o
                0x008003f4                EEPROM
 .bss.twi_toutc
                0x008003f5        0x4 twi.o
 .bss.twi_error
                0x008003f9        0x1 twi.o
 .bss.twi_rxBufferIndex
                0x008003fa        0x1 twi.o
 .bss.twi_rxBuffer
                0x008003fb        0x2 twi.o
 .bss.twi_txBufferLength
                0x008003fd        0x1 twi.o
 .bss.twi_txBufferIndex
                0x008003fe        0x1 twi.o
 .bss.twi_txBuffer
                0x008003ff        0x2 twi.o
 .bss.twi_masterBufferLength
                0x00800401        0x1 twi.o
 .bss.twi_masterBufferIndex
                0x00800402        0x1 twi.o
 .bss.twi_masterBuffer
                0x00800403        0x2 twi.o
 .bss.twi_onSlaveReceive
                0x00800405        0x2 twi.o
 .bss.twi_onSlaveTransmit
                0x00800407        0x2 twi.o
 .bss.twi_slarw
                0x00800409        0x1 twi.o
 .bss.twi_state
                0x0080040a        0x1 twi.o
 .bss.Wire      0x0080040b        0xc Wire.o
                0x0080040b                Wire
 .bss._ZN7TwoWire12transmittingE
                0x00800417        0x1 Wire.o
                0x00800417                _ZN7TwoWire12transmittingE
 .bss._ZN7TwoWire14txBufferLengthE
                0x00800418        0x1 Wire.o
                0x00800418                _ZN7TwoWire14txBufferLengthE
 .bss._ZN7TwoWire13txBufferIndexE
                0x00800419        0x1 Wire.o
                0x00800419                _ZN7TwoWire13txBufferIndexE
 .bss._ZN7TwoWire8txBufferE
                0x0080041a       0x20 Wire.o
                0x0080041a                _ZN7TwoWire8txBufferE
 .bss._ZN7TwoWire9txAddressE
                0x0080043a        0x1 Wire.o
                0x0080043a                _ZN7TwoWire9txAddressE
 .bss._ZN7TwoWire14rxBufferLengthE
                0x0080043b        0x1 Wire.o
                0x0080043b                _ZN7TwoWire14rxBufferLengthE
 .bss._ZN7TwoWire13rxBufferIndexE
                0x0080043c        0x1 Wire.o
                0x0080043c                _ZN7TwoWire13rxBufferIndexE
 .bss._ZN7TwoWire8rxBufferE
                0x0080043d       0x20 Wire.o
                0x0080043d                _ZN7TwoWire8rxBufferE
 .bss.SHT2x     0x0080045d        0x1 SHT2x.o
                0x0080045d                SHT2x
 .bss._ZN22RemoteAtCommandRequest18broadcastAddress64E
                0x0080045e        0x8 XBee.o
                0x0080045e                _ZN22RemoteAtCommandRequest18broadcastAddress64E
 .bss.wdtResetFlag
                0x00800466        0x1 gateway.o
                0x00800466                wdtResetFlag
 .bss.wdtResetCount
                0x00800467        0x1 gateway.o
                0x00800467                wdtResetCount
 .bss.buffer2   0x00800468       0x50 gateway.o
                0x00800468                buffer2
 .bss.buffer    0x008004b8       0x50 gateway.o
                0x008004b8                buffer
 .bss.missedResponseCount
                0x00800508        0x1 gateway.o
                0x00800508                missedResponseCount
 .bss.xbeeTimeoutErrors
                0x00800509        0x1 gateway.o
                0x00800509                xbeeTimeoutErrors
 .bss.xbeeCommErrors
                0x0080050a        0x1 gateway.o
                0x0080050a                xbeeCommErrors
 .bss.sensorCommErrors
                0x0080050b        0x1 gateway.o
                0x0080050b                sensorCommErrors
 .bss.loopCounter
                0x0080050c        0x1 gateway.o
                0x0080050c                loopCounter
 .bss.addr64    0x0080050d        0x8 gateway.o
                0x0080050d                addr64
 .bss.xbee      0x00800515      0x210 gateway.o
                0x00800515                xbee
 .bss.MPL115A2  0x00800725       0x17 MPL115A2.o
                0x00800725                MPL115A2
 .bss.RelayBrd  0x0080073c        0x1 RelayBrd.o
                0x0080073c                RelayBrd
 .bss.timer0_overflow_count
                0x0080073d        0x4 ../../Arduino_Core\libAtMega2560_3V3_core.a(wiring.c.o)
                0x0080073d                timer0_overflow_count
 .bss.timer0_millis
                0x00800741        0x4 ../../Arduino_Core\libAtMega2560_3V3_core.a(wiring.c.o)
                0x00800741                timer0_millis
 .bss.timer0_fract
                0x00800745        0x1 ../../Arduino_Core\libAtMega2560_3V3_core.a(wiring.c.o)
 .bss.rx_buffer
                0x00800746       0x44 ../../Arduino_Core\libAtMega2560_3V3_core.a(HardwareSerial.cpp.o)
                0x00800746                rx_buffer
 .bss.tx_buffer
                0x0080078a       0x44 ../../Arduino_Core\libAtMega2560_3V3_core.a(HardwareSerial.cpp.o)
                0x0080078a                tx_buffer
 .bss.rx_buffer1
                0x008007ce       0x44 ../../Arduino_Core\libAtMega2560_3V3_core.a(HardwareSerial.cpp.o)
                0x008007ce                rx_buffer1
 .bss.tx_buffer1
                0x00800812       0x44 ../../Arduino_Core\libAtMega2560_3V3_core.a(HardwareSerial.cpp.o)
                0x00800812                tx_buffer1
 .bss.rx_buffer2
                0x00800856       0x44 ../../Arduino_Core\libAtMega2560_3V3_core.a(HardwareSerial.cpp.o)
                0x00800856                rx_buffer2
 .bss.tx_buffer2
                0x0080089a       0x44 ../../Arduino_Core\libAtMega2560_3V3_core.a(HardwareSerial.cpp.o)
                0x0080089a                tx_buffer2
 .bss.rx_buffer3
                0x008008de       0x44 ../../Arduino_Core\libAtMega2560_3V3_core.a(HardwareSerial.cpp.o)
                0x008008de                rx_buffer3
 .bss.tx_buffer3
                0x00800922       0x44 ../../Arduino_Core\libAtMega2560_3V3_core.a(HardwareSerial.cpp.o)
                0x00800922                tx_buffer3
 .bss.Serial    0x00800966       0x1f ../../Arduino_Core\libAtMega2560_3V3_core.a(HardwareSerial.cpp.o)
                0x00800966                Serial
 .bss.Serial1   0x00800985       0x1f ../../Arduino_Core\libAtMega2560_3V3_core.a(HardwareSerial.cpp.o)
                0x00800985                Serial1
 .bss.Serial2   0x008009a4       0x1f ../../Arduino_Core\libAtMega2560_3V3_core.a(HardwareSerial.cpp.o)
                0x008009a4                Serial2
 .bss.Serial3   0x008009c3       0x1f ../../Arduino_Core\libAtMega2560_3V3_core.a(HardwareSerial.cpp.o)
                0x008009c3                Serial3
 *(COMMON)
 COMMON         0x008009e2        0x4 c:/program files (x86)/atmel/atmel toolchain/avr8 gcc/native/3.4.1056/avr8-gnu-toolchain/bin/../lib/gcc/avr/4.8.1/../../../../avr/lib/avr6\libc.a(malloc.o)
                0x008009e2                __brkval
                0x008009e4                __flp
                0x008009e6                PROVIDE (__bss_end, .)
                0x00003be8                __data_load_start = LOADADDR (.data)
                0x00003dda                __data_load_end = (__data_load_start + SIZEOF (.data))

.noinit         0x008009e6        0x0
                0x008009e6                PROVIDE (__noinit_start, .)
 *(.noinit*)
                0x008009e6                PROVIDE (__noinit_end, .)
                0x008009e6                _end = .
                0x008009e6                PROVIDE (__heap_start, .)

.eeprom         0x00810000        0x0
 *(.eeprom*)
                0x00810000                __eeprom_end = .

.fuse
 *(.fuse)
 *(.lfuse)
 *(.hfuse)
 *(.efuse)

.lock
 *(.lock*)

.signature
 *(.signature*)

.user_signatures
 *(.user_signatures*)

.stab
 *(.stab)

.stabstr
 *(.stabstr)

.stab.excl
 *(.stab.excl)

.stab.exclstr
 *(.stab.exclstr)

.stab.index
 *(.stab.index)

.stab.indexstr
 *(.stab.indexstr)

.comment        0x00000000       0x5c
 *(.comment)
 .comment       0x00000000       0x30 EEPROM.o
                                 0x31 (size before relaxing)
 .comment       0x00000000       0x31 twi.o
 .comment       0x00000000       0x31 Wire.o
 .comment       0x00000000       0x31 SHT2x.o
 .comment       0x00000000       0x31 XBee.o
 .comment       0x00000000       0x31 gateway.o
 .comment       0x00000000       0x31 MPL115A2.o
 .comment       0x00000000       0x31 RelayBrd.o
 .comment       0x00000000       0x31 c:/program files (x86)/atmel/atmel toolchain/avr8 gcc/native/3.4.1056/avr8-gnu-toolchain/bin/../lib/gcc/avr/4.8.1/../../../../avr/lib/avr6\libc.a(calloc.o)
 .comment       0x00000000       0x31 c:/program files (x86)/atmel/atmel toolchain/avr8 gcc/native/3.4.1056/avr8-gnu-toolchain/bin/../lib/gcc/avr/4.8.1/../../../../avr/lib/avr6\libc.a(malloc.o)
 .comment       0x00000000       0x31 c:/program files (x86)/atmel/atmel toolchain/avr8 gcc/native/3.4.1056/avr8-gnu-toolchain/bin/../lib/gcc/avr/4.8.1/../../../../avr/lib/avr6\libc.a(realloc.o)
 .comment       0x00000000       0x31 c:/program files (x86)/atmel/atmel toolchain/avr8 gcc/native/3.4.1056/avr8-gnu-toolchain/bin/../lib/gcc/avr/4.8.1/../../../../avr/lib/avr6\libc.a(strtok.o)
 .comment       0x00000000       0x31 c:/program files (x86)/atmel/atmel toolchain/avr8 gcc/native/3.4.1056/avr8-gnu-toolchain/bin/../lib/gcc/avr/4.8.1/../../../../avr/lib/avr6\libc.a(sprintf.o)
 .comment       0x00000030       0x2c c:/program files (x86)/atmel/atmel toolchain/avr8 gcc/native/3.4.1056/avr8-gnu-toolchain/bin/../lib/gcc/avr/4.8.1/../../../../avr/lib/avr6\libc.a(vfprintf_std.o)
                                 0x2d (size before relaxing)
 .comment       0x00000000       0x31 c:/program files (x86)/atmel/atmel toolchain/avr8 gcc/native/3.4.1056/avr8-gnu-toolchain/bin/../lib/gcc/avr/4.8.1/../../../../avr/lib/avr6\libc.a(fputc.o)

.note.gnu.build-id
 *(.note.gnu.build-id)

.debug
 *(.debug)

.line
 *(.line)

.debug_srcinfo
 *(.debug_srcinfo)

.debug_sfnames
 *(.debug_sfnames)

.debug_aranges  0x00000000      0x508
 *(.debug_aranges)
 .debug_aranges
                0x00000000       0x48 ../../Arduino_Core\libAtMega2560_3V3_core.a(wiring.c.o)
 .debug_aranges
                0x00000048       0x38 ../../Arduino_Core\libAtMega2560_3V3_core.a(wiring_digital.c.o)
 .debug_aranges
                0x00000080       0xd0 ../../Arduino_Core\libAtMega2560_3V3_core.a(HardwareSerial.cpp.o)
 .debug_aranges
                0x00000150       0x20 ../../Arduino_Core\libAtMega2560_3V3_core.a(main.cpp.o)
 .debug_aranges
                0x00000170       0x48 ../../Arduino_Core\libAtMega2560_3V3_core.a(new.cpp.o)
 .debug_aranges
                0x000001b8       0xf0 ../../Arduino_Core\libAtMega2560_3V3_core.a(Print.cpp.o)
 .debug_aranges
                0x000002a8      0x260 ../../Arduino_Core\libAtMega2560_3V3_core.a(WString.cpp.o)

.debug_pubnames
                0x00000000      0xc5e
 *(.debug_pubnames)
 .debug_pubnames
                0x00000000       0x8d ../../Arduino_Core\libAtMega2560_3V3_core.a(wiring.c.o)
 .debug_pubnames
                0x0000008d       0xda ../../Arduino_Core\libAtMega2560_3V3_core.a(wiring_digital.c.o)
 .debug_pubnames
                0x00000167      0x289 ../../Arduino_Core\libAtMega2560_3V3_core.a(HardwareSerial.cpp.o)
 .debug_pubnames
                0x000003f0       0x1b ../../Arduino_Core\libAtMega2560_3V3_core.a(main.cpp.o)
 .debug_pubnames
                0x0000040b       0x94 ../../Arduino_Core\libAtMega2560_3V3_core.a(new.cpp.o)
 .debug_pubnames
                0x0000049f      0x200 ../../Arduino_Core\libAtMega2560_3V3_core.a(Print.cpp.o)
 .debug_pubnames
                0x0000069f      0x5bf ../../Arduino_Core\libAtMega2560_3V3_core.a(WString.cpp.o)

.debug_info     0x00000000     0x5b23
 *(.debug_info .gnu.linkonce.wi.*)
 .debug_info    0x00000000      0x37a ../../Arduino_Core\libAtMega2560_3V3_core.a(wiring.c.o)
 .debug_info    0x0000037a      0x57f ../../Arduino_Core\libAtMega2560_3V3_core.a(wiring_digital.c.o)
 .debug_info    0x000008f9     0x1296 ../../Arduino_Core\libAtMega2560_3V3_core.a(HardwareSerial.cpp.o)
 .debug_info    0x00001b8f      0x1a9 ../../Arduino_Core\libAtMega2560_3V3_core.a(main.cpp.o)
 .debug_info    0x00001d38      0x13b ../../Arduino_Core\libAtMega2560_3V3_core.a(new.cpp.o)
 .debug_info    0x00001e73     0x1aeb ../../Arduino_Core\libAtMega2560_3V3_core.a(Print.cpp.o)
 .debug_info    0x0000395e     0x21c5 ../../Arduino_Core\libAtMega2560_3V3_core.a(WString.cpp.o)

.debug_abbrev   0x00000000      0xed3
 *(.debug_abbrev)
 .debug_abbrev  0x00000000      0x17d ../../Arduino_Core\libAtMega2560_3V3_core.a(wiring.c.o)
 .debug_abbrev  0x0000017d      0x167 ../../Arduino_Core\libAtMega2560_3V3_core.a(wiring_digital.c.o)
 .debug_abbrev  0x000002e4      0x41f ../../Arduino_Core\libAtMega2560_3V3_core.a(HardwareSerial.cpp.o)
 .debug_abbrev  0x00000703       0x7a ../../Arduino_Core\libAtMega2560_3V3_core.a(main.cpp.o)
 .debug_abbrev  0x0000077d       0xdd ../../Arduino_Core\libAtMega2560_3V3_core.a(new.cpp.o)
 .debug_abbrev  0x0000085a      0x336 ../../Arduino_Core\libAtMega2560_3V3_core.a(Print.cpp.o)
 .debug_abbrev  0x00000b90      0x343 ../../Arduino_Core\libAtMega2560_3V3_core.a(WString.cpp.o)

.debug_line     0x00000000     0x2ccf
 *(.debug_line .debug_line.* .debug_line_end)
 .debug_line    0x00000000      0x405 ../../Arduino_Core\libAtMega2560_3V3_core.a(wiring.c.o)
 .debug_line    0x00000405      0x30d ../../Arduino_Core\libAtMega2560_3V3_core.a(wiring_digital.c.o)
 .debug_line    0x00000712      0x9d2 ../../Arduino_Core\libAtMega2560_3V3_core.a(HardwareSerial.cpp.o)
 .debug_line    0x000010e4      0x16d ../../Arduino_Core\libAtMega2560_3V3_core.a(main.cpp.o)
 .debug_line    0x00001251      0x1dc ../../Arduino_Core\libAtMega2560_3V3_core.a(new.cpp.o)
 .debug_line    0x0000142d      0x740 ../../Arduino_Core\libAtMega2560_3V3_core.a(Print.cpp.o)
 .debug_line    0x00001b6d     0x1162 ../../Arduino_Core\libAtMega2560_3V3_core.a(WString.cpp.o)

.debug_frame    0x00000000      0x930
 *(.debug_frame)
 .debug_frame   0x00000000       0x70 ../../Arduino_Core\libAtMega2560_3V3_core.a(wiring.c.o)
 .debug_frame   0x00000070       0x50 ../../Arduino_Core\libAtMega2560_3V3_core.a(wiring_digital.c.o)
 .debug_frame   0x000000c0      0x180 ../../Arduino_Core\libAtMega2560_3V3_core.a(HardwareSerial.cpp.o)
 .debug_frame   0x00000240       0x20 ../../Arduino_Core\libAtMega2560_3V3_core.a(main.cpp.o)
 .debug_frame   0x00000260       0x70 ../../Arduino_Core\libAtMega2560_3V3_core.a(new.cpp.o)
 .debug_frame   0x000002d0      0x1c0 ../../Arduino_Core\libAtMega2560_3V3_core.a(Print.cpp.o)
 .debug_frame   0x00000490      0x4a0 ../../Arduino_Core\libAtMega2560_3V3_core.a(WString.cpp.o)

.debug_str      0x00000000     0x1627
 *(.debug_str)
 .debug_str     0x00000000      0x124 ../../Arduino_Core\libAtMega2560_3V3_core.a(wiring.c.o)
                                0x164 (size before relaxing)
 .debug_str     0x00000124      0x128 ../../Arduino_Core\libAtMega2560_3V3_core.a(wiring_digital.c.o)
                                0x1cf (size before relaxing)
 .debug_str     0x0000024c      0x5ea ../../Arduino_Core\libAtMega2560_3V3_core.a(HardwareSerial.cpp.o)
                                0x6e3 (size before relaxing)
 .debug_str     0x00000836       0x54 ../../Arduino_Core\libAtMega2560_3V3_core.a(main.cpp.o)
                                 0xf7 (size before relaxing)
 .debug_str     0x0000088a       0xcd ../../Arduino_Core\libAtMega2560_3V3_core.a(new.cpp.o)
                                0x10b (size before relaxing)
 .debug_str     0x00000957      0xaea ../../Arduino_Core\libAtMega2560_3V3_core.a(Print.cpp.o)
                                0xc0b (size before relaxing)
 .debug_str     0x00001441      0x1e6 ../../Arduino_Core\libAtMega2560_3V3_core.a(WString.cpp.o)
                                0x99d (size before relaxing)

.debug_loc      0x00000000     0x34da
 *(.debug_loc)
 .debug_loc     0x00000000      0x183 ../../Arduino_Core\libAtMega2560_3V3_core.a(wiring.c.o)
 .debug_loc     0x00000183      0x1f6 ../../Arduino_Core\libAtMega2560_3V3_core.a(wiring_digital.c.o)
 .debug_loc     0x00000379      0x454 ../../Arduino_Core\libAtMega2560_3V3_core.a(HardwareSerial.cpp.o)
 .debug_loc     0x000007cd       0x80 ../../Arduino_Core\libAtMega2560_3V3_core.a(new.cpp.o)
 .debug_loc     0x0000084d      0xd88 ../../Arduino_Core\libAtMega2560_3V3_core.a(Print.cpp.o)
 .debug_loc     0x000015d5     0x1f05 ../../Arduino_Core\libAtMega2560_3V3_core.a(WString.cpp.o)

.debug_macinfo
 *(.debug_macinfo)

.debug_weaknames
 *(.debug_weaknames)

.debug_funcnames
 *(.debug_funcnames)

.debug_typenames
 *(.debug_typenames)

.debug_varnames
 *(.debug_varnames)

.debug_pubtypes
 *(.debug_pubtypes)

.debug_ranges   0x00000000      0x4e8
 *(.debug_ranges)
 .debug_ranges  0x00000000       0x40 ../../Arduino_Core\libAtMega2560_3V3_core.a(wiring.c.o)
 .debug_ranges  0x00000040       0x30 ../../Arduino_Core\libAtMega2560_3V3_core.a(wiring_digital.c.o)
 .debug_ranges  0x00000070       0xc8 ../../Arduino_Core\libAtMega2560_3V3_core.a(HardwareSerial.cpp.o)
 .debug_ranges  0x00000138       0x18 ../../Arduino_Core\libAtMega2560_3V3_core.a(main.cpp.o)
 .debug_ranges  0x00000150       0x40 ../../Arduino_Core\libAtMega2560_3V3_core.a(new.cpp.o)
 .debug_ranges  0x00000190       0xe8 ../../Arduino_Core\libAtMega2560_3V3_core.a(Print.cpp.o)
 .debug_ranges  0x00000278      0x270 ../../Arduino_Core\libAtMega2560_3V3_core.a(WString.cpp.o)

.debug_macro
 *(.debug_macro)
OUTPUT(gateway.elf elf32-avr)
LOAD linker stubs
